Component: ARM Compiler 5.05 update 1 (build 106) Tool: armlink [4d0efa]

==============================================================================

Section Cross References

    startup_stm32f103xb.o(STACK) refers (Special) to heapauxi.o(.text) for __use_two_region_memory
    startup_stm32f103xb.o(HEAP) refers (Special) to heapauxi.o(.text) for __use_two_region_memory
    startup_stm32f103xb.o(RESET) refers (Special) to heapauxi.o(.text) for __use_two_region_memory
    startup_stm32f103xb.o(RESET) refers to startup_stm32f103xb.o(STACK) for __initial_sp
    startup_stm32f103xb.o(RESET) refers to startup_stm32f103xb.o(.text) for Reset_Handler
    startup_stm32f103xb.o(RESET) refers to stm32f1xx_it.o(i.NMI_Handler) for NMI_Handler
    startup_stm32f103xb.o(RESET) refers to stm32f1xx_it.o(i.HardFault_Handler) for HardFault_Handler
    startup_stm32f103xb.o(RESET) refers to stm32f1xx_it.o(i.MemManage_Handler) for MemManage_Handler
    startup_stm32f103xb.o(RESET) refers to stm32f1xx_it.o(i.BusFault_Handler) for BusFault_Handler
    startup_stm32f103xb.o(RESET) refers to stm32f1xx_it.o(i.UsageFault_Handler) for UsageFault_Handler
    startup_stm32f103xb.o(RESET) refers to stm32f1xx_it.o(i.SVC_Handler) for SVC_Handler
    startup_stm32f103xb.o(RESET) refers to stm32f1xx_it.o(i.DebugMon_Handler) for DebugMon_Handler
    startup_stm32f103xb.o(RESET) refers to stm32f1xx_it.o(i.PendSV_Handler) for PendSV_Handler
    startup_stm32f103xb.o(RESET) refers to stm32f1xx_it.o(i.SysTick_Handler) for SysTick_Handler
    startup_stm32f103xb.o(RESET) refers to stm32f1xx_it.o(i.DMA1_Channel1_IRQHandler) for DMA1_Channel1_IRQHandler
    startup_stm32f103xb.o(RESET) refers to stm32f1xx_it.o(i.DMA1_Channel4_IRQHandler) for DMA1_Channel4_IRQHandler
    startup_stm32f103xb.o(RESET) refers to stm32f1xx_it.o(i.DMA1_Channel5_IRQHandler) for DMA1_Channel5_IRQHandler
    startup_stm32f103xb.o(.text) refers (Special) to heapauxi.o(.text) for __use_two_region_memory
    startup_stm32f103xb.o(.text) refers to system_stm32f1xx.o(i.SystemInit) for SystemInit
    startup_stm32f103xb.o(.text) refers to __main.o(!!!main) for __main
    startup_stm32f103xb.o(.text) refers to startup_stm32f103xb.o(HEAP) for Heap_Mem
    startup_stm32f103xb.o(.text) refers to startup_stm32f103xb.o(STACK) for Stack_Mem
    main.o(i.MX_ADC1_Init) refers to stm32f1xx_hal_adc.o(i.HAL_ADC_Init) for HAL_ADC_Init
    main.o(i.MX_ADC1_Init) refers to main.o(i.Error_Handler) for Error_Handler
    main.o(i.MX_ADC1_Init) refers to stm32f1xx_hal_adc.o(i.HAL_ADC_ConfigChannel) for HAL_ADC_ConfigChannel
    main.o(i.MX_ADC1_Init) refers to main.o(.bss) for hadc1
    main.o(i.MX_DMA_Init) refers to stm32f1xx_hal_cortex.o(i.HAL_NVIC_SetPriority) for HAL_NVIC_SetPriority
    main.o(i.MX_DMA_Init) refers to stm32f1xx_hal_cortex.o(i.HAL_NVIC_EnableIRQ) for HAL_NVIC_EnableIRQ
    main.o(i.MX_GPIO_Init) refers to stm32f1xx_hal_gpio.o(i.HAL_GPIO_WritePin) for HAL_GPIO_WritePin
    main.o(i.MX_GPIO_Init) refers to stm32f1xx_hal_gpio.o(i.HAL_GPIO_Init) for HAL_GPIO_Init
    main.o(i.MX_SPI2_Init) refers to stm32f1xx_hal_spi.o(i.HAL_SPI_Init) for HAL_SPI_Init
    main.o(i.MX_SPI2_Init) refers to main.o(i.Error_Handler) for Error_Handler
    main.o(i.MX_SPI2_Init) refers to main.o(.bss) for hspi2
    main.o(i.MX_USART1_UART_Init) refers to stm32f1xx_hal_uart.o(i.HAL_UART_Init) for HAL_UART_Init
    main.o(i.MX_USART1_UART_Init) refers to main.o(i.Error_Handler) for Error_Handler
    main.o(i.MX_USART1_UART_Init) refers to main.o(.bss) for huart1
    main.o(i.SystemClock_Config) refers to rt_memclr_w.o(.text) for __aeabi_memclr4
    main.o(i.SystemClock_Config) refers to stm32f1xx_hal_rcc.o(i.HAL_RCC_OscConfig) for HAL_RCC_OscConfig
    main.o(i.SystemClock_Config) refers to main.o(i.Error_Handler) for Error_Handler
    main.o(i.SystemClock_Config) refers to stm32f1xx_hal_rcc.o(i.HAL_RCC_ClockConfig) for HAL_RCC_ClockConfig
    main.o(i.SystemClock_Config) refers to stm32f1xx_hal_rcc_ex.o(i.HAL_RCCEx_PeriphCLKConfig) for HAL_RCCEx_PeriphCLKConfig
    main.o(i.main) refers to stm32f1xx_hal.o(i.HAL_Init) for HAL_Init
    main.o(i.main) refers to main.o(i.SystemClock_Config) for SystemClock_Config
    main.o(i.main) refers to main.o(i.MX_GPIO_Init) for MX_GPIO_Init
    main.o(i.main) refers to main.o(i.MX_DMA_Init) for MX_DMA_Init
    main.o(i.main) refers to main.o(i.MX_SPI2_Init) for MX_SPI2_Init
    main.o(i.main) refers to main.o(i.MX_ADC1_Init) for MX_ADC1_Init
    main.o(i.main) refers to main.o(i.MX_USART1_UART_Init) for MX_USART1_UART_Init
    main.o(i.main) refers to joystick.o(i.JoyStick_Init) for JoyStick_Init
    main.o(i.main) refers to nrf24_spi_dma.o(i.NRF24_SPI_DMA_Init) for NRF24_SPI_DMA_Init
    main.o(i.main) refers to rc_controller.o(i.RC_Controller_Init) for RC_Controller_Init
    main.o(i.main) refers to rc_controller.o(i.RC_Controller_Update) for RC_Controller_Update
    main.o(i.main) refers to rc_controller.o(i.RC_Controller_Send_NB) for RC_Controller_Send_NB
[...]
    ../Drivers/STM32F1xx_HAL_Driver/Src/stm32f1xx_hal_flash.c 0x00000000   Number         0  stm32f1xx_hal_flash.o ABSOLUTE
    ../Drivers/STM32F1xx_HAL_Driver/Src/stm32f1xx_hal_flash_ex.c 0x00000000   Number         0  stm32f1xx_hal_flash_ex.o ABSOLUTE
    ../Drivers/STM32F1xx_HAL_Driver/Src/stm32f1xx_hal_gpio.c 0x00000000   Number         0  stm32f1xx_hal_gpio.o ABSOLUTE
    ../Drivers/STM32F1xx_HAL_Driver/Src/stm32f1xx_hal_gpio_ex.c 0x00000000   Number         0  stm32f1xx_hal_gpio_ex.o ABSOLUTE
    ../Drivers/STM32F1xx_HAL_Driver/Src/stm32f1xx_hal_pwr.c 0x00000000   Number         0  stm32f1xx_hal_pwr.o ABSOLUTE
    ../Drivers/STM32F1xx_HAL_Driver/Src/stm32f1xx_hal_rcc.c 0x00000000   Number         0  stm32f1xx_hal_rcc.o ABSOLUTE
    ../Drivers/STM32F1xx_HAL_Driver/Src/stm32f1xx_hal_rcc_ex.c 0x00000000   Number         0  stm32f1xx_hal_rcc_ex.o ABSOLUTE
    ../Drivers/STM32F1xx_HAL_Driver/Src/stm32f1xx_hal_spi.c 0x00000000   Number         0  stm32f1xx_hal_spi.o ABSOLUTE
    ../Drivers/STM32F1xx_HAL_Driver/Src/stm32f1xx_hal_uart.c 0x00000000   Number         0  stm32f1xx_hal_uart.o ABSOLUTE
    ../clib/angel/boardlib.s                 0x00000000   Number         0  boardinit3.o ABSOLUTE
    ../clib/angel/boardlib.s                 0x00000000   Number         0  boardinit2.o ABSOLUTE
    ../clib/angel/boardlib.s                 0x00000000   Number         0  boardinit1.o ABSOLUTE
    ../clib/angel/boardlib.s                 0x00000000   Number         0  boardshut.o ABSOLUTE
    ../clib/angel/handlers.s                 0x00000000   Number         0  __scatter_copy.o ABSOLUTE
    ../clib/angel/handlers.s                 0x00000000   Number         0  __scatter_zi.o ABSOLUTE
    ../clib/angel/kernel.s                   0x00000000   Number         0  __rtentry4.o ABSOLUTE
    ../clib/angel/kernel.s                   0x00000000   Number         0  rtexit.o ABSOLUTE
    ../clib/angel/kernel.s                   0x00000000   Number         0  rtexit2.o ABSOLUTE
    ../clib/angel/kernel.s                   0x00000000   Number         0  __rtentry.o ABSOLUTE
    ../clib/angel/kernel.s                   0x00000000   Number         0  __rtentry2.o ABSOLUTE
    ../clib/angel/rt.s                       0x00000000   Number         0  rt_raise.o ABSOLUTE
    ../clib/angel/scatter.s                  0x00000000   Number         0  __scatter.o ABSOLUTE
    ../clib/angel/startup.s                  0x00000000   Number         0  __main.o ABSOLUTE
    ../clib/angel/sys.s                      0x00000000   Number         0  sys_stackheap_outer.o ABSOLUTE
    ../clib/angel/sys.s                      0x00000000   Number         0  use_no_semi.o ABSOLUTE
    ../clib/angel/sys.s                      0x00000000   Number         0  indicate_semi.o ABSOLUTE
    ../clib/angel/sys.s                      0x00000000   Number         0  libspace.o ABSOLUTE
    ../clib/angel/sysapp.c                   0x00000000   Number         0  sys_command.o ABSOLUTE
    ../clib/angel/sysapp.c                   0x00000000   Number         0  sys_exit.o ABSOLUTE
    ../clib/angel/sysapp.c                   0x00000000   Number         0  sys_wrch.o ABSOLUTE
    ../clib/armsys.c                         0x00000000   Number         0  _get_argv_nomalloc.o ABSOLUTE
    ../clib/armsys.c                         0x00000000   Number         0  argv_veneer.o ABSOLUTE
    ../clib/armsys.c                         0x00000000   Number         0  no_argv.o ABSOLUTE
    ../clib/armsys.c                         0x00000000   Number         0  argv_veneer.o ABSOLUTE
    ../clib/heapalloc.c                      0x00000000   Number         0  hrguard.o ABSOLUTE
    ../clib/heapaux.c                        0x00000000   Number         0  heapauxi.o ABSOLUTE
    ../clib/libinit.s                        0x00000000   Number         0  libshutdown.o ABSOLUTE
    ../clib/libinit.s                        0x00000000   Number         0  libinit.o ABSOLUTE
    ../clib/libinit.s                        0x00000000   Number         0  libinit2.o ABSOLUTE
    ../clib/libinit.s                        0x00000000   Number         0  libshutdown2.o ABSOLUTE
    ../clib/longlong.s                       0x00000000   Number         0  llushr.o ABSOLUTE
    ../clib/memcpset.s                       0x00000000   Number         0  rt_memclr_w.o ABSOLUTE
    ../clib/memcpset.s                       0x00000000   Number         0  rt_memcpy_v6.o ABSOLUTE
    ../clib/memcpset.s                       0x00000000   Number         0  rt_memcpy_w.o ABSOLUTE
    ../clib/memcpset.s                       0x00000000   Number         0  rt_memclr.o ABSOLUTE
    ../clib/memcpset.s                       0x00000000   Number         0  aeabi_memset.o ABSOLUTE
    ../clib/signal.c                         0x00000000   Number         0  defsig_other.o ABSOLUTE
    ../clib/signal.c                         0x00000000   Number         0  defsig_rtmem_formal.o ABSOLUTE
    ../clib/signal.c                         0x00000000   Number         0  defsig_stak_inner.o ABSOLUTE
    ../clib/signal.c                         0x00000000   Number         0  defsig_pvfn_inner.o ABSOLUTE
    ../clib/signal.c                         0x00000000   Number         0  defsig_general.o ABSOLUTE
    ../clib/signal.c                         0x00000000   Number         0  defsig_rtred_inner.o ABSOLUTE
    ../clib/signal.c                         0x00000000   Number         0  defsig_fpe_inner.o ABSOLUTE
    ../clib/signal.c                         0x00000000   Number         0  defsig_abrt_inner.o ABSOLUTE
    ../clib/signal.c                         0x00000000   Number         0  defsig_cppl_inner.o ABSOLUTE
    ../clib/signal.c                         0x00000000   Number         0  __raise.o ABSOLUTE
    ../clib/signal.c                         0x00000000   Number         0  defsig_rtmem_inner.o ABSOLUTE
    ../clib/signal.c                         0x00000000   Number         0  defsig_exit.o ABSOLUTE
    ../clib/signal.c                         0x00000000   Number         0  defsig_segv_inner.o ABSOLUTE
    ../clib/signal.c                         0x00000000   Number         0  defsig_rtmem_outer.o ABSOLUTE
    ../clib/signal.s                         0x00000000   Number         0  defsig.o ABSOLUTE
    ../clib/stdlib.c                         0x00000000   Number         0  exit.o ABSOLUTE
    ../fplib/faddsub.s                       0x00000000   Number         0  faddsub_clz.o ABSOLUTE
    ../fplib/ffixu.s                         0x00000000   Number         0  ffixu.o ABSOLUTE
    ../fplib/fflt.s                          0x00000000   Number         0  fflt_clz.o ABSOLUTE
    ../fplib/fmul.s                          0x00000000   Number         0  fmul.o ABSOLUTE
    ../fplib/fnaninf.s                       0x00000000   Number         0  fnaninf.o ABSOLUTE
    ../fplib/fpinit.s                        0x00000000   Number         0  fpinit.o ABSOLUTE
    ../fplib/fretinf.s                       0x00000000   Number         0  fretinf.o ABSOLUTE
    ../fplib/usenofp.s                       0x00000000   Number         0  usenofp.o ABSOLUTE
    ..\Core\Src\main.c                       0x00000000   Number         0  main.o ABSOLUTE
    ..\Core\Src\stm32f1xx_hal_msp.c          0x00000000   Number         0  stm32f1xx_hal_msp.o ABSOLUTE
    ..\Core\Src\stm32f1xx_it.c               0x00000000   Number         0  stm32f1xx_it.o ABSOLUTE
    ..\Core\Src\system_stm32f1xx.c           0x00000000   Number         0  system_stm32f1xx.o ABSOLUTE
    ..\Drivers\STM32F1xx_HAL_Driver\Src\stm32f1xx_hal.c 0x00000000   Number         0  stm32f1xx_hal.o ABSOLUTE
    ..\Drivers\STM32F1xx_HAL_Driver\Src\stm32f1xx_hal_adc.c 0x00000000   Number         0  stm32f1xx_hal_adc.o ABSOLUTE
    ..\Drivers\STM32F1xx_HAL_Driver\Src\stm32f1xx_hal_adc_ex.c 0x00000000   Number         0  stm32f1xx_hal_adc_ex.o ABSOLUTE
    ..\Drivers\STM32F1xx_HAL_Driver\Src\stm32f1xx_hal_cortex.c 0x00000000   Number         0  stm32f1xx_hal_cortex.o ABSOLUTE
    ..\Drivers\STM32F1xx_HAL_Driver\Src\stm32f1xx_hal_dma.c 0x00000000   Number         0  stm32f1xx_hal_dma.o ABSOLUTE
    ..\Drivers\STM32F1xx_HAL_Driver\Src\stm32f1xx_hal_exti.c 0x00000000   Number         0  stm32f1xx_hal_exti.o ABSOLUTE
    ..\Drivers\STM32F1xx_HAL_Driver\Src\stm32f1xx_hal_flash.c 0x00000000   Number         0  stm32f1xx_hal_flash.o ABSOLUTE
    ..\Drivers\STM32F1xx_HAL_Driver\Src\stm32f1xx_hal_flash_ex.c 0x00000000   Number         0  stm32f1xx_hal_flash_ex.o ABSOLUTE
    ..\Drivers\STM32F1xx_HAL_Driver\Src\stm32f1xx_hal_gpio.c 0x00000000   Number         0  stm32f1xx_hal_gpio.o ABSOLUTE
    ..\Drivers\STM32F1xx_HAL_Driver\Src\stm32f1xx_hal_gpio_ex.c 0x00000000   Number         0  stm32f1xx_hal_gpio_ex.o ABSOLUTE
    ..\Drivers\STM32F1xx_HAL_Driver\Src\stm32f1xx_hal_pwr.c 0x00000000   Number         0  stm32f1xx_hal_pwr.o ABSOLUTE
    ..\Drivers\STM32F1xx_HAL_Driver\Src\stm32f1xx_hal_rcc.c 0x00000000   Number         0  stm32f1xx_hal_rcc.o ABSOLUTE
    ..\Drivers\STM32F1xx_HAL_Driver\Src\stm32f1xx_hal_rcc_ex.c 0x00000000   Number         0  stm32f1xx_hal_rcc_ex.o ABSOLUTE
    ..\Drivers\STM32F1xx_HAL_Driver\Src\stm32f1xx_hal_spi.c 0x00000000   Number         0  stm32f1xx_hal_spi.o ABSOLUTE
    ..\Drivers\STM32F1xx_HAL_Driver\Src\stm32f1xx_hal_uart.c 0x00000000   Number         0  stm32f1xx_hal_uart.o ABSOLUTE
    ..\JoyStick\joystick.c                   0x00000000   Number         0  joystick.o ABSOLUTE
    ..\Nrf24\nrf24_dma_driver.c              0x00000000   Number         0  nrf24_dma_driver.o ABSOLUTE
    ..\Nrf24\nrf24_spi_dma.c                 0x00000000   Number         0  nrf24_spi_dma.o ABSOLUTE
    ..\RcController\rc_controller.c          0x00000000   Number         0  rc_controller.o ABSOLUTE
    ..\\JoyStick\\joystick.c                 0x00000000   Number         0  joystick.o ABSOLUTE
    ..\\Nrf24\\nrf24_dma_driver.c            0x00000000   Number         0  nrf24_dma_driver.o ABSOLUTE
    ..\\Nrf24\\nrf24_spi_dma.c               0x00000000   Number         0  nrf24_spi_dma.o ABSOLUTE
    ..\\RcController\\rc_controller.c        0x00000000   Number         0  rc_controller.o ABSOLUTE
    ..\\debounce_button\\debounce.c          0x00000000   Number         0  debounce.o ABSOLUTE
    ..\debounce_button\debounce.c            0x00000000   Number         0  debounce.o ABSOLUTE
    dc.s                                     0x00000000   Number         0  dc.o ABSOLUTE
    startup_stm32f103xb.s                    0x00000000   Number         0  startup_stm32f103xb.o ABSOLUTE
    RESET                                    0x08000000   Section      236  startup_stm32f103xb.o(RESET)
    !!!main                                  0x080000ec   Section        8  __main.o(!!!main)
    !!!scatter                               0x080000f4   Section       52  __scatter.o(!!!scatter)
    !!handler_copy                           0x08000128   Section       26  __scatter_copy.o(!!handler_copy)
    !!handler_zi                             0x08000144   Section       28  __scatter_zi.o(!!handler_zi)
    .ARM.Collect$$libinit$$00000000          0x08000160   Section        2  libinit.o(.ARM.Collect$$libinit$$00000000)
    .ARM.Collect$$libinit$$00000002          0x08000162   Section        0  libinit2.o(.ARM.Collect$$libinit$$00000002)
    .ARM.Collect$$libinit$$00000004          0x08000162   Section        0  libinit2.o(.ARM.Collect$$libinit$$00000004)
    .ARM.Collect$$libinit$$0000000A          0x08000162   Section        0  libinit2.o(.ARM.Collect$$libinit$$0000000A)
    .ARM.Collect$$libinit$$0000000C          0x08000162   Section        0  libinit2.o(.ARM.Collect$$libinit$$0000000C)
    .ARM.Collect$$libinit$$0000000E          0x08000162   Section        0  libinit2.o(.ARM.Collect$$libinit$$0000000E)
    .ARM.Collect$$libinit$$00000011          0x08000162   Section        0  libinit2.o(.ARM.Collect$$libinit$$00000011)
    .ARM.Collect$$libinit$$00000013          0x08000162   Section        0  libinit2.o(.ARM.Collect$$libinit$$00000013)
    .ARM.Collect$$libinit$$00000015          0x08000162   Section        0  libinit2.o(.ARM.Collect$$libinit$$00000015)
    .ARM.Collect$$libinit$$00000017          0x08000162   Section        0  libinit2.o(.ARM.Collect$$libinit$$00000017)
    .ARM.Collect$$libinit$$00000019          0x08000162   Section        0  libinit2.o(.ARM.Collect$$libinit$$00000019)
    .ARM.Collect$$libinit$$0000001B          0x08000162   Section        0  libinit2.o(.ARM.Collect$$libinit$$0000001B)
    .ARM.Collect$$libinit$$0000001D          0x08000162   Section        0  libinit2.o(.ARM.Collect$$libinit$$0000001D)
    .ARM.Collect$$libinit$$0000001F          0x08000162   Section        0  libinit2.o(.ARM.Collect$$libinit$$0000001F)
    .ARM.Collect$$libinit$$00000021          0x08000162   Section        0  libinit2.o(.ARM.Collect$$libinit$$00000021)
    .ARM.Collect$$libinit$$00000023          0x08000162   Section        0  libinit2.o(.ARM.Collect$$libinit$$00000023)
    .ARM.Collect$$libinit$$00000025          0x08000162   Section        0  libinit2.o(.ARM.Collect$$libinit$$00000025)
    .ARM.Collect$$libinit$$0000002C          0x08000162   Section        0  libinit2.o(.ARM.Collect$$libinit$$0000002C)
    .ARM.Collect$$libinit$$0000002E          0x08000162   Section        0  libinit2.o(.ARM.Collect$$libinit$$0000002E)
    .ARM.Collect$$libinit$$00000030          0x08000162   Section        0  libinit2.o(.ARM.Collect$$libinit$$00000030)
    .ARM.Collect$$libinit$$00000032          0x08000162   Section        0  libinit2.o(.ARM.Collect$$libinit$$00000032)
    .ARM.Collect$$libinit$$00000033          0x08000162   Section        2  libinit2.o(.ARM.Collect$$libinit$$00000033)
    .ARM.Collect$$libshutdown$$00000000      0x08000164   Section        2  libshutdown.o(.ARM.Collect$$libshutdown$$00000000)
    .ARM.Collect$$libshutdown$$00000003      0x08000166   Section        0  libshutdown2.o(.ARM.Collect$$libshutdown$$00000003)
    .ARM.Collect$$libshutdown$$00000006      0x08000166   Section        0  libshutdown2.o(.ARM.Collect$$libshutdown$$00000006)
    .ARM.Collect$$libshutdown$$00000009      0x08000166   Section        0  libshutdown2.o(.ARM.Collect$$libshutdown$$00000009)
    .ARM.Collect$$libshutdown$$0000000B      0x08000166   Section        0  libshutdown2.o(.ARM.Collect$$libshutdown$$0000000B)
    .ARM.Collect$$libshutdown$$0000000E      0x08000166   Section        0  libshutdown2.o(.ARM.Collect$$libshutdown$$0000000E)
    .ARM.Collect$$libshutdown$$0000000F      0x08000166   Section        2  libshutdown2.o(.ARM.Collect$$libshutdown$$0000000F)
    .ARM.Collect$$rtentry$$00000000          0x08000168   Section        0  __rtentry.o(.ARM.Collect$$rtentry$$00000000)
    .ARM.Collect$$rtentry$$00000002          0x08000168   Section        0  __rtentry2.o(.ARM.Collect$$rtentry$$00000002)
    .ARM.Collect$$rtentry$$00000004          0x08000168   Section        6  __rtentry4.o(.ARM.Collect$$rtentry$$00000004)
    .ARM.Collect$$rtentry$$00000009          0x0800016e   Section        0  __rtentry2.o(.ARM.Collect$$rtentry$$00000009)
    .ARM.Collect$$rtentry$$0000000A          0x0800016e   Section        4  __rtentry2.o(.ARM.Collect$$rtentry$$0000000A)
    .ARM.Collect$$rtentry$$0000000C          0x08000172   Section        0  __rtentry2.o(.ARM.Collect$$rtentry$$0000000C)
    .ARM.Collect$$rtentry$$0000000D          0x08000172   Section        8  __rtentry2.o(.ARM.Collect$$rtentry$$0000000D)
    .ARM.Collect$$rtexit$$00000000           0x0800017a   Section        2  rtexit.o(.ARM.Collect$$rtexit$$00000000)
    .ARM.Collect$$rtexit$$00000002           0x0800017c   Section        0  rtexit2.o(.ARM.Collect$$rtexit$$00000002)
    .ARM.Collect$$rtexit$$00000003           0x0800017c   Section        4  rtexit2.o(.ARM.Collect$$rtexit$$00000003)
    .ARM.Collect$$rtexit$$00000004           0x08000180   Section        6  rtexit2.o(.ARM.Collect$$rtexit$$00000004)
    .text                                    0x08000188   Section       64  startup_stm32f103xb.o(.text)
    .text                                    0x080001c8   Section      138  rt_memcpy_v6.o(.text)
    .text                                    0x08000252   Section       16  aeabi_memset.o(.text)
    .text                                    0x08000262   Section       78  rt_memclr_w.o(.text)
    .text                                    0x080002b0   Section        0  heapauxi.o(.text)
    .text                                    0x080002b6   Section      100  rt_memcpy_w.o(.text)
    .text                                    0x0800031a   Section       68  rt_memclr.o(.text)
    .text                                    0x0800035e   Section       74  sys_stackheap_outer.o(.text)
    .text                                    0x080003a8   Section        0  exit.o(.text)
    .text                                    0x080003b4   Section        8  libspace.o(.text)
    .text                                    0x080003bc   Section        0  sys_exit.o(.text)
    .text                                    0x080003c8   Section        2  use_no_semi.o(.text)
    .text                                    0x080003ca   Section        0  indicate_semi.o(.text)
    i.ADC_ChannelToIndex                     0x080003cc   Section        0  joystick.o(i.ADC_ChannelToIndex)
    ADC_ChannelToIndex                       0x080003cd   Thumb Code    28  joystick.o(i.ADC_ChannelToIndex)
    i.ADC_ConversionStop_Disable             0x080003ec   Section        0  stm32f1xx_hal_adc.o(i.ADC_ConversionStop_Disable)
    i.ADC_DMAConvCplt                        0x08000448   Section        0  stm32f1xx_hal_adc.o(i.ADC_DMAConvCplt)
    i.ADC_DMAError                           0x0800049a   Section        0  stm32f1xx_hal_adc.o(i.ADC_DMAError)
    i.ADC_DMAHalfConvCplt                    0x080004b8   Section        0  stm32f1xx_hal_adc.o(i.ADC_DMAHalfConvCplt)
    i.ADC_Enable                             0x080004c8   Section        0  stm32f1xx_hal_adc.o(i.ADC_Enable)
    i.BusFault_Handler                       0x08000558   Section        0  stm32f1xx_it.o(i.BusFault_Handler)
    i.DMA1_Channel1_IRQHandler               0x0800055c   Section        0  stm32f1xx_it.o(i.DMA1_Channel1_IRQHandler)
    i.DMA1_Channel4_IRQHandler               0x0800056c   Section        0  stm32f1xx_it.o(i.DMA1_Channel4_IRQHandler)
    i.DMA1_Channel5_IRQHandler               0x0800057c   Section        0  stm32f1xx_it.o(i.DMA1_Channel5_IRQHandler)
    i.DMA_SetConfig                          0x0800058c   Section        0  stm32f1xx_hal_dma.o(i.DMA_SetConfig)
    DMA_SetConfig                            0x0800058d   Thumb Code    44  stm32f1xx_hal_dma.o(i.DMA_SetConfig)
    i.Debounce_IsPressedEdge                 0x080005b8   Section        0  debounce.o(i.Debounce_IsPressedEdge)
    i.Debounce_Update                        0x080005cc   Section        0  debounce.o(i.Debounce_Update)
    i.DebugMon_Handler                       0x080005f4   Section        0  stm32f1xx_it.o(i.DebugMon_Handler)
    i.Error_Handler                          0x080005f6   Section        0  main.o(i.Error_Handler)
    i.HAL_ADCEx_Calibration_Start            0x080005fc   Section        0  stm32f1xx_hal_adc_ex.o(i.HAL_ADCEx_Calibration_Start)
    i.HAL_ADC_ConfigChannel                  0x08000718   Section        0  stm32f1xx_hal_adc.o(i.HAL_ADC_ConfigChannel)
    i.HAL_ADC_ConvCpltCallback               0x08000878   Section        0  stm32f1xx_hal_adc.o(i.HAL_ADC_ConvCpltCallback)
    i.HAL_ADC_ConvHalfCpltCallback           0x0800087a   Section        0  stm32f1xx_hal_adc.o(i.HAL_ADC_ConvHalfCpltCallback)
    i.HAL_ADC_ErrorCallback                  0x0800087c   Section        0  stm32f1xx_hal_adc.o(i.HAL_ADC_ErrorCallback)
    i.HAL_ADC_Init                           0x08000880   Section        0  stm32f1xx_hal_adc.o(i.HAL_ADC_Init)
    i.HAL_ADC_MspInit                        0x080009c4   Section        0  stm32f1xx_hal_msp.o(i.HAL_ADC_MspInit)
    i.HAL_ADC_Start_DMA                      0x08000aa0   Section        0  stm32f1xx_hal_adc.o(i.HAL_ADC_Start_DMA)
    i.HAL_DMA_Abort                          0x08000c20   Section        0  stm32f1xx_hal_dma.o(i.HAL_DMA_Abort)
    i.HAL_DMA_IRQHandler                     0x08000c78   Section        0  stm32f1xx_hal_dma.o(i.HAL_DMA_IRQHandler)
    i.HAL_DMA_Init                           0x08000e14   Section        0  stm32f1xx_hal_dma.o(i.HAL_DMA_Init)
    i.HAL_DMA_Start_IT                       0x08000e7c   Section        0  stm32f1xx_hal_dma.o(i.HAL_DMA_Start_IT)
    i.HAL_Delay                              0x08000f18   Section        0  stm32f1xx_hal.o(i.HAL_Delay)
    i.HAL_GPIO_Init                          0x08000f40   Section        0  stm32f1xx_hal_gpio.o(i.HAL_GPIO_Init)
    i.HAL_GPIO_ReadPin                       0x08001260   Section        0  stm32f1xx_hal_gpio.o(i.HAL_GPIO_ReadPin)
    i.HAL_GPIO_WritePin                      0x08001270   Section        0  stm32f1xx_hal_gpio.o(i.HAL_GPIO_WritePin)
    i.HAL_GetTick                            0x0800127c   Section        0  stm32f1xx_hal.o(i.HAL_GetTick)
    i.HAL_IncTick                            0x08001288   Section        0  stm32f1xx_hal.o(i.HAL_IncTick)
    i.HAL_Init                               0x080012a0   Section        0  stm32f1xx_hal.o(i.HAL_Init)
    i.HAL_InitTick                           0x080012c8   Section        0  stm32f1xx_hal.o(i.HAL_InitTick)
    i.HAL_MspInit                            0x08001314   Section        0  stm32f1xx_hal_msp.o(i.HAL_MspInit)
    i.HAL_NVIC_EnableIRQ                     0x08001368   Section        0  stm32f1xx_hal_cortex.o(i.HAL_NVIC_EnableIRQ)
    i.HAL_NVIC_SetPriority                   0x08001388   Section        0  stm32f1xx_hal_cortex.o(i.HAL_NVIC_SetPriority)
    i.HAL_NVIC_SetPriorityGrouping           0x08001404   Section        0  stm32f1xx_hal_cortex.o(i.HAL_NVIC_SetPriorityGrouping)
    i.HAL_RCCEx_GetPeriphCLKFreq             0x0800142c   Section        0  stm32f1xx_hal_rcc_ex.o(i.HAL_RCCEx_GetPeriphCLKFreq)
    i.HAL_RCCEx_PeriphCLKConfig              0x08001528   Section        0  stm32f1xx_hal_rcc_ex.o(i.HAL_RCCEx_PeriphCLKConfig)
    i.HAL_RCC_ClockConfig                    0x08001658   Section        0  stm32f1xx_hal_rcc.o(i.HAL_RCC_ClockConfig)
    i.HAL_RCC_GetHCLKFreq                    0x080017e4   Section        0  stm32f1xx_hal_rcc.o(i.HAL_RCC_GetHCLKFreq)
    i.HAL_RCC_GetPCLK1Freq                   0x080017f0   Section        0  stm32f1xx_hal_rcc.o(i.HAL_RCC_GetPCLK1Freq)
    i.HAL_RCC_GetPCLK2Freq                   0x08001810   Section        0  stm32f1xx_hal_rcc.o(i.HAL_RCC_GetPCLK2Freq)
    i.HAL_RCC_GetSysClockFreq                0x08001830   Section        0  stm32f1xx_hal_rcc.o(i.HAL_RCC_GetSysClockFreq)
    i.HAL_RCC_OscConfig                      0x080018a0   Section        0  stm32f1xx_hal_rcc.o(i.HAL_RCC_OscConfig)
    i.HAL_SPI_Abort                          0x08001d04   Section        0  stm32f1xx_hal_spi.o(i.HAL_SPI_Abort)
    i.HAL_SPI_ErrorCallback                  0x08001e60   Section        0  nrf24_spi_dma.o(i.HAL_SPI_ErrorCallback)
    i.HAL_SPI_Init                           0x08001e78   Section        0  stm32f1xx_hal_spi.o(i.HAL_SPI_Init)
    i.HAL_SPI_MspInit                        0x08001f38   Section        0  stm32f1xx_hal_msp.o(i.HAL_SPI_MspInit)
    i.HAL_SPI_RxCpltCallback                 0x08002034   Section        0  stm32f1xx_hal_spi.o(i.HAL_SPI_RxCpltCallback)
    i.HAL_SPI_RxHalfCpltCallback             0x08002036   Section        0  stm32f1xx_hal_spi.o(i.HAL_SPI_RxHalfCpltCallback)
    i.HAL_SPI_TransmitReceive_DMA            0x08002038   Section        0  stm32f1xx_hal_spi.o(i.HAL_SPI_TransmitReceive_DMA)
    i.HAL_SPI_TxRxCpltCallback               0x0800219c   Section        0  nrf24_spi_dma.o(i.HAL_SPI_TxRxCpltCallback)
    i.HAL_SPI_TxRxHalfCpltCallback           0x080021b4   Section        0  stm32f1xx_hal_spi.o(i.HAL_SPI_TxRxHalfCpltCallback)
    i.HAL_SYSTICK_Config                     0x080021b6   Section        0  stm32f1xx_hal_cortex.o(i.HAL_SYSTICK_Config)
    i.HAL_UART_Init                          0x080021ea   Section        0  stm32f1xx_hal_uart.o(i.HAL_UART_Init)
    i.HAL_UART_MspInit                       0x08002260   Section        0  stm32f1xx_hal_msp.o(i.HAL_UART_MspInit)
    i.HAL_UART_Transmit                      0x080022fc   Section        0  stm32f1xx_hal_uart.o(i.HAL_UART_Transmit)
    i.HardFault_Handler                      0x080023ba   Section        0  stm32f1xx_it.o(i.HardFault_Handler)
    i.JoyStick_Init                          0x080023c0   Section        0  joystick.o(i.JoyStick_Init)
    i.JoyStick_Read                          0x08002458   Section        0  joystick.o(i.JoyStick_Read)
    i.Joy_Left_Pressed                       0x08002578   Section        0  rc_controller.o(i.Joy_Left_Pressed)
    i.MX_ADC1_Init                           0x08002588   Section        0  main.o(i.MX_ADC1_Init)
    MX_ADC1_Init                             0x08002589   Thumb Code   108  main.o(i.MX_ADC1_Init)
    i.MX_DMA_Init                            0x080025fc   Section        0  main.o(i.MX_DMA_Init)
    MX_DMA_Init                              0x080025fd   Thumb Code    80  main.o(i.MX_DMA_Init)
    i.MX_GPIO_Init                           0x08002650   Section        0  main.o(i.MX_GPIO_Init)
    MX_GPIO_Init                             0x08002651   Thumb Code   238  main.o(i.MX_GPIO_Init)
    i.MX_SPI2_Init                           0x08002750   Section        0  main.o(i.MX_SPI2_Init)
    MX_SPI2_Init                             0x08002751   Thumb Code    58  main.o(i.MX_SPI2_Init)
    i.MX_USART1_UART_Init                    0x08002794   Section        0  main.o(i.MX_USART1_UART_Init)
    MX_USART1_UART_Init                      0x08002795   Thumb Code    46  main.o(i.MX_USART1_UART_Init)
    i.MemManage_Handler                      0x080027cc   Section        0  stm32f1xx_it.o(i.MemManage_Handler)
    i.NMI_Handler                            0x080027d0   Section        0  stm32f1xx_it.o(i.NMI_Handler)
    i.NRF24_SPI_DMA_Init                     0x080027d4   Section        0  nrf24_spi_dma.o(i.NRF24_SPI_DMA_Init)
    i.PendSV_Handler                         0x080027f0   Section        0  stm32f1xx_it.o(i.PendSV_Handler)
    i.RCC_Delay                              0x080027f4   Section        0  stm32f1xx_hal_rcc.o(i.RCC_Delay)
    RCC_Delay                                0x080027f5   Thumb Code    36  stm32f1xx_hal_rcc.o(i.RCC_Delay)
    i.RC_Controller_Init                     0x0800281c   Section        0  rc_controller.o(i.RC_Controller_Init)
    i.RC_Controller_Send_NB                  0x08002844   Section        0  rc_controller.o(i.RC_Controller_Send_NB)
    i.RC_Controller_Update                   0x080028b0   Section        0  rc_controller.o(i.RC_Controller_Update)
    i.Read_LineSensors                       0x08002940   Section        0  rc_controller.o(i.Read_LineSensors)
    Read_LineSensors                         0x08002941   Thumb Code     4  rc_controller.o(i.Read_LineSensors)
    i.SPI_AbortRx_ISR                        0x08002944   Section        0  stm32f1xx_hal_spi.o(i.SPI_AbortRx_ISR)
    SPI_AbortRx_ISR                          0x08002945   Thumb Code   106  stm32f1xx_hal_spi.o(i.SPI_AbortRx_ISR)
    i.SPI_AbortTx_ISR                        0x080029b4   Section        0  stm32f1xx_hal_spi.o(i.SPI_AbortTx_ISR)
    SPI_AbortTx_ISR                          0x080029b5   Thumb Code    32  stm32f1xx_hal_spi.o(i.SPI_AbortTx_ISR)
    i.SPI_DMAError                           0x080029d4   Section        0  stm32f1xx_hal_spi.o(i.SPI_DMAError)
    SPI_DMAError                             0x080029d5   Thumb Code    40  stm32f1xx_hal_spi.o(i.SPI_DMAError)
    i.SPI_DMAHalfReceiveCplt                 0x080029fc   Section        0  stm32f1xx_hal_spi.o(i.SPI_DMAHalfReceiveCplt)
    SPI_DMAHalfReceiveCplt                   0x080029fd   Thumb Code    14  stm32f1xx_hal_spi.o(i.SPI_DMAHalfReceiveCplt)
    i.SPI_DMAHalfTransmitReceiveCplt         0x08002a0a   Section        0  stm32f1xx_hal_spi.o(i.SPI_DMAHalfTransmitReceiveCplt)
    SPI_DMAHalfTransmitReceiveCplt           0x08002a0b   Thumb Code    14  stm32f1xx_hal_spi.o(i.SPI_DMAHalfTransmitReceiveCplt)
    i.SPI_DMAReceiveCplt                     0x08002a18   Section        0  stm32f1xx_hal_spi.o(i.SPI_DMAReceiveCplt)
    SPI_DMAReceiveCplt                       0x08002a19   Thumb Code   122  stm32f1xx_hal_spi.o(i.SPI_DMAReceiveCplt)
    i.SPI_DMATransmitReceiveCplt             0x08002a92   Section        0  stm32f1xx_hal_spi.o(i.SPI_DMATransmitReceiveCplt)
    SPI_DMATransmitReceiveCplt               0x08002a93   Thumb Code   102  stm32f1xx_hal_spi.o(i.SPI_DMATransmitReceiveCplt)
    i.SPI_EndRxTransaction                   0x08002af8   Section        0  stm32f1xx_hal_spi.o(i.SPI_EndRxTransaction)
    SPI_EndRxTransaction                     0x08002af9   Thumb Code   120  stm32f1xx_hal_spi.o(i.SPI_EndRxTransaction)
    i.SPI_EndRxTxTransaction                 0x08002b70   Section        0  stm32f1xx_hal_spi.o(i.SPI_EndRxTxTransaction)
    SPI_EndRxTxTransaction                   0x08002b71   Thumb Code    68  stm32f1xx_hal_spi.o(i.SPI_EndRxTxTransaction)
    i.SPI_WaitFlagStateUntilTimeout          0x08002bb4   Section        0  stm32f1xx_hal_spi.o(i.SPI_WaitFlagStateUntilTimeout)
    SPI_WaitFlagStateUntilTimeout            0x08002bb5   Thumb Code   210  stm32f1xx_hal_spi.o(i.SPI_WaitFlagStateUntilTimeout)
    i.SVC_Handler                            0x08002c8c   Section        0  stm32f1xx_it.o(i.SVC_Handler)
    i.SysTick_Handler                        0x08002c8e   Section        0  stm32f1xx_it.o(i.SysTick_Handler)
    i.SystemClock_Config                     0x08002c96   Section        0  main.o(i.SystemClock_Config)
    i.SystemInit                             0x08002d1a   Section        0  system_stm32f1xx.o(i.SystemInit)
    i.Toggle_MainMode                        0x08002d1c   Section        0  rc_controller.o(i.Toggle_MainMode)
    Toggle_MainMode                          0x08002d1d   Thumb Code    26  rc_controller.o(i.Toggle_MainMode)
    i.Toggle_SubMode                         0x08002d40   Section        0  rc_controller.o(i.Toggle_SubMode)
    Toggle_SubMode                           0x08002d41   Thumb Code    26  rc_controller.o(i.Toggle_SubMode)
    i.UART_EndRxTransfer                     0x08002d64   Section        0  stm32f1xx_hal_uart.o(i.UART_EndRxTransfer)
    UART_EndRxTransfer                       0x08002d65   Thumb Code   108  stm32f1xx_hal_uart.o(i.UART_EndRxTransfer)
    i.UART_SetConfig                         0x08002dd0   Section        0  stm32f1xx_hal_uart.o(i.UART_SetConfig)
    UART_SetConfig                           0x08002dd1   Thumb Code   248  stm32f1xx_hal_uart.o(i.UART_SetConfig)
    i.UART_WaitOnFlagUntilTimeout            0x08002ecc   Section        0  stm32f1xx_hal_uart.o(i.UART_WaitOnFlagUntilTimeout)
    UART_WaitOnFlagUntilTimeout              0x08002ecd   Thumb Code   140  stm32f1xx_hal_uart.o(i.UART_WaitOnFlagUntilTimeout)
    i.UsageFault_Handler                     0x08002f58   Section        0  stm32f1xx_it.o(i.UsageFault_Handler)
    i.__NVIC_GetPriorityGrouping             0x08002f5c   Section        0  stm32f1xx_hal_cortex.o(i.__NVIC_GetPriorityGrouping)
    __NVIC_GetPriorityGrouping               0x08002f5d   Thumb Code    10  stm32f1xx_hal_cortex.o(i.__NVIC_GetPriorityGrouping)
    i.__NVIC_SetPriority                     0x08002f6c   Section        0  stm32f1xx_hal_cortex.o(i.__NVIC_SetPriority)
    __NVIC_SetPriority                       0x08002f6d   Thumb Code    32  stm32f1xx_hal_cortex.o(i.__NVIC_SetPriority)
    i.ce_high                                0x08002f94   Section        0  nrf24_dma_driver.o(i.ce_high)
    ce_high                                  0x08002f95   Thumb Code    14  nrf24_dma_driver.o(i.ce_high)
    i.ce_low                                 0x08002fa8   Section        0  nrf24_dma_driver.o(i.ce_low)
    ce_low                                   0x08002fa9   Thumb Code    16  nrf24_dma_driver.o(i.ce_low)
    i.csn_high                               0x08002fbc   Section        0  nrf24_dma_driver.o(i.csn_high)
    csn_high                                 0x08002fbd   Thumb Code    14  nrf24_dma_driver.o(i.csn_high)
    i.csn_low                                0x08002fd0   Section        0  nrf24_dma_driver.o(i.csn_low)
    csn_low                                  0x08002fd1   Thumb Code    16  nrf24_dma_driver.o(i.csn_low)
    i.main                                   0x08002fe4   Section        0  main.o(i.main)
    i.nrf24_ce_pulse                         0x080030a4   Section        0  nrf24_dma_driver.o(i.nrf24_ce_pulse)
    i.nrf24_flush_tx                         0x08003108   Section        0  nrf24_dma_driver.o(i.nrf24_flush_tx)
    i.nrf24_get_status                       0x0800312c   Section        0  nrf24_dma_driver.o(i.nrf24_get_status)
    i.nrf24_read_reg_byte                    0x0800315c   Section        0  nrf24_dma_driver.o(i.nrf24_read_reg_byte)
    i.nrf24_read_register                    0x0800316e   Section        0  nrf24_dma_driver.o(i.nrf24_read_register)
    i.nrf24_send_frame_blocking              0x080031c2   Section        0  nrf24_dma_driver.o(i.nrf24_send_frame_blocking)
    i.nrf24_spi_dma_busy                     0x08003220   Section        0  nrf24_spi_dma.o(i.nrf24_spi_dma_busy)
    i.nrf24_spi_dma_complete_cb              0x08003234   Section        0  nrf24_spi_dma.o(i.nrf24_spi_dma_complete_cb)
    i.nrf24_spi_transfer_dma                 0x08003240   Section        0  nrf24_spi_dma.o(i.nrf24_spi_transfer_dma)
    i.nrf24_wait_tx_done                     0x08003314   Section        0  nrf24_dma_driver.o(i.nrf24_wait_tx_done)
    i.nrf24_write_reg_byte                   0x08003388   Section        0  nrf24_dma_driver.o(i.nrf24_write_reg_byte)
    i.nrf24_write_register                   0x08003398   Section        0  nrf24_dma_driver.o(i.nrf24_write_register)
    i.nrf24_write_tx_payload_dma             0x080033e2   Section        0  nrf24_dma_driver.o(i.nrf24_write_tx_payload_dma)
    x$fpl$fadd                               0x08003434   Section      196  faddsub_clz.o(x$fpl$fadd)
    _fadd1                                   0x08003443   Thumb Code     0  faddsub_clz.o(x$fpl$fadd)
    x$fpl$ffixu                              0x080034f8   Section       62  ffixu.o(x$fpl$ffixu)
    x$fpl$ffltu                              0x08003538   Section       38  fflt_clz.o(x$fpl$ffltu)
    x$fpl$fmul                               0x08003560   Section      258  fmul.o(x$fpl$fmul)
    x$fpl$fnaninf                            0x08003662   Section      140  fnaninf.o(x$fpl$fnaninf)
    x$fpl$fretinf                            0x080036ee   Section       10  fretinf.o(x$fpl$fretinf)
    x$fpl$fsub                               0x080036f8   Section      234  faddsub_clz.o(x$fpl$fsub)
    _fsub1                                   0x08003707   Thumb Code     0  faddsub_clz.o(x$fpl$fsub)
    .constdata                               0x080037e2   Section       18  stm32f1xx_hal_rcc.o(.constdata)
    x$fpl$usenofp                            0x080037e2   Section        0  usenofp.o(x$fpl$usenofp)
    aPLLMULFactorTable                       0x080037e2   Data          16  stm32f1xx_hal_rcc.o(.constdata)
    aPredivFactorTable                       0x080037f2   Data           2  stm32f1xx_hal_rcc.o(.constdata)
    .constdata                               0x080037f4   Section       18  stm32f1xx_hal_rcc_ex.o(.constdata)
    aPLLMULFactorTable                       0x080037f4   Data          16  stm32f1xx_hal_rcc_ex.o(.constdata)
    aPredivFactorTable                       0x08003804   Data           2  stm32f1xx_hal_rcc_ex.o(.constdata)
    .constdata                               0x08003806   Section       24  system_stm32f1xx.o(.constdata)
    .constdata                               0x08003820   Section       32  joystick.o(.constdata)
    .data                                    0x20000000   Section        9  stm32f1xx_hal.o(.data)
    .data                                    0x2000000c   Section        4  system_stm32f1xx.o(.data)
    .data                                    0x20000010   Section       29  joystick.o(.data)
    adc_buffer                               0x20000010   Data           4  joystick.o(.data)
    adc_filtered                             0x20000014   Data           8  joystick.o(.data)
    debug_read_count                         0x2000001c   Data           8  joystick.o(.data)
    debug_last_value                         0x20000024   Data           8  joystick.o(.data)
    debug_last_error                         0x2000002c   Data           1  joystick.o(.data)
    .data                                    0x2000002d   Section        3  rc_controller.o(.data)
    main_mode                                0x2000002d   Data           1  rc_controller.o(.data)
    sub_mode                                 0x2000002e   Data           1  rc_controller.o(.data)
    rc_tx_status                             0x2000002f   Data           1  rc_controller.o(.data)
    .data                                    0x20000030   Section        5  nrf24_spi_dma.o(.data)
    nrf_hspi                                 0x20000030   Data           4  nrf24_spi_dma.o(.data)
    spi_dma_done_flag                        0x20000034   Data           1  nrf24_spi_dma.o(.data)
    .bss                                     0x20000038   Section      512  main.o(.bss)
    .bss                                     0x20000238   Section       44  rc_controller.o(.bss)
    .bss                                     0x20000264   Section      512  nrf24_spi_dma.o(.bss)
    tx_dummy                                 0x20000264   Data         256  nrf24_spi_dma.o(.bss)
    rx_dummy                                 0x20000364   Data         256  nrf24_spi_dma.o(.bss)
    .bss                                     0x20000464   Section       96  libspace.o(.bss)
    HEAP                                     0x200004c8   Section      512  startup_stm32f103xb.o(HEAP)
    Heap_Mem                                 0x200004c8   Data         512  startup_stm32f103xb.o(HEAP)
    STACK                                    0x200006c8   Section     1024  startup_stm32f103xb.o(STACK)
    Stack_Mem                                0x200006c8   Data        1024  startup_stm32f103xb.o(STACK)
    __initial_sp                             0x20000ac8   Data           0  startup_stm32f103xb.o(STACK)

    Global Symbols

    Symbol Name                              Value     Ov Type        Size  Object(Section)

    BuildAttributes$$THM_ISAv4$P$D$K$B$S$PE$A:L22UL41UL21$X:L11$S22US41US21$IEEE1$IW$USESV6$~STKCKD$USESV7$~SHL$OSPACE$ROPI$EBA8$UX$STANDARDLIB$REQ8$PRES8$EABIv2 0x00000000   Number         0  anon$$obj.o ABSOLUTE
    __ARM_use_no_argv                        0x00000000   Number         0  main.o ABSOLUTE
    __ARM_exceptions_init                     - Undefined Weak Reference
    __alloca_initialize                       - Undefined Weak Reference
    __arm_preinit_                            - Undefined Weak Reference
    __cpp_initialize__aeabi_                  - Undefined Weak Reference
    __cxa_finalize                            - Undefined Weak Reference
    __rt_locale                               - Undefined Weak Reference
    __sigvec_lookup                           - Undefined Weak Reference
    _atexit_init                              - Undefined Weak Reference
    _call_atexit_fns                          - Undefined Weak Reference
    _clock_init                               - Undefined Weak Reference
    _fp_trap_init                             - Undefined Weak Reference
    _fp_trap_shutdown                         - Undefined Weak Reference
    _get_lc_collate                           - Undefined Weak Reference
    _get_lc_ctype                             - Undefined Weak Reference
    _get_lc_monetary                          - Undefined Weak Reference
    _get_lc_numeric                           - Undefined Weak Reference
    _get_lc_time                              - Undefined Weak Reference
    _getenv_init                              - Undefined Weak Reference
    _handle_redirection                       - Undefined Weak Reference
    _init_alloc                               - Undefined Weak Reference
    _init_user_alloc                          - Undefined Weak Reference
    _initio                                   - Undefined Weak Reference
    _rand_init                                - Undefined Weak Reference
    _signal_finish                            - Undefined Weak Reference
    _signal_init                              - Undefined Weak Reference
    _terminate_alloc                          - Undefined Weak Reference
    _terminate_user_alloc                     - Undefined Weak Reference
    _terminateio                              - Undefined Weak Reference
    __Vectors_Size                           0x000000ec   Number         0  startup_stm32f103xb.o ABSOLUTE
    __Vectors                                0x08000000   Data           4  startup_stm32f103xb.o(RESET)
    __Vectors_End                            0x080000ec   Data           0  startup_stm32f103xb.o(RESET)
    __main                                   0x080000ed   Thumb Code     8  __main.o(!!!main)
    __scatterload                            0x080000f5   Thumb Code     0  __scatter.o(!!!scatter)
    __scatterload_rt2                        0x080000f5   Thumb Code    44  __scatter.o(!!!scatter)
    __scatterload_rt2_thumb_only             0x080000f5   Thumb Code     0  __scatter.o(!!!scatter)
    __scatterload_null                       0x08000103   Thumb Code     0  __scatter.o(!!!scatter)
    __scatterload_copy                       0x08000129   Thumb Code    26  __scatter_copy.o(!!handler_copy)
    __scatterload_zeroinit                   0x08000145   Thumb Code    28  __scatter_zi.o(!!handler_zi)
    __rt_lib_init                            0x08000161   Thumb Code     0  libinit.o(.ARM.Collect$$libinit$$00000000)
    __rt_lib_init_alloca_1                   0x08000163   Thumb Code     0  libinit2.o(.ARM.Collect$$libinit$$0000002E)
    __rt_lib_init_argv_1                     0x08000163   Thumb Code     0  libinit2.o(.ARM.Collect$$libinit$$0000002C)
    __rt_lib_init_atexit_1                   0x08000163   Thumb Code     0  libinit2.o(.ARM.Collect$$libinit$$0000001B)
    __rt_lib_init_clock_1                    0x08000163   Thumb Code     0  libinit2.o(.ARM.Collect$$libinit$$00000021)
    __rt_lib_init_cpp_1                      0x08000163   Thumb Code     0  libinit2.o(.ARM.Collect$$libinit$$00000032)
    __rt_lib_init_exceptions_1               0x08000163   Thumb Code     0  libinit2.o(.ARM.Collect$$libinit$$00000030)
    __rt_lib_init_fp_1                       0x08000163   Thumb Code     0  libinit2.o(.ARM.Collect$$libinit$$00000002)
    __rt_lib_init_fp_trap_1                  0x08000163   Thumb Code     0  libinit2.o(.ARM.Collect$$libinit$$0000001F)
    __rt_lib_init_getenv_1                   0x08000163   Thumb Code     0  libinit2.o(.ARM.Collect$$libinit$$00000023)
    __rt_lib_init_heap_1                     0x08000163   Thumb Code     0  libinit2.o(.ARM.Collect$$libinit$$0000000A)
    __rt_lib_init_lc_collate_1               0x08000163   Thumb Code     0  libinit2.o(.ARM.Collect$$libinit$$00000011)
    __rt_lib_init_lc_ctype_1                 0x08000163   Thumb Code     0  libinit2.o(.ARM.Collect$$libinit$$00000013)
    __rt_lib_init_lc_monetary_1              0x08000163   Thumb Code     0  libinit2.o(.ARM.Collect$$libinit$$00000015)
    __rt_lib_init_lc_numeric_1               0x08000163   Thumb Code     0  libinit2.o(.ARM.Collect$$libinit$$00000017)
    __rt_lib_init_lc_time_1                  0x08000163   Thumb Code     0  libinit2.o(.ARM.Collect$$libinit$$00000019)
    __rt_lib_init_preinit_1                  0x08000163   Thumb Code     0  libinit2.o(.ARM.Collect$$libinit$$00000004)
    __rt_lib_init_rand_1                     0x08000163   Thumb Code     0  libinit2.o(.ARM.Collect$$libinit$$0000000E)
    __rt_lib_init_return                     0x08000163   Thumb Code     0  libinit2.o(.ARM.Collect$$libinit$$00000033)
    __rt_lib_init_signal_1                   0x08000163   Thumb Code     0  libinit2.o(.ARM.Collect$$libinit$$0000001D)
    __rt_lib_init_stdio_1                    0x08000163   Thumb Code     0  libinit2.o(.ARM.Collect$$libinit$$00000025)
    __rt_lib_init_user_alloc_1               0x08000163   Thumb Code     0  libinit2.o(.ARM.Collect$$libinit$$0000000C)
    __rt_lib_shutdown                        0x08000165   Thumb Code     0  libshutdown.o(.ARM.Collect$$libshutdown$$00000000)
    __rt_lib_shutdown_fp_trap_1              0x08000167   Thumb Code     0  libshutdown2.o(.ARM.Collect$$libshutdown$$00000006)
    __rt_lib_shutdown_heap_1                 0x08000167   Thumb Code     0  libshutdown2.o(.ARM.Collect$$libshutdown$$0000000E)
    __rt_lib_shutdown_return                 0x08000167   Thumb Code     0  libshutdown2.o(.ARM.Collect$$libshutdown$$0000000F)
    __rt_lib_shutdown_signal_1               0x08000167   Thumb Code     0  libshutdown2.o(.ARM.Collect$$libshutdown$$00000009)
    __rt_lib_shutdown_stdio_1                0x08000167   Thumb Code     0  libshutdown2.o(.ARM.Collect$$libshutdown$$00000003)
    __rt_lib_shutdown_user_alloc_1           0x08000167   Thumb Code     0  libshutdown2.o(.ARM.Collect$$libshutdown$$0000000B)
    __rt_entry                               0x08000169   Thumb Code     0  __rtentry.o(.ARM.Collect$$rtentry$$00000000)
    __rt_entry_presh_1                       0x08000169   Thumb Code     0  __rtentry2.o(.ARM.Collect$$rtentry$$00000002)
    __rt_entry_sh                            0x08000169   Thumb Code     0  __rtentry4.o(.ARM.Collect$$rtentry$$00000004)
    __rt_entry_li                            0x0800016f   Thumb Code     0  __rtentry2.o(.ARM.Collect$$rtentry$$0000000A)
    __rt_entry_postsh_1                      0x0800016f   Thumb Code     0  __rtentry2.o(.ARM.Collect$$rtentry$$00000009)
    __rt_entry_main                          0x08000173   Thumb Code     0  __rtentry2.o(.ARM.Collect$$rtentry$$0000000D)
    __rt_entry_postli_1                      0x08000173   Thumb Code     0  __rtentry2.o(.ARM.Collect$$rtentry$$0000000C)
    __rt_exit                                0x0800017b   Thumb Code     0  rtexit.o(.ARM.Collect$$rtexit$$00000000)
    __rt_exit_ls                             0x0800017d   Thumb Code     0  rtexit2.o(.ARM.Collect$$rtexit$$00000003)
    __rt_exit_prels_1                        0x0800017d   Thumb Code     0  rtexit2.o(.ARM.Collect$$rtexit$$00000002)
    __rt_exit_exit                           0x08000181   Thumb Code     0  rtexit2.o(.ARM.Collect$$rtexit$$00000004)
    Reset_Handler                            0x08000189   Thumb Code     8  startup_stm32f103xb.o(.text)
    ADC1_2_IRQHandler                        0x080001a3   Thumb Code     0  startup_stm32f103xb.o(.text)
    CAN1_RX1_IRQHandler                      0x080001a3   Thumb Code     0  startup_stm32f103xb.o(.text)
    CAN1_SCE_IRQHandler                      0x080001a3   Thumb Code     0  startup_stm32f103xb.o(.text)
    DMA1_Channel2_IRQHandler                 0x080001a3   Thumb Code     0  startup_stm32f103xb.o(.text)
    DMA1_Channel3_IRQHandler                 0x080001a3   Thumb Code     0  startup_stm32f103xb.o(.text)
    DMA1_Channel6_IRQHandler                 0x080001a3   Thumb Code     0  startup_stm32f103xb.o(.text)
    DMA1_Channel7_IRQHandler                 0x080001a3   Thumb Code     0  startup_stm32f103xb.o(.text)
    EXTI0_IRQHandler                         0x080001a3   Thumb Code     0  startup_stm32f103xb.o(.text)
    EXTI15_10_IRQHandler                     0x080001a3   Thumb Code     0  startup_stm32f103xb.o(.text)
    EXTI1_IRQHandler                         0x080001a3   Thumb Code     0  startup_stm32f103xb.o(.text)
    EXTI2_IRQHandler                         0x080001a3   Thumb Code     0  startup_stm32f103xb.o(.text)
    EXTI3_IRQHandler                         0x080001a3   Thumb Code     0  startup_stm32f103xb.o(.text)
    EXTI4_IRQHandler                         0x080001a3   Thumb Code     0  startup_stm32f103xb.o(.text)
    EXTI9_5_IRQHandler                       0x080001a3   Thumb Code     0  startup_stm32f103xb.o(.text)
    FLASH_IRQHandler                         0x080001a3   Thumb Code     0  startup_stm32f103xb.o(.text)
    I2C1_ER_IRQHandler                       0x080001a3   Thumb Code     0  startup_stm32f103xb.o(.text)
    I2C1_EV_IRQHandler                       0x080001a3   Thumb Code     0  startup_stm32f103xb.o(.text)
    I2C2_ER_IRQHandler                       0x080001a3   Thumb Code     0  startup_stm32f103xb.o(.text)
    I2C2_EV_IRQHandler                       0x080001a3   Thumb Code     0  startup_stm32f103xb.o(.text)
    PVD_IRQHandler                           0x080001a3   Thumb Code     0  startup_stm32f103xb.o(.text)
    RCC_IRQHandler                           0x080001a3   Thumb Code     0  startup_stm32f103xb.o(.text)
    RTC_Alarm_IRQHandler                     0x080001a3   Thumb Code     0  startup_stm32f103xb.o(.text)
    RTC_IRQHandler                           0x080001a3   Thumb Code     0  startup_stm32f103xb.o(.text)
    SPI1_IRQHandler                          0x080001a3   Thumb Code     0  startup_stm32f103xb.o(.text)
    SPI2_IRQHandler                          0x080001a3   Thumb Code     0  startup_stm32f103xb.o(.text)
    TAMPER_IRQHandler                        0x080001a3   Thumb Code     0  startup_stm32f103xb.o(.text)
    TIM1_BRK_IRQHandler                      0x080001a3   Thumb Code     0  startup_stm32f103xb.o(.text)
    TIM1_CC_IRQHandler                       0x080001a3   Thumb Code     0  startup_stm32f103xb.o(.text)
    TIM1_TRG_COM_IRQHandler                  0x080001a3   Thumb Code     0  startup_stm32f103xb.o(.text)
    TIM1_UP_IRQHandler                       0x080001a3   Thumb Code     0  startup_stm32f103xb.o(.text)
    TIM2_IRQHandler                          0x080001a3   Thumb Code     0  startup_stm32f103xb.o(.text)
    TIM3_IRQHandler                          0x080001a3   Thumb Code     0  startup_stm32f103xb.o(.text)
    TIM4_IRQHandler                          0x080001a3   Thumb Code     0  startup_stm32f103xb.o(.text)
    USART1_IRQHandler                        0x080001a3   Thumb Code     0  startup_stm32f103xb.o(.text)
    USART2_IRQHandler                        0x080001a3   Thumb Code     0  startup_stm32f103xb.o(.text)
    USART3_IRQHandler                        0x080001a3   Thumb Code     0  startup_stm32f103xb.o(.text)
    USBWakeUp_IRQHandler                     0x080001a3   Thumb Code     0  startup_stm32f103xb.o(.text)
    USB_HP_CAN1_TX_IRQHandler                0x080001a3   Thumb Code     0  startup_stm32f103xb.o(.text)
    USB_LP_CAN1_RX0_IRQHandler               0x080001a3   Thumb Code     0  startup_stm32f103xb.o(.text)
    WWDG_IRQHandler                          0x080001a3   Thumb Code     0  startup_stm32f103xb.o(.text)
    __user_initial_stackheap                 0x080001a5   Thumb Code     0  startup_stm32f103xb.o(.text)
    __aeabi_memcpy                           0x080001c9   Thumb Code     0  rt_memcpy_v6.o(.text)
    __rt_memcpy                              0x080001c9   Thumb Code   138  rt_memcpy_v6.o(.text)
    _memcpy_lastbytes                        0x0800022f   Thumb Code     0  rt_memcpy_v6.o(.text)
    __aeabi_memset                           0x08000253   Thumb Code    16  aeabi_memset.o(.text)
    __aeabi_memclr4                          0x08000263   Thumb Code     0  rt_memclr_w.o(.text)
    __aeabi_memclr8                          0x08000263   Thumb Code     0  rt_memclr_w.o(.text)
    __rt_memclr_w                            0x08000263   Thumb Code    78  rt_memclr_w.o(.text)
    _memset_w                                0x08000267   Thumb Code     0  rt_memclr_w.o(.text)
    __use_two_region_memory                  0x080002b1   Thumb Code     2  heapauxi.o(.text)
    __rt_heap_escrow$2region                 0x080002b3   Thumb Code     2  heapauxi.o(.text)
    __rt_heap_expand$2region                 0x080002b5   Thumb Code     2  heapauxi.o(.text)
    __aeabi_memcpy4                          0x080002b7   Thumb Code     0  rt_memcpy_w.o(.text)
    __aeabi_memcpy8                          0x080002b7   Thumb Code     0  rt_memcpy_w.o(.text)
    __rt_memcpy_w                            0x080002b7   Thumb Code   100  rt_memcpy_w.o(.text)
    _memcpy_lastbytes_aligned                0x080002ff   Thumb Code     0  rt_memcpy_w.o(.text)
    __aeabi_memclr                           0x0800031b   Thumb Code     0  rt_memclr.o(.text)
    __rt_memclr                              0x0800031b   Thumb Code    68  rt_memclr.o(.text)
    _memset                                  0x0800031f   Thumb Code     0  rt_memclr.o(.text)
    __user_setup_stackheap                   0x0800035f   Thumb Code    74  sys_stackheap_outer.o(.text)
    exit                                     0x080003a9   Thumb Code    12  exit.o(.text)
    __user_libspace                          0x080003b5   Thumb Code     8  libspace.o(.text)
    __user_perproc_libspace                  0x080003b5   Thumb Code     0  libspace.o(.text)
    __user_perthread_libspace                0x080003b5   Thumb Code     0  libspace.o(.text)
    _sys_exit                                0x080003bd   Thumb Code     8  sys_exit.o(.text)
    __I$use$semihosting                      0x080003c9   Thumb Code     0  use_no_semi.o(.text)
    __use_no_semihosting_swi                 0x080003c9   Thumb Code     2  use_no_semi.o(.text)
    __semihosting_library_function           0x080003cb   Thumb Code     0  indicate_semi.o(.text)
    ADC_ConversionStop_Disable               0x080003ed   Thumb Code    92  stm32f1xx_hal_adc.o(i.ADC_ConversionStop_Disable)
    ADC_DMAConvCplt                          0x08000449   Thumb Code    82  stm32f1xx_hal_adc.o(i.ADC_DMAConvCplt)
    ADC_DMAError                             0x0800049b   Thumb Code    30  stm32f1xx_hal_adc.o(i.ADC_DMAError)
    ADC_DMAHalfConvCplt                      0x080004b9   Thumb Code    14  stm32f1xx_hal_adc.o(i.ADC_DMAHalfConvCplt)
    ADC_Enable                               0x080004c9   Thumb Code   134  stm32f1xx_hal_adc.o(i.ADC_Enable)
    BusFault_Handler                         0x08000559   Thumb Code     4  stm32f1xx_it.o(i.BusFault_Handler)
    DMA1_Channel1_IRQHandler                 0x0800055d   Thumb Code    10  stm32f1xx_it.o(i.DMA1_Channel1_IRQHandler)
    DMA1_Channel4_IRQHandler                 0x0800056d   Thumb Code    10  stm32f1xx_it.o(i.DMA1_Channel4_IRQHandler)
    DMA1_Channel5_IRQHandler                 0x0800057d   Thumb Code    10  stm32f1xx_it.o(i.DMA1_Channel5_IRQHandler)
    Debounce_IsPressedEdge                   0x080005b9   Thumb Code    20  debounce.o(i.Debounce_IsPressedEdge)
    Debounce_Update                          0x080005cd   Thumb Code    40  debounce.o(i.Debounce_Update)
    DebugMon_Handler                         0x080005f5   Thumb Code     2  stm32f1xx_it.o(i.DebugMon_Handler)
    Error_Handler                            0x080005f7   Thumb Code     6  main.o(i.Error_Handler)
    HAL_ADCEx_Calibration_Start              0x080005fd   Thumb Code   278  stm32f1xx_hal_adc_ex.o(i.HAL_ADCEx_Calibration_Start)
    HAL_ADC_ConfigChannel                    0x08000719   Thumb Code   338  stm32f1xx_hal_adc.o(i.HAL_ADC_ConfigChannel)
    HAL_ADC_ConvCpltCallback                 0x08000879   Thumb Code     2  stm32f1xx_hal_adc.o(i.HAL_ADC_ConvCpltCallback)
    HAL_ADC_ConvHalfCpltCallback             0x0800087b   Thumb Code     2  stm32f1xx_hal_adc.o(i.HAL_ADC_ConvHalfCpltCallback)
    HAL_ADC_ErrorCallback                    0x0800087d   Thumb Code     2  stm32f1xx_hal_adc.o(i.HAL_ADC_ErrorCallback)
    HAL_ADC_Init                             0x08000881   Thumb Code   314  stm32f1xx_hal_adc.o(i.HAL_ADC_Init)
    HAL_ADC_MspInit                          0x080009c5   Thumb Code   196  stm32f1xx_hal_msp.o(i.HAL_ADC_MspInit)
    HAL_ADC_Start_DMA                        0x08000aa1   Thumb Code   362  stm32f1xx_hal_adc.o(i.HAL_ADC_Start_DMA)
    HAL_DMA_Abort                            0x08000c21   Thumb Code    86  stm32f1xx_hal_dma.o(i.HAL_DMA_Abort)
    HAL_DMA_IRQHandler                       0x08000c79   Thumb Code   408  stm32f1xx_hal_dma.o(i.HAL_DMA_IRQHandler)
    HAL_DMA_Init                             0x08000e15   Thumb Code   100  stm32f1xx_hal_dma.o(i.HAL_DMA_Init)
    HAL_DMA_Start_IT                         0x08000e7d   Thumb Code   156  stm32f1xx_hal_dma.o(i.HAL_DMA_Start_IT)
    HAL_Delay                                0x08000f19   Thumb Code    36  stm32f1xx_hal.o(i.HAL_Delay)
    HAL_GPIO_Init                            0x08000f41   Thumb Code   766  stm32f1xx_hal_gpio.o(i.HAL_GPIO_Init)
    HAL_GPIO_ReadPin                         0x08001261   Thumb Code    16  stm32f1xx_hal_gpio.o(i.HAL_GPIO_ReadPin)
    HAL_GPIO_WritePin                        0x08001271   Thumb Code    12  stm32f1xx_hal_gpio.o(i.HAL_GPIO_WritePin)
    HAL_GetTick                              0x0800127d   Thumb Code     6  stm32f1xx_hal.o(i.HAL_GetTick)
    HAL_IncTick                              0x08001289   Thumb Code    16  stm32f1xx_hal.o(i.HAL_IncTick)
    HAL_Init                                 0x080012a1   Thumb Code    34  stm32f1xx_hal.o(i.HAL_Init)
    HAL_InitTick                             0x080012c9   Thumb Code    64  stm32f1xx_hal.o(i.HAL_InitTick)
    HAL_MspInit                              0x08001315   Thumb Code    76  stm32f1xx_hal_msp.o(i.HAL_MspInit)
    HAL_NVIC_EnableIRQ                       0x08001369   Thumb Code    32  stm32f1xx_hal_cortex.o(i.HAL_NVIC_EnableIRQ)
    HAL_NVIC_SetPriority                     0x08001389   Thumb Code   124  stm32f1xx_hal_cortex.o(i.HAL_NVIC_SetPriority)
    HAL_NVIC_SetPriorityGrouping             0x08001405   Thumb Code    32  stm32f1xx_hal_cortex.o(i.HAL_NVIC_SetPriorityGrouping)
    HAL_RCCEx_GetPeriphCLKFreq               0x0800142d   Thumb Code   232  stm32f1xx_hal_rcc_ex.o(i.HAL_RCCEx_GetPeriphCLKFreq)
    HAL_RCCEx_PeriphCLKConfig                0x08001529   Thumb Code   290  stm32f1xx_hal_rcc_ex.o(i.HAL_RCCEx_PeriphCLKConfig)
    HAL_RCC_ClockConfig                      0x08001659   Thumb Code   376  stm32f1xx_hal_rcc.o(i.HAL_RCC_ClockConfig)
    HAL_RCC_GetHCLKFreq                      0x080017e5   Thumb Code     6  stm32f1xx_hal_rcc.o(i.HAL_RCC_GetHCLKFreq)
    HAL_RCC_GetPCLK1Freq                     0x080017f1   Thumb Code    22  stm32f1xx_hal_rcc.o(i.HAL_RCC_GetPCLK1Freq)
    HAL_RCC_GetPCLK2Freq                     0x08001811   Thumb Code    22  stm32f1xx_hal_rcc.o(i.HAL_RCC_GetPCLK2Freq)
    HAL_RCC_GetSysClockFreq                  0x08001831   Thumb Code    92  stm32f1xx_hal_rcc.o(i.HAL_RCC_GetSysClockFreq)
    HAL_RCC_OscConfig                        0x080018a1   Thumb Code  1114  stm32f1xx_hal_rcc.o(i.HAL_RCC_OscConfig)
    HAL_SPI_Abort                            0x08001d05   Thumb Code   334  stm32f1xx_hal_spi.o(i.HAL_SPI_Abort)
    HAL_SPI_ErrorCallback                    0x08001e61   Thumb Code    18  nrf24_spi_dma.o(i.HAL_SPI_ErrorCallback)
    HAL_SPI_Init                             0x08001e79   Thumb Code   190  stm32f1xx_hal_spi.o(i.HAL_SPI_Init)
    HAL_SPI_MspInit                          0x08001f39   Thumb Code   226  stm32f1xx_hal_msp.o(i.HAL_SPI_MspInit)
    HAL_SPI_RxCpltCallback                   0x08002035   Thumb Code     2  stm32f1xx_hal_spi.o(i.HAL_SPI_RxCpltCallback)
    HAL_SPI_RxHalfCpltCallback               0x08002037   Thumb Code     2  stm32f1xx_hal_spi.o(i.HAL_SPI_RxHalfCpltCallback)
    HAL_SPI_TransmitReceive_DMA              0x08002039   Thumb Code   336  stm32f1xx_hal_spi.o(i.HAL_SPI_TransmitReceive_DMA)
    HAL_SPI_TxRxCpltCallback                 0x0800219d   Thumb Code    18  nrf24_spi_dma.o(i.HAL_SPI_TxRxCpltCallback)
    HAL_SPI_TxRxHalfCpltCallback             0x080021b5   Thumb Code     2  stm32f1xx_hal_spi.o(i.HAL_SPI_TxRxHalfCpltCallback)
    HAL_SYSTICK_Config                       0x080021b7   Thumb Code    52  stm32f1xx_hal_cortex.o(i.HAL_SYSTICK_Config)
    HAL_UART_Init                            0x080021eb   Thumb Code   118  stm32f1xx_hal_uart.o(i.HAL_UART_Init)
    HAL_UART_MspInit                         0x08002261   Thumb Code   138  stm32f1xx_hal_msp.o(i.HAL_UART_MspInit)
    HAL_UART_Transmit                        0x080022fd   Thumb Code   190  stm32f1xx_hal_uart.o(i.HAL_UART_Transmit)
    HardFault_Handler                        0x080023bb   Thumb Code     4  stm32f1xx_it.o(i.HardFault_Handler)
    JoyStick_Init                            0x080023c1   Thumb Code   128  joystick.o(i.JoyStick_Init)
    JoyStick_Read                            0x08002459   Thumb Code   256  joystick.o(i.JoyStick_Read)
    Joy_Left_Pressed                         0x08002579   Thumb Code    12  rc_controller.o(i.Joy_Left_Pressed)
    MemManage_Handler                        0x080027cd   Thumb Code     4  stm32f1xx_it.o(i.MemManage_Handler)
    NMI_Handler                              0x080027d1   Thumb Code     4  stm32f1xx_it.o(i.NMI_Handler)
    NRF24_SPI_DMA_Init                       0x080027d5   Thumb Code    18  nrf24_spi_dma.o(i.NRF24_SPI_DMA_Init)
    PendSV_Handler                           0x080027f1   Thumb Code     2  stm32f1xx_it.o(i.PendSV_Handler)
    RC_Controller_Init                       0x0800281d   Thumb Code    26  rc_controller.o(i.RC_Controller_Init)
    RC_Controller_Send_NB                    0x08002845   Thumb Code   100  rc_controller.o(i.RC_Controller_Send_NB)
    RC_Controller_Update                     0x080028b1   Thumb Code   124  rc_controller.o(i.RC_Controller_Update)
    SVC_Handler                              0x08002c8d   Thumb Code     2  stm32f1xx_it.o(i.SVC_Handler)
    SysTick_Handler                          0x08002c8f   Thumb Code     8  stm32f1xx_it.o(i.SysTick_Handler)
    SystemClock_Config                       0x08002c97   Thumb Code   132  main.o(i.SystemClock_Config)
    SystemInit                               0x08002d1b   Thumb Code     2  system_stm32f1xx.o(i.SystemInit)
    UsageFault_Handler                       0x08002f59   Thumb Code     4  stm32f1xx_it.o(i.UsageFault_Handler)
    main                                     0x08002fe5   Thumb Code   146  main.o(i.main)
    nrf24_ce_pulse                           0x080030a5   Thumb Code    86  nrf24_dma_driver.o(i.nrf24_ce_pulse)
    nrf24_flush_tx                           0x08003109   Thumb Code    36  nrf24_dma_driver.o(i.nrf24_flush_tx)
    nrf24_get_status                         0x0800312d   Thumb Code    48  nrf24_dma_driver.o(i.nrf24_get_status)
    nrf24_read_reg_byte                      0x0800315d   Thumb Code    18  nrf24_dma_driver.o(i.nrf24_read_reg_byte)
    nrf24_read_register                      0x0800316f   Thumb Code    84  nrf24_dma_driver.o(i.nrf24_read_register)
    nrf24_send_frame_blocking                0x080031c3   Thumb Code    92  nrf24_dma_driver.o(i.nrf24_send_frame_blocking)
    nrf24_spi_dma_busy                       0x08003221   Thumb Code    14  nrf24_spi_dma.o(i.nrf24_spi_dma_busy)
    nrf24_spi_dma_complete_cb                0x08003235   Thumb Code     8  nrf24_spi_dma.o(i.nrf24_spi_dma_complete_cb)
    nrf24_spi_transfer_dma                   0x08003241   Thumb Code   194  nrf24_spi_dma.o(i.nrf24_spi_transfer_dma)
    nrf24_wait_tx_done                       0x08003315   Thumb Code   116  nrf24_dma_driver.o(i.nrf24_wait_tx_done)
    nrf24_write_reg_byte                     0x08003389   Thumb Code    16  nrf24_dma_driver.o(i.nrf24_write_reg_byte)
    nrf24_write_register                     0x08003399   Thumb Code    74  nrf24_dma_driver.o(i.nrf24_write_register)
    nrf24_write_tx_payload_dma               0x080033e3   Thumb Code    80  nrf24_dma_driver.o(i.nrf24_write_tx_payload_dma)
    __aeabi_fadd                             0x08003435   Thumb Code     0  faddsub_clz.o(x$fpl$fadd)
    _fadd                                    0x08003435   Thumb Code   196  faddsub_clz.o(x$fpl$fadd)
    __aeabi_f2uiz                            0x080034f9   Thumb Code     0  ffixu.o(x$fpl$ffixu)
    _ffixu                                   0x080034f9   Thumb Code    62  ffixu.o(x$fpl$ffixu)
    __aeabi_ui2f                             0x08003539   Thumb Code     0  fflt_clz.o(x$fpl$ffltu)
    _ffltu                                   0x08003539   Thumb Code    38  fflt_clz.o(x$fpl$ffltu)
    __aeabi_fmul                             0x08003561   Thumb Code     0  fmul.o(x$fpl$fmul)
    _fmul                                    0x08003561   Thumb Code   258  fmul.o(x$fpl$fmul)
    __fpl_fnaninf                            0x08003663   Thumb Code   140  fnaninf.o(x$fpl$fnaninf)
    __fpl_fretinf                            0x080036ef   Thumb Code    10  fretinf.o(x$fpl$fretinf)
    __aeabi_fsub                             0x080036f9   Thumb Code     0  faddsub_clz.o(x$fpl$fsub)
    _fsub                                    0x080036f9   Thumb Code   234  faddsub_clz.o(x$fpl$fsub)
    __I$use$fp                               0x080037e2   Number         0  usenofp.o(x$fpl$usenofp)
    AHBPrescTable                            0x08003806   Data          16  system_stm32f1xx.o(.constdata)
    APBPrescTable                            0x08003816   Data           8  system_stm32f1xx.o(.constdata)
    JoyStick_CfgParam                        0x08003820   Data          32  joystick.o(.constdata)
    Region$$Table$$Base                      0x08003840   Number         0  anon$$obj.o(Region$$Table)
    Region$$Table$$Limit                     0x08003860   Number         0  anon$$obj.o(Region$$Table)
    uwTick                                   0x20000000   Data           4  stm32f1xx_hal.o(.data)
    uwTickPrio                               0x20000004   Data           4  stm32f1xx_hal.o(.data)
    uwTickFreq                               0x20000008   Data           1  stm32f1xx_hal.o(.data)
    SystemCoreClock                          0x2000000c   Data           4  system_stm32f1xx.o(.data)
    hadc1                                    0x20000038   Data          48  main.o(.bss)
    hdma_adc1                                0x20000068   Data          68  main.o(.bss)
    hspi2                                    0x200000ac   Data          88  main.o(.bss)
    hdma_spi2_tx                             0x20000104   Data          68  main.o(.bss)
    hdma_spi2_rx                             0x20000148   Data          68  main.o(.bss)
    huart1                                   0x2000018c   Data          72  main.o(.bss)
    tx_frame                                 0x200001d4   Data         100  main.o(.bss)
    frame                                    0x20000238   Data          17  rc_controller.o(.bss)
    joy_btn_db                               0x2000024c   Data          12  rc_controller.o(.bss)
    btn_mode_db                              0x20000258   Data          12  rc_controller.o(.bss)
    __libspace_start                         0x20000464   Data          96  libspace.o(.bss)
    __temporary_stack_top$libspace           0x200004c4   Data           0  libspace.o(.bss)



==============================================================================

Memory Map of the image

  Image Entry point : 0x080000ed

  Load Region LR_IROM1 (Base: 0x08000000, Size: 0x00003898, Max: 0x00010000, ABSOLUTE)

    Execution Region ER_IROM1 (Base: 0x08000000, Size: 0x00003860, Max: 0x00010000, ABSOLUTE)

    Base Addr    Size         Type   Attr      Idx    E Section Name        Object

    0x08000000   0x000000ec   Data   RO            3    RESET               startup_stm32f103xb.o
    0x080000ec   0x00000008   Code   RO         2809  * !!!main             c_w.l(__main.o)
    0x080000f4   0x00000034   Code   RO         2992    !!!scatter          c_w.l(__scatter.o)
    0x08000128   0x0000001a   Code   RO         2994    !!handler_copy      c_w.l(__scatter_copy.o)
    0x08000142   0x00000002   PAD
    0x08000144   0x0000001c   Code   RO         2996    !!handler_zi        c_w.l(__scatter_zi.o)
    0x08000160   0x00000002   Code   RO         2863    .ARM.Collect$$libinit$$00000000  c_w.l(libinit.o)
    0x08000162   0x00000000   Code   RO         2870    .ARM.Collect$$libinit$$00000002  c_w.l(libinit2.o)
    0x08000162   0x00000000   Code   RO         2872    .ARM.Collect$$libinit$$00000004  c_w.l(libinit2.o)
    0x08000162   0x00000000   Code   RO         2875    .ARM.Collect$$libinit$$0000000A  c_w.l(libinit2.o)
    0x08000162   0x00000000   Code   RO         2877    .ARM.Collect$$libinit$$0000000C  c_w.l(libinit2.o)
    0x08000162   0x00000000   Code   RO         2879    .ARM.Collect$$libinit$$0000000E  c_w.l(libinit2.o)
    0x08000162   0x00000000   Code   RO         2882    .ARM.Collect$$libinit$$00000011  c_w.l(libinit2.o)
    0x08000162   0x00000000   Code   RO         2884    .ARM.Collect$$libinit$$00000013  c_w.l(libinit2.o)
    0x08000162   0x00000000   Code   RO         2886    .ARM.Collect$$libinit$$00000015  c_w.l(libinit2.o)
    0x08000162   0x00000000   Code   RO         2888    .ARM.Collect$$libinit$$00000017  c_w.l(libinit2.o)
    0x08000162   0x00000000   Code   RO         2890    .ARM.Collect$$libinit$$00000019  c_w.l(libinit2.o)
    0x08000162   0x00000000   Code   RO         2892    .ARM.Collect$$libinit$$0000001B  c_w.l(libinit2.o)
    0x08000162   0x00000000   Code   RO         2894    .ARM.Collect$$libinit$$0000001D  c_w.l(libinit2.o)
    0x08000162   0x00000000   Code   RO         2896    .ARM.Collect$$libinit$$0000001F  c_w.l(libinit2.o)
    0x08000162   0x00000000   Code   RO         2898    .ARM.Collect$$libinit$$00000021  c_w.l(libinit2.o)
    0x08000162   0x00000000   Code   RO         2900    .ARM.Collect$$libinit$$00000023  c_w.l(libinit2.o)
    0x08000162   0x00000000   Code   RO         2902    .ARM.Collect$$libinit$$00000025  c_w.l(libinit2.o)
    0x08000162   0x00000000   Code   RO         2906    .ARM.Collect$$libinit$$0000002C  c_w.l(libinit2.o)
    0x08000162   0x00000000   Code   RO         2908    .ARM.Collect$$libinit$$0000002E  c_w.l(libinit2.o)
    0x08000162   0x00000000   Code   RO         2910    .ARM.Collect$$libinit$$00000030  c_w.l(libinit2.o)
    0x08000162   0x00000000   Code   RO         2912    .ARM.Collect$$libinit$$00000032  c_w.l(libinit2.o)
    0x08000162   0x00000002   Code   RO         2913    .ARM.Collect$$libinit$$00000033  c_w.l(libinit2.o)
    0x08000164   0x00000002   Code   RO         2933    .ARM.Collect$$libshutdown$$00000000  c_w.l(libshutdown.o)
    0x08000166   0x00000000   Code   RO         2947    .ARM.Collect$$libshutdown$$00000003  c_w.l(libshutdown2.o)
    0x08000166   0x00000000   Code   RO         2950    .ARM.Collect$$libshutdown$$00000006  c_w.l(libshutdown2.o)
    0x08000166   0x00000000   Code   RO         2953    .ARM.Collect$$libshutdown$$00000009  c_w.l(libshutdown2.o)
    0x08000166   0x00000000   Code   RO         2955    .ARM.Collect$$libshutdown$$0000000B  c_w.l(libshutdown2.o)
    0x08000166   0x00000000   Code   RO         2958    .ARM.Collect$$libshutdown$$0000000E  c_w.l(libshutdown2.o)
    0x08000166   0x00000002   Code   RO         2959    .ARM.Collect$$libshutdown$$0000000F  c_w.l(libshutdown2.o)
    0x08000168   0x00000000   Code   RO         2829    .ARM.Collect$$rtentry$$00000000  c_w.l(__rtentry.o)
    0x08000168   0x00000000   Code   RO         2840    .ARM.Collect$$rtentry$$00000002  c_w.l(__rtentry2.o)
    0x08000168   0x00000006   Code   RO         2852    .ARM.Collect$$rtentry$$00000004  c_w.l(__rtentry4.o)
    0x0800016e   0x00000000   Code   RO         2842    .ARM.Collect$$rtentry$$00000009  c_w.l(__rtentry2.o)
    0x0800016e   0x00000004   Code   RO         2843    .ARM.Collect$$rtentry$$0000000A  c_w.l(__rtentry2.o)
    0x08000172   0x00000000   Code   RO         2845    .ARM.Collect$$rtentry$$0000000C  c_w.l(__rtentry2.o)
    0x08000172   0x00000008   Code   RO         2846    .ARM.Collect$$rtentry$$0000000D  c_w.l(__rtentry2.o)
    0x0800017a   0x00000002   Code   RO         2867    .ARM.Collect$$rtexit$$00000000  c_w.l(rtexit.o)
    0x0800017c   0x00000000   Code   RO         2915    .ARM.Collect$$rtexit$$00000002  c_w.l(rtexit2.o)
    0x0800017c   0x00000004   Code   RO         2916    .ARM.Collect$$rtexit$$00000003  c_w.l(rtexit2.o)
    0x08000180   0x00000006   Code   RO         2917    .ARM.Collect$$rtexit$$00000004  c_w.l(rtexit2.o)
    0x08000186   0x00000002   PAD
    0x08000188   0x00000040   Code   RO            4    .text               startup_stm32f103xb.o
    0x080001c8   0x0000008a   Code   RO         2801    .text               c_w.l(rt_memcpy_v6.o)
    0x08000252   0x00000010   Code   RO         2803    .text               c_w.l(aeabi_memset.o)
    0x08000262   0x0000004e   Code   RO         2805    .text               c_w.l(rt_memclr_w.o)
    0x080002b0   0x00000006   Code   RO         2807    .text               c_w.l(heapauxi.o)
    0x080002b6   0x00000064   Code   RO         2830    .text               c_w.l(rt_memcpy_w.o)
    0x0800031a   0x00000044   Code   RO         2832    .text               c_w.l(rt_memclr.o)
    0x0800035e   0x0000004a   Code   RO         2854    .text               c_w.l(sys_stackheap_outer.o)
    0x080003a8   0x0000000c   Code   RO         2856    .text               c_w.l(exit.o)
    0x080003b4   0x00000008   Code   RO         2864    .text               c_w.l(libspace.o)
    0x080003bc   0x0000000c   Code   RO         2925    .text               c_w.l(sys_exit.o)
    0x080003c8   0x00000002   Code   RO         2936    .text               c_w.l(use_no_semi.o)
    0x080003ca   0x00000000   Code   RO         2938    .text               c_w.l(indicate_semi.o)
    0x080003ca   0x00000002   PAD
    0x080003cc   0x00000020   Code   RO         2391    i.ADC_ChannelToIndex  joystick.o
    0x080003ec   0x0000005c   Code   RO          375    i.ADC_ConversionStop_Disable  stm32f1xx_hal_adc.o
    0x08000448   0x00000052   Code   RO          376    i.ADC_DMAConvCplt   stm32f1xx_hal_adc.o
    0x0800049a   0x0000001e   Code   RO          377    i.ADC_DMAError      stm32f1xx_hal_adc.o
    0x080004b8   0x0000000e   Code   RO          378    i.ADC_DMAHalfConvCplt  stm32f1xx_hal_adc.o
    0x080004c6   0x00000002   PAD
    0x080004c8   0x00000090   Code   RO          379    i.ADC_Enable        stm32f1xx_hal_adc.o
    0x08000558   0x00000004   Code   RO          184    i.BusFault_Handler  stm32f1xx_it.o
    0x0800055c   0x00000010   Code   RO          185    i.DMA1_Channel1_IRQHandler  stm32f1xx_it.o
    0x0800056c   0x00000010   Code   RO          186    i.DMA1_Channel4_IRQHandler  stm32f1xx_it.o
    0x0800057c   0x00000010   Code   RO          187    i.DMA1_Channel5_IRQHandler  stm32f1xx_it.o
    0x0800058c   0x0000002c   Code   RO         1036    i.DMA_SetConfig     stm32f1xx_hal_dma.o
    0x080005b8   0x00000014   Code   RO         2756    i.Debounce_IsPressedEdge  debounce.o
    0x080005cc   0x00000028   Code   RO         2758    i.Debounce_Update   debounce.o
    0x080005f4   0x00000002   Code   RO          188    i.DebugMon_Handler  stm32f1xx_it.o
    0x080005f6   0x00000006   Code   RO           13    i.Error_Handler     main.o
    0x080005fc   0x0000011c   Code   RO          555    i.HAL_ADCEx_Calibration_Start  stm32f1xx_hal_adc_ex.o
    0x08000718   0x00000160   Code   RO          381    i.HAL_ADC_ConfigChannel  stm32f1xx_hal_adc.o
    0x08000878   0x00000002   Code   RO          382    i.HAL_ADC_ConvCpltCallback  stm32f1xx_hal_adc.o
    0x0800087a   0x00000002   Code   RO          383    i.HAL_ADC_ConvHalfCpltCallback  stm32f1xx_hal_adc.o
    0x0800087c   0x00000002   Code   RO          385    i.HAL_ADC_ErrorCallback  stm32f1xx_hal_adc.o
    0x0800087e   0x00000002   PAD
    0x08000880   0x00000144   Code   RO          390    i.HAL_ADC_Init      stm32f1xx_hal_adc.o
    0x080009c4   0x000000dc   Code   RO          279    i.HAL_ADC_MspInit   stm32f1xx_hal_msp.o
    0x08000aa0   0x00000180   Code   RO          397    i.HAL_ADC_Start_DMA  stm32f1xx_hal_adc.o
    0x08000c20   0x00000056   Code   RO         1037    i.HAL_DMA_Abort     stm32f1xx_hal_dma.o
    0x08000c76   0x00000002   PAD
    0x08000c78   0x0000019c   Code   RO         1042    i.HAL_DMA_IRQHandler  stm32f1xx_hal_dma.o
    0x08000e14   0x00000068   Code   RO         1043    i.HAL_DMA_Init      stm32f1xx_hal_dma.o
    0x08000e7c   0x0000009c   Code   RO         1047    i.HAL_DMA_Start_IT  stm32f1xx_hal_dma.o
    0x08000f18   0x00000028   Code   RO          658    i.HAL_Delay         stm32f1xx_hal.o
    0x08000f40   0x00000320   Code   RO          973    i.HAL_GPIO_Init     stm32f1xx_hal_gpio.o
    0x08001260   0x00000010   Code   RO          975    i.HAL_GPIO_ReadPin  stm32f1xx_hal_gpio.o
    0x08001270   0x0000000c   Code   RO          977    i.HAL_GPIO_WritePin  stm32f1xx_hal_gpio.o
    0x0800127c   0x0000000c   Code   RO          662    i.HAL_GetTick       stm32f1xx_hal.o
    0x08001288   0x00000018   Code   RO          668    i.HAL_IncTick       stm32f1xx_hal.o
    0x080012a0   0x00000028   Code   RO          669    i.HAL_Init          stm32f1xx_hal.o
    0x080012c8   0x0000004c   Code   RO          670    i.HAL_InitTick      stm32f1xx_hal.o
    0x08001314   0x00000054   Code   RO          280    i.HAL_MspInit       stm32f1xx_hal_msp.o
    0x08001368   0x00000020   Code   RO         1133    i.HAL_NVIC_EnableIRQ  stm32f1xx_hal_cortex.o
    0x08001388   0x0000007c   Code   RO         1139    i.HAL_NVIC_SetPriority  stm32f1xx_hal_cortex.o
    0x08001404   0x00000028   Code   RO         1140    i.HAL_NVIC_SetPriorityGrouping  stm32f1xx_hal_cortex.o
    0x0800142c   0x000000fc   Code   RO          934    i.HAL_RCCEx_GetPeriphCLKFreq  stm32f1xx_hal_rcc_ex.o
    0x08001528   0x00000130   Code   RO          935    i.HAL_RCCEx_PeriphCLKConfig  stm32f1xx_hal_rcc_ex.o
    0x08001658   0x0000018c   Code   RO          826    i.HAL_RCC_ClockConfig  stm32f1xx_hal_rcc.o
    0x080017e4   0x0000000c   Code   RO          831    i.HAL_RCC_GetHCLKFreq  stm32f1xx_hal_rcc.o
    0x080017f0   0x00000020   Code   RO          833    i.HAL_RCC_GetPCLK1Freq  stm32f1xx_hal_rcc.o
    0x08001810   0x00000020   Code   RO          834    i.HAL_RCC_GetPCLK2Freq  stm32f1xx_hal_rcc.o
    0x08001830   0x00000070   Code   RO          835    i.HAL_RCC_GetSysClockFreq  stm32f1xx_hal_rcc.o
    0x080018a0   0x00000464   Code   RO          838    i.HAL_RCC_OscConfig  stm32f1xx_hal_rcc.o
    0x08001d04   0x0000015c   Code   RO         1659    i.HAL_SPI_Abort     stm32f1xx_hal_spi.o
    0x08001e60   0x00000018   Code   RO         2698    i.HAL_SPI_ErrorCallback  nrf24_spi_dma.o
    0x08001e78   0x000000be   Code   RO         1670    i.HAL_SPI_Init      stm32f1xx_hal_spi.o
    0x08001f36   0x00000002   PAD
    0x08001f38   0x000000fc   Code   RO          282    i.HAL_SPI_MspInit   stm32f1xx_hal_msp.o
    0x08002034   0x00000002   Code   RO         1676    i.HAL_SPI_RxCpltCallback  stm32f1xx_hal_spi.o
    0x08002036   0x00000002   Code   RO         1677    i.HAL_SPI_RxHalfCpltCallback  stm32f1xx_hal_spi.o
    0x08002038   0x00000164   Code   RO         1680    i.HAL_SPI_TransmitReceive_DMA  stm32f1xx_hal_spi.o
    0x0800219c   0x00000018   Code   RO         2699    i.HAL_SPI_TxRxCpltCallback  nrf24_spi_dma.o
    0x080021b4   0x00000002   Code   RO         1687    i.HAL_SPI_TxRxHalfCpltCallback  stm32f1xx_hal_spi.o
    0x080021b6   0x00000034   Code   RO         1144    i.HAL_SYSTICK_Config  stm32f1xx_hal_cortex.o
    0x080021ea   0x00000076   Code   RO         2011    i.HAL_UART_Init     stm32f1xx_hal_uart.o
    0x08002260   0x0000009c   Code   RO          284    i.HAL_UART_MspInit  stm32f1xx_hal_msp.o
    0x080022fc   0x000000be   Code   RO         2019    i.HAL_UART_Transmit  stm32f1xx_hal_uart.o
    0x080023ba   0x00000004   Code   RO          189    i.HardFault_Handler  stm32f1xx_it.o
    0x080023be   0x00000002   PAD
    0x080023c0   0x00000098   Code   RO         2397    i.JoyStick_Init     joystick.o
    0x08002458   0x00000120   Code   RO         2399    i.JoyStick_Read     joystick.o
    0x08002578   0x00000010   Code   RO         2476    i.Joy_Left_Pressed  rc_controller.o
    0x08002588   0x00000074   Code   RO           14    i.MX_ADC1_Init      main.o
    0x080025fc   0x00000054   Code   RO           15    i.MX_DMA_Init       main.o
    0x08002650   0x00000100   Code   RO           16    i.MX_GPIO_Init      main.o
    0x08002750   0x00000044   Code   RO           17    i.MX_SPI2_Init      main.o
    0x08002794   0x00000038   Code   RO           18    i.MX_USART1_UART_Init  main.o
    0x080027cc   0x00000004   Code   RO          190    i.MemManage_Handler  stm32f1xx_it.o
    0x080027d0   0x00000004   Code   RO          191    i.NMI_Handler       stm32f1xx_it.o
    0x080027d4   0x0000001c   Code   RO         2700    i.NRF24_SPI_DMA_Init  nrf24_spi_dma.o
    0x080027f0   0x00000002   Code   RO          192    i.PendSV_Handler    stm32f1xx_it.o
    0x080027f2   0x00000002   PAD
    0x080027f4   0x00000028   Code   RO          839    i.RCC_Delay         stm32f1xx_hal_rcc.o
    0x0800281c   0x00000028   Code   RO         2479    i.RC_Controller_Init  rc_controller.o
    0x08002844   0x0000006c   Code   RO         2480    i.RC_Controller_Send_NB  rc_controller.o
    0x080028b0   0x00000090   Code   RO         2481    i.RC_Controller_Update  rc_controller.o
    0x08002940   0x00000004   Code   RO         2482    i.Read_LineSensors  rc_controller.o
    0x08002944   0x00000070   Code   RO         1692    i.SPI_AbortRx_ISR   stm32f1xx_hal_spi.o
    0x080029b4   0x00000020   Code   RO         1693    i.SPI_AbortTx_ISR   stm32f1xx_hal_spi.o
    0x080029d4   0x00000028   Code   RO         1698    i.SPI_DMAError      stm32f1xx_hal_spi.o
    0x080029fc   0x0000000e   Code   RO         1699    i.SPI_DMAHalfReceiveCplt  stm32f1xx_hal_spi.o
    0x08002a0a   0x0000000e   Code   RO         1701    i.SPI_DMAHalfTransmitReceiveCplt  stm32f1xx_hal_spi.o
    0x08002a18   0x0000007a   Code   RO         1702    i.SPI_DMAReceiveCplt  stm32f1xx_hal_spi.o
    0x08002a92   0x00000066   Code   RO         1705    i.SPI_DMATransmitReceiveCplt  stm32f1xx_hal_spi.o
    0x08002af8   0x00000078   Code   RO         1707    i.SPI_EndRxTransaction  stm32f1xx_hal_spi.o
    0x08002b70   0x00000044   Code   RO         1708    i.SPI_EndRxTxTransaction  stm32f1xx_hal_spi.o
    0x08002bb4   0x000000d8   Code   RO         1713    i.SPI_WaitFlagStateUntilTimeout  stm32f1xx_hal_spi.o
    0x08002c8c   0x00000002   Code   RO          193    i.SVC_Handler       stm32f1xx_it.o
    0x08002c8e   0x00000008   Code   RO          194    i.SysTick_Handler   stm32f1xx_it.o
    0x08002c96   0x00000084   Code   RO           19    i.SystemClock_Config  main.o
    0x08002d1a   0x00000002   Code   RO         2355    i.SystemInit        system_stm32f1xx.o
    0x08002d1c   0x00000024   Code   RO         2483    i.Toggle_MainMode   rc_controller.o
    0x08002d40   0x00000024   Code   RO         2484    i.Toggle_SubMode    rc_controller.o
    0x08002d64   0x0000006c   Code   RO         2034    i.UART_EndRxTransfer  stm32f1xx_hal_uart.o
    0x08002dd0   0x000000fc   Code   RO         2038    i.UART_SetConfig    stm32f1xx_hal_uart.o
    0x08002ecc   0x0000008c   Code   RO         2042    i.UART_WaitOnFlagUntilTimeout  stm32f1xx_hal_uart.o
    0x08002f58   0x00000004   Code   RO          195    i.UsageFault_Handler  stm32f1xx_it.o
    0x08002f5c   0x00000010   Code   RO         1146    i.__NVIC_GetPriorityGrouping  stm32f1xx_hal_cortex.o
    0x08002f6c   0x00000028   Code   RO         1147    i.__NVIC_SetPriority  stm32f1xx_hal_cortex.o
    0x08002f94   0x00000014   Code   RO         2555    i.ce_high           nrf24_dma_driver.o
    0x08002fa8   0x00000014   Code   RO         2556    i.ce_low            nrf24_dma_driver.o
    0x08002fbc   0x00000014   Code   RO         2557    i.csn_high          nrf24_dma_driver.o
    0x08002fd0   0x00000014   Code   RO         2558    i.csn_low           nrf24_dma_driver.o
    0x08002fe4   0x000000c0   Code   RO           20    i.main              main.o
    0x080030a4   0x00000064   Code   RO         2561    i.nrf24_ce_pulse    nrf24_dma_driver.o
    0x08003108   0x00000024   Code   RO         2564    i.nrf24_flush_tx    nrf24_dma_driver.o
    0x0800312c   0x00000030   Code   RO         2565    i.nrf24_get_status  nrf24_dma_driver.o
    0x0800315c   0x00000012   Code   RO         2566    i.nrf24_read_reg_byte  nrf24_dma_driver.o
    0x0800316e   0x00000054   Code   RO         2567    i.nrf24_read_register  nrf24_dma_driver.o
    0x080031c2   0x0000005c   Code   RO         2570    i.nrf24_send_frame_blocking  nrf24_dma_driver.o
    0x0800321e   0x00000002   PAD
    0x08003220   0x00000014   Code   RO         2701    i.nrf24_spi_dma_busy  nrf24_spi_dma.o
    0x08003234   0x0000000c   Code   RO         2702    i.nrf24_spi_dma_complete_cb  nrf24_spi_dma.o
    0x08003240   0x000000d4   Code   RO         2703    i.nrf24_spi_transfer_dma  nrf24_spi_dma.o
    0x08003314   0x00000074   Code   RO         2571    i.nrf24_wait_tx_done  nrf24_dma_driver.o
    0x08003388   0x00000010   Code   RO         2572    i.nrf24_write_reg_byte  nrf24_dma_driver.o
    0x08003398   0x0000004a   Code   RO         2573    i.nrf24_write_register  nrf24_dma_driver.o
    0x080033e2   0x00000050   Code   RO         2574    i.nrf24_write_tx_payload_dma  nrf24_dma_driver.o
    0x08003432   0x00000002   PAD
    0x08003434   0x000000c4   Code   RO         2811    x$fpl$fadd          fz_ws.l(faddsub_clz.o)
    0x080034f8   0x0000003e   Code   RO         2817    x$fpl$ffixu         fz_ws.l(ffixu.o)
    0x08003536   0x00000002   PAD
    0x08003538   0x00000026   Code   RO         2821    x$fpl$ffltu         fz_ws.l(fflt_clz.o)
    0x0800355e   0x00000002   PAD
    0x08003560   0x00000102   Code   RO         2827    x$fpl$fmul          fz_ws.l(fmul.o)
    0x08003662   0x0000008c   Code   RO         2834    x$fpl$fnaninf       fz_ws.l(fnaninf.o)
    0x080036ee   0x0000000a   Code   RO         2836    x$fpl$fretinf       fz_ws.l(fretinf.o)
    0x080036f8   0x000000ea   Code   RO         2813    x$fpl$fsub          fz_ws.l(faddsub_clz.o)
    0x080037e2   0x00000000   Code   RO         2838    x$fpl$usenofp       fz_ws.l(usenofp.o)
    0x080037e2   0x00000012   Data   RO          840    .constdata          stm32f1xx_hal_rcc.o
    0x080037f4   0x00000012   Data   RO          936    .constdata          stm32f1xx_hal_rcc_ex.o
    0x08003806   0x00000018   Data   RO         2356    .constdata          system_stm32f1xx.o
    0x0800381e   0x00000002   PAD
    0x08003820   0x00000020   Data   RO         2401    .constdata          joystick.o
    0x08003840   0x00000020   Data   RO         2990    Region$$Table       anon$$obj.o


    Execution Region RW_IRAM1 (Base: 0x20000000, Size: 0x00000ac8, Max: 0x00005000, ABSOLUTE)

    Base Addr    Size         Type   Attr      Idx    E Section Name        Object

    0x20000000   0x00000009   Data   RW          676    .data               stm32f1xx_hal.o
    0x20000009   0x00000003   PAD
    0x2000000c   0x00000004   Data   RW         2357    .data               system_stm32f1xx.o
    0x20000010   0x0000001d   Data   RW         2402    .data               joystick.o
    0x2000002d   0x00000003   Data   RW         2486    .data               rc_controller.o
    0x20000030   0x00000005   Data   RW         2705    .data               nrf24_spi_dma.o
    0x20000035   0x00000003   PAD
    0x20000038   0x00000200   Zero   RW           21    .bss                main.o
    0x20000238   0x0000002c   Zero   RW         2485    .bss                rc_controller.o
    0x20000264   0x00000200   Zero   RW         2704    .bss                nrf24_spi_dma.o
    0x20000464   0x00000060   Zero   RW         2865    .bss                c_w.l(libspace.o)
    0x200004c4   0x00000004   PAD
    0x200004c8   0x00000200   Zero   RW            2    HEAP                startup_stm32f103xb.o
    0x200006c8   0x00000400   Zero   RW            1    STACK               startup_stm32f103xb.o


==============================================================================

Image component sizes


      Code (inc. data)   RO Data    RW Data    ZI Data      Debug   Object Name

        60          0          0          0          0       1767   debounce.o
       472         60         32         29          0       3568   joystick.o
       910         96          0          0        512     425712   main.o
       744         34          0          0          0       8421   nrf24_dma_driver.o
       320         50          0          5        512       3706   nrf24_spi_dma.o
       384         66          0          3         44       4366   rc_controller.o
        64         26        236          0       1536        764   startup_stm32f103xb.o
       192         36          0          9          0       5497   stm32f1xx_hal.o
      1428         56          0          0          0       7674   stm32f1xx_hal_adc.o
       284          6          0          0          0       1358   stm32f1xx_hal_adc_ex.o
       304         22          0          0          0      29031   stm32f1xx_hal_cortex.o
       802          8          0          0          0       3807   stm32f1xx_hal_dma.o
       828         34          0          0          0       3103   stm32f1xx_hal_gpio.o
       712         76          0          0          0       3075   stm32f1xx_hal_msp.o
      1748         98         18          0          0       5560   stm32f1xx_hal_rcc.o
       556         34         18          0          0       2209   stm32f1xx_hal_rcc_ex.o
      1740         46          0          0          0      10426   stm32f1xx_hal_spi.o
       808          4          0          0          0       3988   stm32f1xx_hal_uart.o
        82         18          0          0          0       4799   stm32f1xx_it.o
         2          0         24          4          0        975   system_stm32f1xx.o

    ----------------------------------------------------------------------
     12456        770        362         56       2604     529806   Object Totals
         0          0         32          0          0          0   (incl. Generated)
        16          0          2          6          0          0   (incl. Padding)

    ----------------------------------------------------------------------

      Code (inc. data)   RO Data    RW Data    ZI Data      Debug   Library Member Name

         8          0          0          0          0         68   __main.o
         0          0          0          0          0          0   __rtentry.o
        12          0          0          0          0          0   __rtentry2.o
         6          0          0          0          0          0   __rtentry4.o
        52          8          0          0          0          0   __scatter.o
        26          0          0          0          0          0   __scatter_copy.o
        28          0          0          0          0          0   __scatter_zi.o
        16          0          0          0          0         68   aeabi_memset.o
        12          0          0          0          0         72   exit.o
         6          0          0          0          0        152   heapauxi.o
         0          0          0          0          0          0   indicate_semi.o
         2          0          0          0          0          0   libinit.o
         2          0          0          0          0          0   libinit2.o
         2          0          0          0          0          0   libshutdown.o
         2          0          0          0          0          0   libshutdown2.o
         8          4          0          0         96         68   libspace.o
        68          0          0          0          0         68   rt_memclr.o
        78          0          0          0          0         80   rt_memclr_w.o
       138          0          0          0          0         68   rt_memcpy_v6.o
       100          0          0          0          0         80   rt_memcpy_w.o
         2          0          0          0          0          0   rtexit.o
        10          0          0          0          0          0   rtexit2.o
        12          4          0          0          0         68   sys_exit.o
        74          0          0          0          0         80   sys_stackheap_outer.o
         2          0          0          0          0         68   use_no_semi.o
       430          8          0          0          0        168   faddsub_clz.o
        62          4          0          0          0         84   ffixu.o
        38          0          0          0          0         68   fflt_clz.o
       258          4          0          0          0         84   fmul.o
       140          4          0          0          0         84   fnaninf.o
        10          0          0          0          0         68   fretinf.o
         0          0          0          0          0          0   usenofp.o

    ----------------------------------------------------------------------
      1614         36          0          0        100       1496   Library Totals
        10          0          0          0          4          0   (incl. Padding)

    ----------------------------------------------------------------------

      Code (inc. data)   RO Data    RW Data    ZI Data      Debug   Library Name

       666         16          0          0         96        940   c_w.l
       938         20          0          0          0        556   fz_ws.l

    ----------------------------------------------------------------------
      1614         36          0          0        100       1496   Library Totals

    ----------------------------------------------------------------------

==============================================================================


      Code (inc. data)   RO Data    RW Data    ZI Data      Debug   

     14070        806        362         56       2704     524694   Grand Totals
     14070        806        362         56       2704     524694   ELF Image Totals
     14070        806        362         56          0          0   ROM Totals

==============================================================================

    Total RO  Size (Code + RO Data)                14432 (  14.09kB)
    Total RW  Size (RW Data + ZI Data)              2760 (   2.70kB)
    Total ROM Size (Code + RO Data + RW Data)      14488 (  14.15kB)

==============================================================================

