Component: ARM Compiler 5.05 update 1 (build 106) Tool: armlink [4d0efa]

==============================================================================

Section Cross References

    startup_stm32f103xb.o(STACK) refers (Special) to heapauxi.o(.text) for __use_two_region_memory
    startup_stm32f103xb.o(HEAP) refers (Special) to heapauxi.o(.text) for __use_two_region_memory
    startup_stm32f103xb.o(RESET) refers (Special) to heapauxi.o(.text) for __use_two_region_memory
    startup_stm32f103xb.o(RESET) refers to startup_stm32f103xb.o(STACK) for __initial_sp
    startup_stm32f103xb.o(RESET) refers to startup_stm32f103xb.o(.text) for Reset_Handler
    startup_stm32f103xb.o(RESET) refers to stm32f1xx_it.o(i.NMI_Handler) for NMI_Handler
    startup_stm32f103xb.o(RESET) refers to stm32f1xx_it.o(i.HardFault_Handler) for HardFault_Handler
    startup_stm32f103xb.o(RESET) refers to stm32f1xx_it.o(i.MemManage_Handler) for MemManage_Handler
    startup_stm32f103xb.o(RESET) refers to stm32f1xx_it.o(i.BusFault_Handler) for BusFault_Handler
    startup_stm32f103xb.o(RESET) refers to stm32f1xx_it.o(i.UsageFault_Handler) for UsageFault_Handler
    startup_stm32f103xb.o(RESET) refers to stm32f1xx_it.o(i.SVC_Handler) for SVC_Handler
    startup_stm32f103xb.o(RESET) refers to stm32f1xx_it.o(i.DebugMon_Handler) for DebugMon_Handler
    startup_stm32f103xb.o(RESET) refers to stm32f1xx_it.o(i.PendSV_Handler) for PendSV_Handler
    startup_stm32f103xb.o(RESET) refers to stm32f1xx_it.o(i.SysTick_Handler) for SysTick_Handler
    startup_stm32f103xb.o(RESET) refers to stm32f1xx_it.o(i.DMA1_Channel4_IRQHandler) for DMA1_Channel4_IRQHandler
    startup_stm32f103xb.o(RESET) refers to stm32f1xx_it.o(i.DMA1_Channel5_IRQHandler) for DMA1_Channel5_IRQHandler
    startup_stm32f103xb.o(RESET) refers to stm32f1xx_it.o(i.SPI2_IRQHandler) for SPI2_IRQHandler
    startup_stm32f103xb.o(RESET) refers to stm32f1xx_it.o(i.EXTI15_10_IRQHandler) for EXTI15_10_IRQHandler
    startup_stm32f103xb.o(.text) refers (Special) to heapauxi.o(.text) for __use_two_region_memory
    startup_stm32f103xb.o(.text) refers to system_stm32f1xx.o(i.SystemInit) for SystemInit
    startup_stm32f103xb.o(.text) refers to __main.o(!!!main) for __main
    startup_stm32f103xb.o(.text) refers to startup_stm32f103xb.o(HEAP) for Heap_Mem
    startup_stm32f103xb.o(.text) refers to startup_stm32f103xb.o(STACK) for Stack_Mem
    main.o(i.HAL_GPIO_EXTI_Callback) refers to main.o(.data) for nrf_irq_flag
    main.o(i.MX_DMA_Init) refers to stm32f1xx_hal_cortex.o(i.HAL_NVIC_SetPriority) for HAL_NVIC_SetPriority
    main.o(i.MX_DMA_Init) refers to stm32f1xx_hal_cortex.o(i.HAL_NVIC_EnableIRQ) for HAL_NVIC_EnableIRQ
    main.o(i.MX_GPIO_Init) refers to stm32f1xx_hal_gpio.o(i.HAL_GPIO_WritePin) for HAL_GPIO_WritePin
    main.o(i.MX_GPIO_Init) refers to stm32f1xx_hal_gpio.o(i.HAL_GPIO_Init) for HAL_GPIO_Init
    main.o(i.MX_GPIO_Init) refers to stm32f1xx_hal_cortex.o(i.HAL_NVIC_SetPriority) for HAL_NVIC_SetPriority
    main.o(i.MX_GPIO_Init) refers to stm32f1xx_hal_cortex.o(i.HAL_NVIC_EnableIRQ) for HAL_NVIC_EnableIRQ
    main.o(i.MX_SPI2_Init) refers to stm32f1xx_hal_spi.o(i.HAL_SPI_Init) for HAL_SPI_Init
    main.o(i.MX_SPI2_Init) refers to main.o(i.Error_Handler) for Error_Handler
    main.o(i.MX_SPI2_Init) refers to stm32f1xx_hal_cortex.o(i.HAL_NVIC_SetPriority) for HAL_NVIC_SetPriority
    main.o(i.MX_SPI2_Init) refers to stm32f1xx_hal_cortex.o(i.HAL_NVIC_EnableIRQ) for HAL_NVIC_EnableIRQ
    main.o(i.MX_SPI2_Init) refers to main.o(.bss) for hspi2
    main.o(i.MX_TIM1_Init) refers to rt_memclr_w.o(.text) for __aeabi_memclr4
    main.o(i.MX_TIM1_Init) refers to stm32f1xx_hal_tim.o(i.HAL_TIM_Base_Init) for HAL_TIM_Base_Init
    main.o(i.MX_TIM1_Init) refers to main.o(i.Error_Handler) for Error_Handler
    main.o(i.MX_TIM1_Init) refers to stm32f1xx_hal_tim.o(i.HAL_TIM_ConfigClockSource) for HAL_TIM_ConfigClockSource
    main.o(i.MX_TIM1_Init) refers to stm32f1xx_hal_tim.o(i.HAL_TIM_PWM_Init) for HAL_TIM_PWM_Init
    main.o(i.MX_TIM1_Init) refers to stm32f1xx_hal_tim_ex.o(i.HAL_TIMEx_MasterConfigSynchronization) for HAL_TIMEx_MasterConfigSynchronization
    main.o(i.MX_TIM1_Init) refers to stm32f1xx_hal_tim.o(i.HAL_TIM_PWM_ConfigChannel) for HAL_TIM_PWM_ConfigChannel
    main.o(i.MX_TIM1_Init) refers to stm32f1xx_hal_tim_ex.o(i.HAL_TIMEx_ConfigBreakDeadTime) for HAL_TIMEx_ConfigBreakDeadTime
    main.o(i.MX_TIM1_Init) refers to stm32f1xx_hal_msp.o(i.HAL_TIM_MspPostInit) for HAL_TIM_MspPostInit
    main.o(i.MX_TIM1_Init) refers to main.o(.bss) for htim1
    main.o(i.SystemClock_Config) refers to rt_memclr_w.o(.text) for __aeabi_memclr4
    main.o(i.SystemClock_Config) refers to stm32f1xx_hal_rcc.o(i.HAL_RCC_OscConfig) for HAL_RCC_OscConfig
    main.o(i.SystemClock_Config) refers to main.o(i.Error_Handler) for Error_Handler
    main.o(i.SystemClock_Config) refers to stm32f1xx_hal_rcc.o(i.HAL_RCC_ClockConfig) for HAL_RCC_ClockConfig
[...]
    Removing stm32f1xx_hal_tim.o(i.HAL_TIM_OC_Stop_IT), (240 bytes).
    Removing stm32f1xx_hal_tim.o(i.HAL_TIM_OnePulse_ConfigChannel), (310 bytes).
    Removing stm32f1xx_hal_tim.o(i.HAL_TIM_OnePulse_DeInit), (96 bytes).
    Removing stm32f1xx_hal_tim.o(i.HAL_TIM_OnePulse_GetState), (8 bytes).
    Removing stm32f1xx_hal_tim.o(i.HAL_TIM_OnePulse_Init), (102 bytes).
    Removing stm32f1xx_hal_tim.o(i.HAL_TIM_OnePulse_MspDeInit), (2 bytes).
    Removing stm32f1xx_hal_tim.o(i.HAL_TIM_OnePulse_MspInit), (2 bytes).
    Removing stm32f1xx_hal_tim.o(i.HAL_TIM_OnePulse_Start), (128 bytes).
    Removing stm32f1xx_hal_tim.o(i.HAL_TIM_OnePulse_Start_IT), (152 bytes).
    Removing stm32f1xx_hal_tim.o(i.HAL_TIM_OnePulse_Stop), (148 bytes).
    Removing stm32f1xx_hal_tim.o(i.HAL_TIM_OnePulse_Stop_IT), (172 bytes).
    Removing stm32f1xx_hal_tim.o(i.HAL_TIM_PWM_DeInit), (120 bytes).
    Removing stm32f1xx_hal_tim.o(i.HAL_TIM_PWM_GetState), (8 bytes).
    Removing stm32f1xx_hal_tim.o(i.HAL_TIM_PWM_MspDeInit), (2 bytes).
    Removing stm32f1xx_hal_tim.o(i.HAL_TIM_PWM_PulseFinishedCallback), (2 bytes).
    Removing stm32f1xx_hal_tim.o(i.HAL_TIM_PWM_PulseFinishedHalfCpltCallback), (2 bytes).
    Removing stm32f1xx_hal_tim.o(i.HAL_TIM_PWM_Start_DMA), (532 bytes).
    Removing stm32f1xx_hal_tim.o(i.HAL_TIM_PWM_Start_IT), (292 bytes).
    Removing stm32f1xx_hal_tim.o(i.HAL_TIM_PWM_Stop), (156 bytes).
    Removing stm32f1xx_hal_tim.o(i.HAL_TIM_PWM_Stop_DMA), (264 bytes).
    Removing stm32f1xx_hal_tim.o(i.HAL_TIM_PWM_Stop_IT), (240 bytes).
    Removing stm32f1xx_hal_tim.o(i.HAL_TIM_PeriodElapsedCallback), (2 bytes).
    Removing stm32f1xx_hal_tim.o(i.HAL_TIM_PeriodElapsedHalfCpltCallback), (2 bytes).
    Removing stm32f1xx_hal_tim.o(i.HAL_TIM_ReadCapturedValue), (50 bytes).
    Removing stm32f1xx_hal_tim.o(i.HAL_TIM_SlaveConfigSynchro), (108 bytes).
    Removing stm32f1xx_hal_tim.o(i.HAL_TIM_SlaveConfigSynchro_IT), (108 bytes).
    Removing stm32f1xx_hal_tim.o(i.HAL_TIM_TriggerCallback), (2 bytes).
    Removing stm32f1xx_hal_tim.o(i.HAL_TIM_TriggerHalfCpltCallback), (2 bytes).
    Removing stm32f1xx_hal_tim.o(i.TIM_DMACaptureCplt), (122 bytes).
    Removing stm32f1xx_hal_tim.o(i.TIM_DMACaptureHalfCplt), (64 bytes).
    Removing stm32f1xx_hal_tim.o(i.TIM_DMADelayPulseCplt), (104 bytes).
    Removing stm32f1xx_hal_tim.o(i.TIM_DMADelayPulseHalfCplt), (64 bytes).
    Removing stm32f1xx_hal_tim.o(i.TIM_DMAError), (94 bytes).
    Removing stm32f1xx_hal_tim.o(i.TIM_DMAPeriodElapsedCplt), (26 bytes).
    Removing stm32f1xx_hal_tim.o(i.TIM_DMAPeriodElapsedHalfCplt), (14 bytes).
    Removing stm32f1xx_hal_tim.o(i.TIM_DMATriggerCplt), (26 bytes).
    Removing stm32f1xx_hal_tim.o(i.TIM_DMATriggerHalfCplt), (14 bytes).
    Removing stm32f1xx_hal_tim.o(i.TIM_SlaveTimer_SetConfig), (178 bytes).
    Removing stm32f1xx_hal_tim.o(i.TIM_TI1_SetConfig), (104 bytes).
    Removing stm32f1xx_hal_tim.o(i.TIM_TI2_SetConfig), (58 bytes).
    Removing stm32f1xx_hal_tim.o(i.TIM_TI3_SetConfig), (56 bytes).
    Removing stm32f1xx_hal_tim.o(i.TIM_TI4_SetConfig), (60 bytes).
    Removing stm32f1xx_hal_tim_ex.o(.rev16_text), (4 bytes).
    Removing stm32f1xx_hal_tim_ex.o(.revsh_text), (4 bytes).
    Removing stm32f1xx_hal_tim_ex.o(.rrx_text), (6 bytes).
    Removing stm32f1xx_hal_tim_ex.o(i.HAL_TIMEx_BreakCallback), (2 bytes).
    Removing stm32f1xx_hal_tim_ex.o(i.HAL_TIMEx_CommutCallback), (2 bytes).
    Removing stm32f1xx_hal_tim_ex.o(i.HAL_TIMEx_CommutHalfCpltCallback), (2 bytes).
    Removing stm32f1xx_hal_tim_ex.o(i.HAL_TIMEx_ConfigCommutEvent), (134 bytes).
    Removing stm32f1xx_hal_tim_ex.o(i.HAL_TIMEx_ConfigCommutEvent_DMA), (164 bytes).
    Removing stm32f1xx_hal_tim_ex.o(i.HAL_TIMEx_ConfigCommutEvent_IT), (134 bytes).
    Removing stm32f1xx_hal_tim_ex.o(i.HAL_TIMEx_GetChannelNState), (38 bytes).
    Removing stm32f1xx_hal_tim_ex.o(i.HAL_TIMEx_HallSensor_DeInit), (96 bytes).
    Removing stm32f1xx_hal_tim_ex.o(i.HAL_TIMEx_HallSensor_GetState), (8 bytes).
    Removing stm32f1xx_hal_tim_ex.o(i.HAL_TIMEx_HallSensor_Init), (234 bytes).
    Removing stm32f1xx_hal_tim_ex.o(i.HAL_TIMEx_HallSensor_MspDeInit), (2 bytes).
    Removing stm32f1xx_hal_tim_ex.o(i.HAL_TIMEx_HallSensor_MspInit), (2 bytes).
    Removing stm32f1xx_hal_tim_ex.o(i.HAL_TIMEx_HallSensor_Start), (168 bytes).
    Removing stm32f1xx_hal_tim_ex.o(i.HAL_TIMEx_HallSensor_Start_DMA), (232 bytes).
    Removing stm32f1xx_hal_tim_ex.o(i.HAL_TIMEx_HallSensor_Start_IT), (180 bytes).
    Removing stm32f1xx_hal_tim_ex.o(i.HAL_TIMEx_HallSensor_Stop), (78 bytes).
    Removing stm32f1xx_hal_tim_ex.o(i.HAL_TIMEx_HallSensor_Stop_DMA), (84 bytes).
    Removing stm32f1xx_hal_tim_ex.o(i.HAL_TIMEx_HallSensor_Stop_IT), (90 bytes).
    Removing stm32f1xx_hal_tim_ex.o(i.HAL_TIMEx_OCN_Start), (196 bytes).
    Removing stm32f1xx_hal_tim_ex.o(i.HAL_TIMEx_OCN_Start_DMA), (456 bytes).
    Removing stm32f1xx_hal_tim_ex.o(i.HAL_TIMEx_OCN_Start_IT), (276 bytes).
    Removing stm32f1xx_hal_tim_ex.o(i.HAL_TIMEx_OCN_Stop), (136 bytes).
    Removing stm32f1xx_hal_tim_ex.o(i.HAL_TIMEx_OCN_Stop_DMA), (220 bytes).
    Removing stm32f1xx_hal_tim_ex.o(i.HAL_TIMEx_OCN_Stop_IT), (230 bytes).
    Removing stm32f1xx_hal_tim_ex.o(i.HAL_TIMEx_OnePulseN_Start), (118 bytes).
    Removing stm32f1xx_hal_tim_ex.o(i.HAL_TIMEx_OnePulseN_Start_IT), (142 bytes).
    Removing stm32f1xx_hal_tim_ex.o(i.HAL_TIMEx_OnePulseN_Stop), (138 bytes).
    Removing stm32f1xx_hal_tim_ex.o(i.HAL_TIMEx_OnePulseN_Stop_IT), (162 bytes).
    Removing stm32f1xx_hal_tim_ex.o(i.HAL_TIMEx_PWMN_Start), (196 bytes).
    Removing stm32f1xx_hal_tim_ex.o(i.HAL_TIMEx_PWMN_Start_DMA), (456 bytes).
    Removing stm32f1xx_hal_tim_ex.o(i.HAL_TIMEx_PWMN_Start_IT), (276 bytes).
    Removing stm32f1xx_hal_tim_ex.o(i.HAL_TIMEx_PWMN_Stop), (136 bytes).
    Removing stm32f1xx_hal_tim_ex.o(i.HAL_TIMEx_PWMN_Stop_DMA), (220 bytes).
    Removing stm32f1xx_hal_tim_ex.o(i.HAL_TIMEx_PWMN_Stop_IT), (230 bytes).
    Removing stm32f1xx_hal_tim_ex.o(i.HAL_TIMEx_RemapConfig), (6 bytes).
    Removing stm32f1xx_hal_tim_ex.o(i.TIMEx_DMACommutationCplt), (20 bytes).
    Removing stm32f1xx_hal_tim_ex.o(i.TIMEx_DMACommutationHalfCplt), (20 bytes).
    Removing stm32f1xx_hal_tim_ex.o(i.TIM_CCxNChannelCmd), (34 bytes).
    Removing stm32f1xx_hal_tim_ex.o(i.TIM_DMADelayPulseNCplt), (82 bytes).
    Removing stm32f1xx_hal_tim_ex.o(i.TIM_DMAErrorCCxN), (68 bytes).
    Removing system_stm32f1xx.o(.rev16_text), (4 bytes).
    Removing system_stm32f1xx.o(.revsh_text), (4 bytes).
    Removing system_stm32f1xx.o(.rrx_text), (6 bytes).
    Removing system_stm32f1xx.o(i.SystemCoreClockUpdate), (164 bytes).
    Removing rc_receiver.o(.rev16_text), (4 bytes).
    Removing rc_receiver.o(.revsh_text), (4 bytes).
    Removing rc_receiver.o(.rrx_text), (6 bytes).
    Removing servo.o(.rev16_text), (4 bytes).
    Removing servo.o(.revsh_text), (4 bytes).
    Removing servo.o(.rrx_text), (6 bytes).
    Removing servo.o(i.Servo_Init), (104 bytes).
    Removing car.o(.rev16_text), (4 bytes).
    Removing car.o(.revsh_text), (4 bytes).
    Removing car.o(.rrx_text), (6 bytes).
    Removing motor.o(.rev16_text), (4 bytes).
    Removing motor.o(.revsh_text), (4 bytes).
    Removing motor.o(.rrx_text), (6 bytes).
    Removing pwm.o(.rev16_text), (4 bytes).
    Removing pwm.o(.revsh_text), (4 bytes).
    Removing pwm.o(.rrx_text), (6 bytes).
    Removing nrf24_dma_driver.o(.rev16_text), (4 bytes).
    Removing nrf24_dma_driver.o(.revsh_text), (4 bytes).
    Removing nrf24_dma_driver.o(.rrx_text), (6 bytes).
    Removing nrf24_dma_driver.o(i.nrf24_read_reg_byte), (18 bytes).
    Removing nrf24_dma_driver.o(i.nrf24_read_register), (76 bytes).
    Removing nrf24_dma_driver.o(i.nrf24_read_rx_payload_width), (60 bytes).
    Removing nrf24_dma_driver.o(.constdata), (5 bytes).
    Removing nrf24_spi_dma.o(.rev16_text), (4 bytes).
    Removing nrf24_spi_dma.o(.revsh_text), (4 bytes).
    Removing nrf24_spi_dma.o(.rrx_text), (6 bytes).
    Removing nrf24_spi_dma.o(i.nrf24_spi_dma_complete_cb), (12 bytes).
    Removing nrf24_spi_dma.o(i.nrf24_spi_transfer_dma), (196 bytes).
    Removing nrf24_spi_dma.o(.bss), (128 bytes).

395 unused section(s) (total 32329 bytes) removed from the image.

==============================================================================

Image Symbol Table

    Local Symbols

    Symbol Name                              Value     Ov Type        Size  Object(Section)

    ../Core/Src/main.c                       0x00000000   Number         0  main.o ABSOLUTE
    ../Core/Src/stm32f1xx_hal_msp.c          0x00000000   Number         0  stm32f1xx_hal_msp.o ABSOLUTE
    ../Core/Src/stm32f1xx_it.c               0x00000000   Number         0  stm32f1xx_it.o ABSOLUTE
    ../Core/Src/system_stm32f1xx.c           0x00000000   Number         0  system_stm32f1xx.o ABSOLUTE
    ../Drivers/STM32F1xx_HAL_Driver/Src/stm32f1xx_hal.c 0x00000000   Number         0  stm32f1xx_hal.o ABSOLUTE
    ../Drivers/STM32F1xx_HAL_Driver/Src/stm32f1xx_hal_cortex.c 0x00000000   Number         0  stm32f1xx_hal_cortex.o ABSOLUTE
    ../Drivers/STM32F1xx_HAL_Driver/Src/stm32f1xx_hal_dma.c 0x00000000   Number         0  stm32f1xx_hal_dma.o ABSOLUTE
    ../Drivers/STM32F1xx_HAL_Driver/Src/stm32f1xx_hal_exti.c 0x00000000   Number         0  stm32f1xx_hal_exti.o ABSOLUTE
    ../Drivers/STM32F1xx_HAL_Driver/Src/stm32f1xx_hal_flash.c 0x00000000   Number         0  stm32f1xx_hal_flash.o ABSOLUTE
    ../Drivers/STM32F1xx_HAL_Driver/Src/stm32f1xx_hal_flash_ex.c 0x00000000   Number         0  stm32f1xx_hal_flash_ex.o ABSOLUTE
    ../Drivers/STM32F1xx_HAL_Driver/Src/stm32f1xx_hal_gpio.c 0x00000000   Number         0  stm32f1xx_hal_gpio.o ABSOLUTE
    ../Drivers/STM32F1xx_HAL_Driver/Src/stm32f1xx_hal_gpio_ex.c 0x00000000   Number         0  stm32f1xx_hal_gpio_ex.o ABSOLUTE
    ../Drivers/STM32F1xx_HAL_Driver/Src/stm32f1xx_hal_pwr.c 0x00000000   Number         0  stm32f1xx_hal_pwr.o ABSOLUTE
    ../Drivers/STM32F1xx_HAL_Driver/Src/stm32f1xx_hal_rcc.c 0x00000000   Number         0  stm32f1xx_hal_rcc.o ABSOLUTE
    ../Drivers/STM32F1xx_HAL_Driver/Src/stm32f1xx_hal_rcc_ex.c 0x00000000   Number         0  stm32f1xx_hal_rcc_ex.o ABSOLUTE
    ../Drivers/STM32F1xx_HAL_Driver/Src/stm32f1xx_hal_spi.c 0x00000000   Number         0  stm32f1xx_hal_spi.o ABSOLUTE
    ../Drivers/STM32F1xx_HAL_Driver/Src/stm32f1xx_hal_tim.c 0x00000000   Number         0  stm32f1xx_hal_tim.o ABSOLUTE
    ../Drivers/STM32F1xx_HAL_Driver/Src/stm32f1xx_hal_tim_ex.c 0x00000000   Number         0  stm32f1xx_hal_tim_ex.o ABSOLUTE
    ../clib/angel/boardlib.s                 0x00000000   Number         0  boardshut.o ABSOLUTE
    ../clib/angel/boardlib.s                 0x00000000   Number         0  boardinit3.o ABSOLUTE
    ../clib/angel/boardlib.s                 0x00000000   Number         0  boardinit2.o ABSOLUTE
    ../clib/angel/boardlib.s                 0x00000000   Number         0  boardinit1.o ABSOLUTE
    ../clib/angel/handlers.s                 0x00000000   Number         0  __scatter_copy.o ABSOLUTE
    ../clib/angel/handlers.s                 0x00000000   Number         0  __scatter_zi.o ABSOLUTE
    ../clib/angel/kernel.s                   0x00000000   Number         0  __rtentry.o ABSOLUTE
    ../clib/angel/kernel.s                   0x00000000   Number         0  rtexit2.o ABSOLUTE
    ../clib/angel/kernel.s                   0x00000000   Number         0  rtexit.o ABSOLUTE
    ../clib/angel/kernel.s                   0x00000000   Number         0  __rtentry4.o ABSOLUTE
    ../clib/angel/kernel.s                   0x00000000   Number         0  __rtentry2.o ABSOLUTE
    ../clib/angel/rt.s                       0x00000000   Number         0  rt_raise.o ABSOLUTE
    ../clib/angel/scatter.s                  0x00000000   Number         0  __scatter.o ABSOLUTE
    ../clib/angel/startup.s                  0x00000000   Number         0  __main.o ABSOLUTE
    ../clib/angel/sys.s                      0x00000000   Number         0  libspace.o ABSOLUTE
    ../clib/angel/sys.s                      0x00000000   Number         0  use_no_semi.o ABSOLUTE
    ../clib/angel/sys.s                      0x00000000   Number         0  indicate_semi.o ABSOLUTE
    ../clib/angel/sys.s                      0x00000000   Number         0  sys_stackheap_outer.o ABSOLUTE
    ../clib/angel/sysapp.c                   0x00000000   Number         0  sys_exit.o ABSOLUTE
    ../clib/angel/sysapp.c                   0x00000000   Number         0  sys_wrch.o ABSOLUTE
    ../clib/angel/sysapp.c                   0x00000000   Number         0  sys_command.o ABSOLUTE
    ../clib/armsys.c                         0x00000000   Number         0  _get_argv_nomalloc.o ABSOLUTE
    ../clib/armsys.c                         0x00000000   Number         0  no_argv.o ABSOLUTE
    ../clib/armsys.c                         0x00000000   Number         0  argv_veneer.o ABSOLUTE
    ../clib/armsys.c                         0x00000000   Number         0  argv_veneer.o ABSOLUTE
    ../clib/heapalloc.c                      0x00000000   Number         0  hrguard.o ABSOLUTE
    ../clib/heapaux.c                        0x00000000   Number         0  heapauxi.o ABSOLUTE
    ../clib/libinit.s                        0x00000000   Number         0  libinit.o ABSOLUTE
    ../clib/libinit.s                        0x00000000   Number         0  libshutdown2.o ABSOLUTE
    ../clib/libinit.s                        0x00000000   Number         0  libshutdown.o ABSOLUTE
    ../clib/libinit.s                        0x00000000   Number         0  libinit2.o ABSOLUTE
    ../clib/longlong.s                       0x00000000   Number         0  llushr.o ABSOLUTE
    ../clib/memcpset.s                       0x00000000   Number         0  aeabi_memset.o ABSOLUTE
    ../clib/memcpset.s                       0x00000000   Number         0  rt_memcpy_w.o ABSOLUTE
    ../clib/memcpset.s                       0x00000000   Number         0  rt_memclr_w.o ABSOLUTE
    ../clib/memcpset.s                       0x00000000   Number         0  rt_memclr.o ABSOLUTE
    ../clib/memcpset.s                       0x00000000   Number         0  rt_memcpy_v6.o ABSOLUTE
    ../clib/signal.c                         0x00000000   Number         0  defsig_rtmem_formal.o ABSOLUTE
    ../clib/signal.c                         0x00000000   Number         0  defsig_rtmem_outer.o ABSOLUTE
    ../clib/signal.c                         0x00000000   Number         0  defsig_stak_inner.o ABSOLUTE
    ../clib/signal.c                         0x00000000   Number         0  defsig_cppl_inner.o ABSOLUTE
    ../clib/signal.c                         0x00000000   Number         0  defsig_other.o ABSOLUTE
    ../clib/signal.c                         0x00000000   Number         0  defsig_segv_inner.o ABSOLUTE
    ../clib/signal.c                         0x00000000   Number         0  defsig_pvfn_inner.o ABSOLUTE
    ../clib/signal.c                         0x00000000   Number         0  defsig_rtred_inner.o ABSOLUTE
    ../clib/signal.c                         0x00000000   Number         0  defsig_fpe_inner.o ABSOLUTE
    ../clib/signal.c                         0x00000000   Number         0  defsig_abrt_inner.o ABSOLUTE
    ../clib/signal.c                         0x00000000   Number         0  defsig_general.o ABSOLUTE
    ../clib/signal.c                         0x00000000   Number         0  __raise.o ABSOLUTE
    ../clib/signal.c                         0x00000000   Number         0  defsig_rtmem_inner.o ABSOLUTE
    ../clib/signal.c                         0x00000000   Number         0  defsig_exit.o ABSOLUTE
    ../clib/signal.s                         0x00000000   Number         0  defsig.o ABSOLUTE
    ../clib/stdlib.c                         0x00000000   Number         0  exit.o ABSOLUTE
    ../fplib/fpinit.s                        0x00000000   Number         0  fpinit.o ABSOLUTE
    ..\Core\Src\main.c                       0x00000000   Number         0  main.o ABSOLUTE
    ..\Core\Src\stm32f1xx_hal_msp.c          0x00000000   Number         0  stm32f1xx_hal_msp.o ABSOLUTE
    ..\Core\Src\stm32f1xx_it.c               0x00000000   Number         0  stm32f1xx_it.o ABSOLUTE
    ..\Core\Src\system_stm32f1xx.c           0x00000000   Number         0  system_stm32f1xx.o ABSOLUTE
    ..\Drivers\STM32F1xx_HAL_Driver\Src\stm32f1xx_hal.c 0x00000000   Number         0  stm32f1xx_hal.o ABSOLUTE
    ..\Drivers\STM32F1xx_HAL_Driver\Src\stm32f1xx_hal_cortex.c 0x00000000   Number         0  stm32f1xx_hal_cortex.o ABSOLUTE
    ..\Drivers\STM32F1xx_HAL_Driver\Src\stm32f1xx_hal_dma.c 0x00000000   Number         0  stm32f1xx_hal_dma.o ABSOLUTE
    ..\Drivers\STM32F1xx_HAL_Driver\Src\stm32f1xx_hal_exti.c 0x00000000   Number         0  stm32f1xx_hal_exti.o ABSOLUTE
    ..\Drivers\STM32F1xx_HAL_Driver\Src\stm32f1xx_hal_flash.c 0x00000000   Number         0  stm32f1xx_hal_flash.o ABSOLUTE
    ..\Drivers\STM32F1xx_HAL_Driver\Src\stm32f1xx_hal_flash_ex.c 0x00000000   Number         0  stm32f1xx_hal_flash_ex.o ABSOLUTE
    ..\Drivers\STM32F1xx_HAL_Driver\Src\stm32f1xx_hal_gpio.c 0x00000000   Number         0  stm32f1xx_hal_gpio.o ABSOLUTE
    ..\Drivers\STM32F1xx_HAL_Driver\Src\stm32f1xx_hal_gpio_ex.c 0x00000000   Number         0  stm32f1xx_hal_gpio_ex.o ABSOLUTE
    ..\Drivers\STM32F1xx_HAL_Driver\Src\stm32f1xx_hal_pwr.c 0x00000000   Number         0  stm32f1xx_hal_pwr.o ABSOLUTE
    ..\Drivers\STM32F1xx_HAL_Driver\Src\stm32f1xx_hal_rcc.c 0x00000000   Number         0  stm32f1xx_hal_rcc.o ABSOLUTE
    ..\Drivers\STM32F1xx_HAL_Driver\Src\stm32f1xx_hal_rcc_ex.c 0x00000000   Number         0  stm32f1xx_hal_rcc_ex.o ABSOLUTE
    ..\Drivers\STM32F1xx_HAL_Driver\Src\stm32f1xx_hal_spi.c 0x00000000   Number         0  stm32f1xx_hal_spi.o ABSOLUTE
    ..\Drivers\STM32F1xx_HAL_Driver\Src\stm32f1xx_hal_tim.c 0x00000000   Number         0  stm32f1xx_hal_tim.o ABSOLUTE
    ..\Drivers\STM32F1xx_HAL_Driver\Src\stm32f1xx_hal_tim_ex.c 0x00000000   Number         0  stm32f1xx_hal_tim_ex.o ABSOLUTE
    ..\Nrf24\nrf24_dma_driver.c              0x00000000   Number         0  nrf24_dma_driver.o ABSOLUTE
    ..\Nrf24\nrf24_spi_dma.c                 0x00000000   Number         0  nrf24_spi_dma.o ABSOLUTE
    ..\\Nrf24\\nrf24_dma_driver.c            0x00000000   Number         0  nrf24_dma_driver.o ABSOLUTE
    ..\\Nrf24\\nrf24_spi_dma.c               0x00000000   Number         0  nrf24_spi_dma.o ABSOLUTE
    ..\\car_driver\\PWM.c                    0x00000000   Number         0  pwm.o ABSOLUTE
    ..\\car_driver\\car.c                    0x00000000   Number         0  car.o ABSOLUTE
    ..\\car_driver\\motor.c                  0x00000000   Number         0  motor.o ABSOLUTE
    ..\\rc_receiver\\rc_receiver.c           0x00000000   Number         0  rc_receiver.o ABSOLUTE
    ..\\servo\\servo.c                       0x00000000   Number         0  servo.o ABSOLUTE
    ..\car_driver\PWM.c                      0x00000000   Number         0  pwm.o ABSOLUTE
    ..\car_driver\car.c                      0x00000000   Number         0  car.o ABSOLUTE
    ..\car_driver\motor.c                    0x00000000   Number         0  motor.o ABSOLUTE
    ..\rc_receiver\rc_receiver.c             0x00000000   Number         0  rc_receiver.o ABSOLUTE
    ..\servo\servo.c                         0x00000000   Number         0  servo.o ABSOLUTE
    dc.s                                     0x00000000   Number         0  dc.o ABSOLUTE
    startup_stm32f103xb.s                    0x00000000   Number         0  startup_stm32f103xb.o ABSOLUTE
    RESET                                    0x08000000   Section      236  startup_stm32f103xb.o(RESET)
    !!!main                                  0x080000ec   Section        8  __main.o(!!!main)
    !!!scatter                               0x080000f4   Section       52  __scatter.o(!!!scatter)
    !!handler_copy                           0x08000128   Section       26  __scatter_copy.o(!!handler_copy)
    !!handler_zi                             0x08000144   Section       28  __scatter_zi.o(!!handler_zi)
    .ARM.Collect$$libinit$$00000000          0x08000160   Section        2  libinit.o(.ARM.Collect$$libinit$$00000000)
    .ARM.Collect$$libinit$$00000002          0x08000162   Section        0  libinit2.o(.ARM.Collect$$libinit$$00000002)
    .ARM.Collect$$libinit$$00000004          0x08000162   Section        0  libinit2.o(.ARM.Collect$$libinit$$00000004)
    .ARM.Collect$$libinit$$0000000A          0x08000162   Section        0  libinit2.o(.ARM.Collect$$libinit$$0000000A)
    .ARM.Collect$$libinit$$0000000C          0x08000162   Section        0  libinit2.o(.ARM.Collect$$libinit$$0000000C)
    .ARM.Collect$$libinit$$0000000E          0x08000162   Section        0  libinit2.o(.ARM.Collect$$libinit$$0000000E)
    .ARM.Collect$$libinit$$00000011          0x08000162   Section        0  libinit2.o(.ARM.Collect$$libinit$$00000011)
    .ARM.Collect$$libinit$$00000013          0x08000162   Section        0  libinit2.o(.ARM.Collect$$libinit$$00000013)
    .ARM.Collect$$libinit$$00000015          0x08000162   Section        0  libinit2.o(.ARM.Collect$$libinit$$00000015)
    .ARM.Collect$$libinit$$00000017          0x08000162   Section        0  libinit2.o(.ARM.Collect$$libinit$$00000017)
    .ARM.Collect$$libinit$$00000019          0x08000162   Section        0  libinit2.o(.ARM.Collect$$libinit$$00000019)
    .ARM.Collect$$libinit$$0000001B          0x08000162   Section        0  libinit2.o(.ARM.Collect$$libinit$$0000001B)
    .ARM.Collect$$libinit$$0000001D          0x08000162   Section        0  libinit2.o(.ARM.Collect$$libinit$$0000001D)
    .ARM.Collect$$libinit$$0000001F          0x08000162   Section        0  libinit2.o(.ARM.Collect$$libinit$$0000001F)
    .ARM.Collect$$libinit$$00000021          0x08000162   Section        0  libinit2.o(.ARM.Collect$$libinit$$00000021)
    .ARM.Collect$$libinit$$00000023          0x08000162   Section        0  libinit2.o(.ARM.Collect$$libinit$$00000023)
    .ARM.Collect$$libinit$$00000025          0x08000162   Section        0  libinit2.o(.ARM.Collect$$libinit$$00000025)
    .ARM.Collect$$libinit$$0000002C          0x08000162   Section        0  libinit2.o(.ARM.Collect$$libinit$$0000002C)
    .ARM.Collect$$libinit$$0000002E          0x08000162   Section        0  libinit2.o(.ARM.Collect$$libinit$$0000002E)
    .ARM.Collect$$libinit$$00000030          0x08000162   Section        0  libinit2.o(.ARM.Collect$$libinit$$00000030)
    .ARM.Collect$$libinit$$00000032          0x08000162   Section        0  libinit2.o(.ARM.Collect$$libinit$$00000032)
    .ARM.Collect$$libinit$$00000033          0x08000162   Section        2  libinit2.o(.ARM.Collect$$libinit$$00000033)
    .ARM.Collect$$libshutdown$$00000000      0x08000164   Section        2  libshutdown.o(.ARM.Collect$$libshutdown$$00000000)
    .ARM.Collect$$libshutdown$$00000003      0x08000166   Section        0  libshutdown2.o(.ARM.Collect$$libshutdown$$00000003)
    .ARM.Collect$$libshutdown$$00000006      0x08000166   Section        0  libshutdown2.o(.ARM.Collect$$libshutdown$$00000006)
    .ARM.Collect$$libshutdown$$00000009      0x08000166   Section        0  libshutdown2.o(.ARM.Collect$$libshutdown$$00000009)
    .ARM.Collect$$libshutdown$$0000000B      0x08000166   Section        0  libshutdown2.o(.ARM.Collect$$libshutdown$$0000000B)
    .ARM.Collect$$libshutdown$$0000000E      0x08000166   Section        0  libshutdown2.o(.ARM.Collect$$libshutdown$$0000000E)
    .ARM.Collect$$libshutdown$$0000000F      0x08000166   Section        2  libshutdown2.o(.ARM.Collect$$libshutdown$$0000000F)
    .ARM.Collect$$rtentry$$00000000          0x08000168   Section        0  __rtentry.o(.ARM.Collect$$rtentry$$00000000)
    .ARM.Collect$$rtentry$$00000002          0x08000168   Section        0  __rtentry2.o(.ARM.Collect$$rtentry$$00000002)
    .ARM.Collect$$rtentry$$00000004          0x08000168   Section        6  __rtentry4.o(.ARM.Collect$$rtentry$$00000004)
    .ARM.Collect$$rtentry$$00000009          0x0800016e   Section        0  __rtentry2.o(.ARM.Collect$$rtentry$$00000009)
    .ARM.Collect$$rtentry$$0000000A          0x0800016e   Section        4  __rtentry2.o(.ARM.Collect$$rtentry$$0000000A)
    .ARM.Collect$$rtentry$$0000000C          0x08000172   Section        0  __rtentry2.o(.ARM.Collect$$rtentry$$0000000C)
    .ARM.Collect$$rtentry$$0000000D          0x08000172   Section        8  __rtentry2.o(.ARM.Collect$$rtentry$$0000000D)
    .ARM.Collect$$rtexit$$00000000           0x0800017a   Section        2  rtexit.o(.ARM.Collect$$rtexit$$00000000)
    .ARM.Collect$$rtexit$$00000002           0x0800017c   Section        0  rtexit2.o(.ARM.Collect$$rtexit$$00000002)
    .ARM.Collect$$rtexit$$00000003           0x0800017c   Section        4  rtexit2.o(.ARM.Collect$$rtexit$$00000003)
    .ARM.Collect$$rtexit$$00000004           0x08000180   Section        6  rtexit2.o(.ARM.Collect$$rtexit$$00000004)
    .text                                    0x08000188   Section       64  startup_stm32f103xb.o(.text)
    .text                                    0x080001c8   Section      138  rt_memcpy_v6.o(.text)
    .text                                    0x08000252   Section       16  aeabi_memset.o(.text)
    .text                                    0x08000262   Section       68  rt_memclr.o(.text)
    .text                                    0x080002a6   Section       78  rt_memclr_w.o(.text)
    .text                                    0x080002f4   Section        0  heapauxi.o(.text)
    .text                                    0x080002fa   Section      100  rt_memcpy_w.o(.text)
    .text                                    0x0800035e   Section       74  sys_stackheap_outer.o(.text)
    .text                                    0x080003a8   Section        0  exit.o(.text)
    .text                                    0x080003b4   Section        8  libspace.o(.text)
    .text                                    0x080003bc   Section        0  sys_exit.o(.text)
    .text                                    0x080003c8   Section        2  use_no_semi.o(.text)
    .text                                    0x080003ca   Section        0  indicate_semi.o(.text)
    i.BusFault_Handler                       0x080003ca   Section        0  stm32f1xx_it.o(i.BusFault_Handler)
    i.DMA1_Channel4_IRQHandler               0x080003d0   Section        0  stm32f1xx_it.o(i.DMA1_Channel4_IRQHandler)
    i.DMA1_Channel5_IRQHandler               0x080003e0   Section        0  stm32f1xx_it.o(i.DMA1_Channel5_IRQHandler)
    i.DebugMon_Handler                       0x080003f0   Section        0  stm32f1xx_it.o(i.DebugMon_Handler)
    i.EXTI15_10_IRQHandler                   0x080003f2   Section        0  stm32f1xx_it.o(i.EXTI15_10_IRQHandler)
    i.Error_Handler                          0x080003fe   Section        0  main.o(i.Error_Handler)
    i.HAL_DMA_Abort                          0x08000404   Section        0  stm32f1xx_hal_dma.o(i.HAL_DMA_Abort)
    i.HAL_DMA_Abort_IT                       0x0800045c   Section        0  stm32f1xx_hal_dma.o(i.HAL_DMA_Abort_IT)
    i.HAL_DMA_IRQHandler                     0x0800050c   Section        0  stm32f1xx_hal_dma.o(i.HAL_DMA_IRQHandler)
    i.HAL_DMA_Init                           0x080006a8   Section        0  stm32f1xx_hal_dma.o(i.HAL_DMA_Init)
    i.HAL_Delay                              0x08000710   Section        0  stm32f1xx_hal.o(i.HAL_Delay)
    i.HAL_GPIO_EXTI_Callback                 0x08000738   Section        0  main.o(i.HAL_GPIO_EXTI_Callback)
    i.HAL_GPIO_EXTI_IRQHandler               0x0800074c   Section        0  stm32f1xx_hal_gpio.o(i.HAL_GPIO_EXTI_IRQHandler)
    i.HAL_GPIO_Init                          0x08000768   Section        0  stm32f1xx_hal_gpio.o(i.HAL_GPIO_Init)
    i.HAL_GPIO_WritePin                      0x08000a88   Section        0  stm32f1xx_hal_gpio.o(i.HAL_GPIO_WritePin)
    i.HAL_GetTick                            0x08000a94   Section        0  stm32f1xx_hal.o(i.HAL_GetTick)
    i.HAL_IncTick                            0x08000aa0   Section        0  stm32f1xx_hal.o(i.HAL_IncTick)
    i.HAL_Init                               0x08000ab8   Section        0  stm32f1xx_hal.o(i.HAL_Init)
    i.HAL_InitTick                           0x08000ae0   Section        0  stm32f1xx_hal.o(i.HAL_InitTick)
    i.HAL_MspInit                            0x08000b2c   Section        0  stm32f1xx_hal_msp.o(i.HAL_MspInit)
    i.HAL_NVIC_EnableIRQ                     0x08000b80   Section        0  stm32f1xx_hal_cortex.o(i.HAL_NVIC_EnableIRQ)
    i.HAL_NVIC_SetPriority                   0x08000ba0   Section        0  stm32f1xx_hal_cortex.o(i.HAL_NVIC_SetPriority)
    i.HAL_NVIC_SetPriorityGrouping           0x08000c1c   Section        0  stm32f1xx_hal_cortex.o(i.HAL_NVIC_SetPriorityGrouping)
    i.HAL_RCC_ClockConfig                    0x08000c44   Section        0  stm32f1xx_hal_rcc.o(i.HAL_RCC_ClockConfig)
    i.HAL_RCC_GetSysClockFreq                0x08000dd0   Section        0  stm32f1xx_hal_rcc.o(i.HAL_RCC_GetSysClockFreq)
    i.HAL_RCC_OscConfig                      0x08000e40   Section        0  stm32f1xx_hal_rcc.o(i.HAL_RCC_OscConfig)
    i.HAL_SPI_Abort                          0x080012a4   Section        0  stm32f1xx_hal_spi.o(i.HAL_SPI_Abort)
    i.HAL_SPI_ErrorCallback                  0x08001400   Section        0  stm32f1xx_hal_spi.o(i.HAL_SPI_ErrorCallback)
    i.HAL_SPI_IRQHandler                     0x08001404   Section        0  stm32f1xx_hal_spi.o(i.HAL_SPI_IRQHandler)
    i.HAL_SPI_Init                           0x08001538   Section        0  stm32f1xx_hal_spi.o(i.HAL_SPI_Init)
    i.HAL_SPI_MspInit                        0x080015f8   Section        0  stm32f1xx_hal_msp.o(i.HAL_SPI_MspInit)
    i.HAL_SPI_TransmitReceive                0x08001708   Section        0  stm32f1xx_hal_spi.o(i.HAL_SPI_TransmitReceive)
    i.HAL_SYSTICK_Config                     0x08001950   Section        0  stm32f1xx_hal_cortex.o(i.HAL_SYSTICK_Config)
    i.HAL_TIMEx_ConfigBreakDeadTime          0x08001984   Section        0  stm32f1xx_hal_tim_ex.o(i.HAL_TIMEx_ConfigBreakDeadTime)
    i.HAL_TIMEx_MasterConfigSynchronization  0x080019f8   Section        0  stm32f1xx_hal_tim_ex.o(i.HAL_TIMEx_MasterConfigSynchronization)
    i.HAL_TIM_Base_Init                      0x08001a7c   Section        0  stm32f1xx_hal_tim.o(i.HAL_TIM_Base_Init)
    i.HAL_TIM_Base_MspInit                   0x08001ae4   Section        0  stm32f1xx_hal_msp.o(i.HAL_TIM_Base_MspInit)
    i.HAL_TIM_ConfigClockSource              0x08001b14   Section        0  stm32f1xx_hal_tim.o(i.HAL_TIM_ConfigClockSource)
    i.HAL_TIM_MspPostInit                    0x08001c20   Section        0  stm32f1xx_hal_msp.o(i.HAL_TIM_MspPostInit)
    i.HAL_TIM_PWM_ConfigChannel              0x08001c78   Section        0  stm32f1xx_hal_tim.o(i.HAL_TIM_PWM_ConfigChannel)
    i.HAL_TIM_PWM_Init                       0x08001d7c   Section        0  stm32f1xx_hal_tim.o(i.HAL_TIM_PWM_Init)
    i.HAL_TIM_PWM_MspInit                    0x08001de2   Section        0  stm32f1xx_hal_tim.o(i.HAL_TIM_PWM_MspInit)
    i.HAL_TIM_PWM_Start                      0x08001de4   Section        0  stm32f1xx_hal_tim.o(i.HAL_TIM_PWM_Start)
    i.HardFault_Handler                      0x08001eb8   Section        0  stm32f1xx_it.o(i.HardFault_Handler)
    i.MX_DMA_Init                            0x08001ebc   Section        0  main.o(i.MX_DMA_Init)
    MX_DMA_Init                              0x08001ebd   Thumb Code    64  main.o(i.MX_DMA_Init)
    i.MX_GPIO_Init                           0x08001f00   Section        0  main.o(i.MX_GPIO_Init)
    MX_GPIO_Init                             0x08001f01   Thumb Code   212  main.o(i.MX_GPIO_Init)
    i.MX_SPI2_Init                           0x08001fe4   Section        0  main.o(i.MX_SPI2_Init)
    MX_SPI2_Init                             0x08001fe5   Thumb Code    76  main.o(i.MX_SPI2_Init)
    i.MX_TIM1_Init                           0x08002038   Section        0  main.o(i.MX_TIM1_Init)
    MX_TIM1_Init                             0x08002039   Thumb Code   222  main.o(i.MX_TIM1_Init)
    i.MemManage_Handler                      0x08002120   Section        0  stm32f1xx_it.o(i.MemManage_Handler)
    i.NMI_Handler                            0x08002124   Section        0  stm32f1xx_it.o(i.NMI_Handler)
    i.NRF24_SPI_DMA_Abort                    0x08002128   Section        0  nrf24_spi_dma.o(i.NRF24_SPI_DMA_Abort)
    i.NRF24_SPI_DMA_Init                     0x08002148   Section        0  nrf24_spi_dma.o(i.NRF24_SPI_DMA_Init)
    i.PendSV_Handler                         0x08002170   Section        0  stm32f1xx_it.o(i.PendSV_Handler)
    i.RCC_Delay                              0x08002174   Section        0  stm32f1xx_hal_rcc.o(i.RCC_Delay)
    RCC_Delay                                0x08002175   Thumb Code    36  stm32f1xx_hal_rcc.o(i.RCC_Delay)
    i.RC_Receiver_Init                       0x0800219c   Section        0  rc_receiver.o(i.RC_Receiver_Init)
    i.RC_Receiver_Task                       0x08002244   Section        0  rc_receiver.o(i.RC_Receiver_Task)
    i.SPI2_IRQHandler                        0x08002304   Section        0  stm32f1xx_it.o(i.SPI2_IRQHandler)
    i.SPI_AbortRx_ISR                        0x08002314   Section        0  stm32f1xx_hal_spi.o(i.SPI_AbortRx_ISR)
    SPI_AbortRx_ISR                          0x08002315   Thumb Code   106  stm32f1xx_hal_spi.o(i.SPI_AbortRx_ISR)
    i.SPI_AbortTx_ISR                        0x08002384   Section        0  stm32f1xx_hal_spi.o(i.SPI_AbortTx_ISR)
    SPI_AbortTx_ISR                          0x08002385   Thumb Code    32  stm32f1xx_hal_spi.o(i.SPI_AbortTx_ISR)
    i.SPI_DMAAbortOnError                    0x080023a4   Section        0  stm32f1xx_hal_spi.o(i.SPI_DMAAbortOnError)
    SPI_DMAAbortOnError                      0x080023a5   Thumb Code    20  stm32f1xx_hal_spi.o(i.SPI_DMAAbortOnError)
    i.SPI_EndRxTxTransaction                 0x080023b8   Section        0  stm32f1xx_hal_spi.o(i.SPI_EndRxTxTransaction)
    SPI_EndRxTxTransaction                   0x080023b9   Thumb Code    68  stm32f1xx_hal_spi.o(i.SPI_EndRxTxTransaction)
    i.SPI_WaitFlagStateUntilTimeout          0x080023fc   Section        0  stm32f1xx_hal_spi.o(i.SPI_WaitFlagStateUntilTimeout)
    SPI_WaitFlagStateUntilTimeout            0x080023fd   Thumb Code   210  stm32f1xx_hal_spi.o(i.SPI_WaitFlagStateUntilTimeout)
    i.SVC_Handler                            0x080024d4   Section        0  stm32f1xx_it.o(i.SVC_Handler)
    i.Servo_WritePct                         0x080024d6   Section        0  servo.o(i.Servo_WritePct)
    i.Servo_WriteUS                          0x0800250a   Section        0  servo.o(i.Servo_WriteUS)
    i.SysTick_Handler                        0x0800256a   Section        0  stm32f1xx_it.o(i.SysTick_Handler)
    i.SystemClock_Config                     0x08002572   Section        0  main.o(i.SystemClock_Config)
    i.SystemInit                             0x080025d8   Section        0  system_stm32f1xx.o(i.SystemInit)
    i.TIM_Base_SetConfig                     0x080025dc   Section        0  stm32f1xx_hal_tim.o(i.TIM_Base_SetConfig)
    i.TIM_CCxChannelCmd                      0x08002660   Section        0  stm32f1xx_hal_tim.o(i.TIM_CCxChannelCmd)
    i.TIM_ETR_SetConfig                      0x08002682   Section        0  stm32f1xx_hal_tim.o(i.TIM_ETR_SetConfig)
    i.TIM_ITRx_SetConfig                     0x08002698   Section        0  stm32f1xx_hal_tim.o(i.TIM_ITRx_SetConfig)
    TIM_ITRx_SetConfig                       0x08002699   Thumb Code    18  stm32f1xx_hal_tim.o(i.TIM_ITRx_SetConfig)
    i.TIM_OC1_SetConfig                      0x080026ac   Section        0  stm32f1xx_hal_tim.o(i.TIM_OC1_SetConfig)
    TIM_OC1_SetConfig                        0x080026ad   Thumb Code    90  stm32f1xx_hal_tim.o(i.TIM_OC1_SetConfig)
    i.TIM_OC2_SetConfig                      0x0800270c   Section        0  stm32f1xx_hal_tim.o(i.TIM_OC2_SetConfig)
    i.TIM_OC3_SetConfig                      0x08002774   Section        0  stm32f1xx_hal_tim.o(i.TIM_OC3_SetConfig)
    TIM_OC3_SetConfig                        0x08002775   Thumb Code    98  stm32f1xx_hal_tim.o(i.TIM_OC3_SetConfig)
    i.TIM_OC4_SetConfig                      0x080027dc   Section        0  stm32f1xx_hal_tim.o(i.TIM_OC4_SetConfig)
    TIM_OC4_SetConfig                        0x080027dd   Thumb Code    68  stm32f1xx_hal_tim.o(i.TIM_OC4_SetConfig)
    i.TIM_TI1_ConfigInputStage               0x08002824   Section        0  stm32f1xx_hal_tim.o(i.TIM_TI1_ConfigInputStage)
    TIM_TI1_ConfigInputStage                 0x08002825   Thumb Code    38  stm32f1xx_hal_tim.o(i.TIM_TI1_ConfigInputStage)
    i.TIM_TI2_ConfigInputStage               0x0800284a   Section        0  stm32f1xx_hal_tim.o(i.TIM_TI2_ConfigInputStage)
    TIM_TI2_ConfigInputStage                 0x0800284b   Thumb Code    40  stm32f1xx_hal_tim.o(i.TIM_TI2_ConfigInputStage)
    i.UsageFault_Handler                     0x08002872   Section        0  stm32f1xx_it.o(i.UsageFault_Handler)
    i.__NVIC_GetPriorityGrouping             0x08002878   Section        0  stm32f1xx_hal_cortex.o(i.__NVIC_GetPriorityGrouping)
    __NVIC_GetPriorityGrouping               0x08002879   Thumb Code    10  stm32f1xx_hal_cortex.o(i.__NVIC_GetPriorityGrouping)
    i.__NVIC_SetPriority                     0x08002888   Section        0  stm32f1xx_hal_cortex.o(i.__NVIC_SetPriority)
    __NVIC_SetPriority                       0x08002889   Thumb Code    32  stm32f1xx_hal_cortex.o(i.__NVIC_SetPriority)
    i.car_control                            0x080028b0   Section        0  car.o(i.car_control)
    i.car_drive_percent                      0x08002940   Section        0  car.o(i.car_drive_percent)
    i.car_init                               0x080029c4   Section        0  car.o(i.car_init)
    i.clamp100                               0x08002a0c   Section        0  rc_receiver.o(i.clamp100)
    clamp100                                 0x08002a0d   Thumb Code    26  rc_receiver.o(i.clamp100)
    i.clamp_u8                               0x08002a26   Section        0  car.o(i.clamp_u8)
    clamp_u8                                 0x08002a27   Thumb Code    18  car.o(i.clamp_u8)
    i.control_motor                          0x08002a38   Section        0  motor.o(i.control_motor)
    i.csn_high                               0x08002ab0   Section        0  nrf24_dma_driver.o(i.csn_high)
    csn_high                                 0x08002ab1   Thumb Code    14  nrf24_dma_driver.o(i.csn_high)
    i.csn_low                                0x08002ac4   Section        0  nrf24_dma_driver.o(i.csn_low)
    csn_low                                  0x08002ac5   Thumb Code    16  nrf24_dma_driver.o(i.csn_low)
    i.deadzone                               0x08002ad8   Section        0  rc_receiver.o(i.deadzone)
    deadzone                                 0x08002ad9   Thumb Code    20  rc_receiver.o(i.deadzone)
    i.handle_pwm__set_duty                   0x08002aec   Section        0  pwm.o(i.handle_pwm__set_duty)
    i.main                                   0x08002b2c   Section        0  main.o(i.main)
    i.map_axis_signed                        0x08002b6c   Section        0  rc_receiver.o(i.map_axis_signed)
    map_axis_signed                          0x08002b6d   Thumb Code    52  rc_receiver.o(i.map_axis_signed)
    i.motor_init                             0x08002ba0   Section        0  motor.o(i.motor_init)
    i.nrf24_ce_high                          0x08002bd4   Section        0  nrf24_dma_driver.o(i.nrf24_ce_high)
    i.nrf24_ce_low                           0x08002be8   Section        0  nrf24_dma_driver.o(i.nrf24_ce_low)
    i.nrf24_driver_init                      0x08002bfc   Section        0  nrf24_dma_driver.o(i.nrf24_driver_init)
    i.nrf24_flush_rx                         0x08002c44   Section        0  nrf24_dma_driver.o(i.nrf24_flush_rx)
    i.nrf24_flush_tx                         0x08002c70   Section        0  nrf24_dma_driver.o(i.nrf24_flush_tx)
    i.nrf24_get_status                       0x08002c9c   Section        0  nrf24_dma_driver.o(i.nrf24_get_status)
    i.nrf24_read_rx_payload_dma              0x08002cd4   Section        0  nrf24_dma_driver.o(i.nrf24_read_rx_payload_dma)
    i.nrf24_set_rx_mode                      0x08002d28   Section        0  nrf24_dma_driver.o(i.nrf24_set_rx_mode)
    i.nrf24_spi_dma_busy                     0x08002d50   Section        0  nrf24_spi_dma.o(i.nrf24_spi_dma_busy)
    i.nrf24_spi_transfer_polling             0x08002d64   Section        0  nrf24_spi_dma.o(i.nrf24_spi_transfer_polling)
    i.nrf24_write_reg_byte                   0x08002db4   Section        0  nrf24_dma_driver.o(i.nrf24_write_reg_byte)
    i.nrf24_write_register                   0x08002dc4   Section        0  nrf24_dma_driver.o(i.nrf24_write_register)
    i.rc_handle_frame                        0x08002e08   Section        0  rc_receiver.o(i.rc_handle_frame)
    rc_handle_frame                          0x08002e09   Thumb Code   210  rc_receiver.o(i.rc_handle_frame)
    .constdata                               0x08002ee8   Section       18  stm32f1xx_hal_rcc.o(.constdata)
    aPLLMULFactorTable                       0x08002ee8   Data          16  stm32f1xx_hal_rcc.o(.constdata)
    aPredivFactorTable                       0x08002ef8   Data           2  stm32f1xx_hal_rcc.o(.constdata)
    .constdata                               0x08002efa   Section       24  system_stm32f1xx.o(.constdata)
    .constdata                               0x08002f12   Section        5  rc_receiver.o(.constdata)
    RC_ADDR                                  0x08002f12   Data           5  rc_receiver.o(.constdata)
    .data                                    0x20000000   Section        1  main.o(.data)
    .data                                    0x20000004   Section        9  stm32f1xx_hal.o(.data)
    .data                                    0x20000010   Section        4  system_stm32f1xx.o(.data)
    .data                                    0x20000014   Section       12  rc_receiver.o(.data)
    last_rx_ms                               0x20000014   Data           4  rc_receiver.o(.data)
    pServoA                                  0x20000018   Data           4  rc_receiver.o(.data)
    pServoB                                  0x2000001c   Data           4  rc_receiver.o(.data)
    .data                                    0x20000020   Section        5  nrf24_spi_dma.o(.data)
    nrf_hspi                                 0x20000020   Data           4  nrf24_spi_dma.o(.data)
    spi_dma_done_flag                        0x20000024   Data           1  nrf24_spi_dma.o(.data)
    .bss                                     0x20000028   Section      296  main.o(.bss)
    .bss                                     0x20000150   Section       17  rc_receiver.o(.bss)
    .bss                                     0x20000164   Section       48  car.o(.bss)
    motor_right                              0x20000164   Data          24  car.o(.bss)
    motor_left                               0x2000017c   Data          24  car.o(.bss)
    .bss                                     0x20000194   Section       68  nrf24_dma_driver.o(.bss)
    spi_tx_buf                               0x20000194   Data          34  nrf24_dma_driver.o(.bss)
    spi_rx_buf                               0x200001b6   Data          34  nrf24_dma_driver.o(.bss)
    .bss                                     0x200001d8   Section       96  libspace.o(.bss)
    HEAP                                     0x20000238   Section      512  startup_stm32f103xb.o(HEAP)
    Heap_Mem                                 0x20000238   Data         512  startup_stm32f103xb.o(HEAP)
    STACK                                    0x20000438   Section     1024  startup_stm32f103xb.o(STACK)
    Stack_Mem                                0x20000438   Data        1024  startup_stm32f103xb.o(STACK)
    __initial_sp                             0x20000838   Data           0  startup_stm32f103xb.o(STACK)

    Global Symbols

    Symbol Name                              Value     Ov Type        Size  Object(Section)

    BuildAttributes$$THM_ISAv4$P$D$K$B$S$PE$A:L22UL41UL21$X:L11$S22US41US21$IEEE1$IW$USESV6$~STKCKD$USESV7$~SHL$OSPACE$ROPI$EBA8$UX$STANDARDLIB$REQ8$PRES8$EABIv2 0x00000000   Number         0  anon$$obj.o ABSOLUTE
    __ARM_use_no_argv                        0x00000000   Number         0  main.o ABSOLUTE
    __ARM_exceptions_init                     - Undefined Weak Reference
    __alloca_initialize                       - Undefined Weak Reference
    __arm_preinit_                            - Undefined Weak Reference
    __cpp_initialize__aeabi_                  - Undefined Weak Reference
    __cxa_finalize                            - Undefined Weak Reference
    __rt_locale                               - Undefined Weak Reference
    __sigvec_lookup                           - Undefined Weak Reference
    _atexit_init                              - Undefined Weak Reference
    _call_atexit_fns                          - Undefined Weak Reference
    _clock_init                               - Undefined Weak Reference
    _fp_trap_init                             - Undefined Weak Reference
    _fp_trap_shutdown                         - Undefined Weak Reference
    _get_lc_collate                           - Undefined Weak Reference
    _get_lc_ctype                             - Undefined Weak Reference
    _get_lc_monetary                          - Undefined Weak Reference
    _get_lc_numeric                           - Undefined Weak Reference
    _get_lc_time                              - Undefined Weak Reference
    _getenv_init                              - Undefined Weak Reference
    _handle_redirection                       - Undefined Weak Reference
    _init_alloc                               - Undefined Weak Reference
    _init_user_alloc                          - Undefined Weak Reference
    _initio                                   - Undefined Weak Reference
    _rand_init                                - Undefined Weak Reference
    _signal_finish                            - Undefined Weak Reference
    _signal_init                              - Undefined Weak Reference
    _terminate_alloc                          - Undefined Weak Reference
    _terminate_user_alloc                     - Undefined Weak Reference
    _terminateio                              - Undefined Weak Reference
    __Vectors_Size                           0x000000ec   Number         0  startup_stm32f103xb.o ABSOLUTE
    __Vectors                                0x08000000   Data           4  startup_stm32f103xb.o(RESET)
    __Vectors_End                            0x080000ec   Data           0  startup_stm32f103xb.o(RESET)
    __main                                   0x080000ed   Thumb Code     8  __main.o(!!!main)
    __scatterload                            0x080000f5   Thumb Code     0  __scatter.o(!!!scatter)
    __scatterload_rt2                        0x080000f5   Thumb Code    44  __scatter.o(!!!scatter)
    __scatterload_rt2_thumb_only             0x080000f5   Thumb Code     0  __scatter.o(!!!scatter)
    __scatterload_null                       0x08000103   Thumb Code     0  __scatter.o(!!!scatter)
    __scatterload_copy                       0x08000129   Thumb Code    26  __scatter_copy.o(!!handler_copy)
    __scatterload_zeroinit                   0x08000145   Thumb Code    28  __scatter_zi.o(!!handler_zi)
    __rt_lib_init                            0x08000161   Thumb Code     0  libinit.o(.ARM.Collect$$libinit$$00000000)
    __rt_lib_init_alloca_1                   0x08000163   Thumb Code     0  libinit2.o(.ARM.Collect$$libinit$$0000002E)
    __rt_lib_init_argv_1                     0x08000163   Thumb Code     0  libinit2.o(.ARM.Collect$$libinit$$0000002C)
    __rt_lib_init_atexit_1                   0x08000163   Thumb Code     0  libinit2.o(.ARM.Collect$$libinit$$0000001B)
    __rt_lib_init_clock_1                    0x08000163   Thumb Code     0  libinit2.o(.ARM.Collect$$libinit$$00000021)
    __rt_lib_init_cpp_1                      0x08000163   Thumb Code     0  libinit2.o(.ARM.Collect$$libinit$$00000032)
    __rt_lib_init_exceptions_1               0x08000163   Thumb Code     0  libinit2.o(.ARM.Collect$$libinit$$00000030)
    __rt_lib_init_fp_1                       0x08000163   Thumb Code     0  libinit2.o(.ARM.Collect$$libinit$$00000002)
    __rt_lib_init_fp_trap_1                  0x08000163   Thumb Code     0  libinit2.o(.ARM.Collect$$libinit$$0000001F)
    __rt_lib_init_getenv_1                   0x08000163   Thumb Code     0  libinit2.o(.ARM.Collect$$libinit$$00000023)
    __rt_lib_init_heap_1                     0x08000163   Thumb Code     0  libinit2.o(.ARM.Collect$$libinit$$0000000A)
    __rt_lib_init_lc_collate_1               0x08000163   Thumb Code     0  libinit2.o(.ARM.Collect$$libinit$$00000011)
    __rt_lib_init_lc_ctype_1                 0x08000163   Thumb Code     0  libinit2.o(.ARM.Collect$$libinit$$00000013)
    __rt_lib_init_lc_monetary_1              0x08000163   Thumb Code     0  libinit2.o(.ARM.Collect$$libinit$$00000015)
    __rt_lib_init_lc_numeric_1               0x08000163   Thumb Code     0  libinit2.o(.ARM.Collect$$libinit$$00000017)
    __rt_lib_init_lc_time_1                  0x08000163   Thumb Code     0  libinit2.o(.ARM.Collect$$libinit$$00000019)
    __rt_lib_init_preinit_1                  0x08000163   Thumb Code     0  libinit2.o(.ARM.Collect$$libinit$$00000004)
    __rt_lib_init_rand_1                     0x08000163   Thumb Code     0  libinit2.o(.ARM.Collect$$libinit$$0000000E)
    __rt_lib_init_return                     0x08000163   Thumb Code     0  libinit2.o(.ARM.Collect$$libinit$$00000033)
    __rt_lib_init_signal_1                   0x08000163   Thumb Code     0  libinit2.o(.ARM.Collect$$libinit$$0000001D)
    __rt_lib_init_stdio_1                    0x08000163   Thumb Code     0  libinit2.o(.ARM.Collect$$libinit$$00000025)
    __rt_lib_init_user_alloc_1               0x08000163   Thumb Code     0  libinit2.o(.ARM.Collect$$libinit$$0000000C)
    __rt_lib_shutdown                        0x08000165   Thumb Code     0  libshutdown.o(.ARM.Collect$$libshutdown$$00000000)
    __rt_lib_shutdown_fp_trap_1              0x08000167   Thumb Code     0  libshutdown2.o(.ARM.Collect$$libshutdown$$00000006)
    __rt_lib_shutdown_heap_1                 0x08000167   Thumb Code     0  libshutdown2.o(.ARM.Collect$$libshutdown$$0000000E)
    __rt_lib_shutdown_return                 0x08000167   Thumb Code     0  libshutdown2.o(.ARM.Collect$$libshutdown$$0000000F)
    __rt_lib_shutdown_signal_1               0x08000167   Thumb Code     0  libshutdown2.o(.ARM.Collect$$libshutdown$$00000009)
    __rt_lib_shutdown_stdio_1                0x08000167   Thumb Code     0  libshutdown2.o(.ARM.Collect$$libshutdown$$00000003)
    __rt_lib_shutdown_user_alloc_1           0x08000167   Thumb Code     0  libshutdown2.o(.ARM.Collect$$libshutdown$$0000000B)
    __rt_entry                               0x08000169   Thumb Code     0  __rtentry.o(.ARM.Collect$$rtentry$$00000000)
    __rt_entry_presh_1                       0x08000169   Thumb Code     0  __rtentry2.o(.ARM.Collect$$rtentry$$00000002)
    __rt_entry_sh                            0x08000169   Thumb Code     0  __rtentry4.o(.ARM.Collect$$rtentry$$00000004)
    __rt_entry_li                            0x0800016f   Thumb Code     0  __rtentry2.o(.ARM.Collect$$rtentry$$0000000A)
    __rt_entry_postsh_1                      0x0800016f   Thumb Code     0  __rtentry2.o(.ARM.Collect$$rtentry$$00000009)
    __rt_entry_main                          0x08000173   Thumb Code     0  __rtentry2.o(.ARM.Collect$$rtentry$$0000000D)
    __rt_entry_postli_1                      0x08000173   Thumb Code     0  __rtentry2.o(.ARM.Collect$$rtentry$$0000000C)
    __rt_exit                                0x0800017b   Thumb Code     0  rtexit.o(.ARM.Collect$$rtexit$$00000000)
    __rt_exit_ls                             0x0800017d   Thumb Code     0  rtexit2.o(.ARM.Collect$$rtexit$$00000003)
    __rt_exit_prels_1                        0x0800017d   Thumb Code     0  rtexit2.o(.ARM.Collect$$rtexit$$00000002)
    __rt_exit_exit                           0x08000181   Thumb Code     0  rtexit2.o(.ARM.Collect$$rtexit$$00000004)
    Reset_Handler                            0x08000189   Thumb Code     8  startup_stm32f103xb.o(.text)
    ADC1_2_IRQHandler                        0x080001a3   Thumb Code     0  startup_stm32f103xb.o(.text)
    CAN1_RX1_IRQHandler                      0x080001a3   Thumb Code     0  startup_stm32f103xb.o(.text)
    CAN1_SCE_IRQHandler                      0x080001a3   Thumb Code     0  startup_stm32f103xb.o(.text)
    DMA1_Channel1_IRQHandler                 0x080001a3   Thumb Code     0  startup_stm32f103xb.o(.text)
    DMA1_Channel2_IRQHandler                 0x080001a3   Thumb Code     0  startup_stm32f103xb.o(.text)
    DMA1_Channel3_IRQHandler                 0x080001a3   Thumb Code     0  startup_stm32f103xb.o(.text)
    DMA1_Channel6_IRQHandler                 0x080001a3   Thumb Code     0  startup_stm32f103xb.o(.text)
    DMA1_Channel7_IRQHandler                 0x080001a3   Thumb Code     0  startup_stm32f103xb.o(.text)
    EXTI0_IRQHandler                         0x080001a3   Thumb Code     0  startup_stm32f103xb.o(.text)
    EXTI1_IRQHandler                         0x080001a3   Thumb Code     0  startup_stm32f103xb.o(.text)
    EXTI2_IRQHandler                         0x080001a3   Thumb Code     0  startup_stm32f103xb.o(.text)
    EXTI3_IRQHandler                         0x080001a3   Thumb Code     0  startup_stm32f103xb.o(.text)
    EXTI4_IRQHandler                         0x080001a3   Thumb Code     0  startup_stm32f103xb.o(.text)
    EXTI9_5_IRQHandler                       0x080001a3   Thumb Code     0  startup_stm32f103xb.o(.text)
    FLASH_IRQHandler                         0x080001a3   Thumb Code     0  startup_stm32f103xb.o(.text)
    I2C1_ER_IRQHandler                       0x080001a3   Thumb Code     0  startup_stm32f103xb.o(.text)
    I2C1_EV_IRQHandler                       0x080001a3   Thumb Code     0  startup_stm32f103xb.o(.text)
    I2C2_ER_IRQHandler                       0x080001a3   Thumb Code     0  startup_stm32f103xb.o(.text)
    I2C2_EV_IRQHandler                       0x080001a3   Thumb Code     0  startup_stm32f103xb.o(.text)
    PVD_IRQHandler                           0x080001a3   Thumb Code     0  startup_stm32f103xb.o(.text)
    RCC_IRQHandler                           0x080001a3   Thumb Code     0  startup_stm32f103xb.o(.text)
    RTC_Alarm_IRQHandler                     0x080001a3   Thumb Code     0  startup_stm32f103xb.o(.text)
    RTC_IRQHandler                           0x080001a3   Thumb Code     0  startup_stm32f103xb.o(.text)
    SPI1_IRQHandler                          0x080001a3   Thumb Code     0  startup_stm32f103xb.o(.text)
    TAMPER_IRQHandler                        0x080001a3   Thumb Code     0  startup_stm32f103xb.o(.text)
    TIM1_BRK_IRQHandler                      0x080001a3   Thumb Code     0  startup_stm32f103xb.o(.text)
    TIM1_CC_IRQHandler                       0x080001a3   Thumb Code     0  startup_stm32f103xb.o(.text)
    TIM1_TRG_COM_IRQHandler                  0x080001a3   Thumb Code     0  startup_stm32f103xb.o(.text)
    TIM1_UP_IRQHandler                       0x080001a3   Thumb Code     0  startup_stm32f103xb.o(.text)
    TIM2_IRQHandler                          0x080001a3   Thumb Code     0  startup_stm32f103xb.o(.text)
    TIM3_IRQHandler                          0x080001a3   Thumb Code     0  startup_stm32f103xb.o(.text)
    TIM4_IRQHandler                          0x080001a3   Thumb Code     0  startup_stm32f103xb.o(.text)
    USART1_IRQHandler                        0x080001a3   Thumb Code     0  startup_stm32f103xb.o(.text)
    USART2_IRQHandler                        0x080001a3   Thumb Code     0  startup_stm32f103xb.o(.text)
    USART3_IRQHandler                        0x080001a3   Thumb Code     0  startup_stm32f103xb.o(.text)
    USBWakeUp_IRQHandler                     0x080001a3   Thumb Code     0  startup_stm32f103xb.o(.text)
    USB_HP_CAN1_TX_IRQHandler                0x080001a3   Thumb Code     0  startup_stm32f103xb.o(.text)
    USB_LP_CAN1_RX0_IRQHandler               0x080001a3   Thumb Code     0  startup_stm32f103xb.o(.text)
    WWDG_IRQHandler                          0x080001a3   Thumb Code     0  startup_stm32f103xb.o(.text)
    __user_initial_stackheap                 0x080001a5   Thumb Code     0  startup_stm32f103xb.o(.text)
    __aeabi_memcpy                           0x080001c9   Thumb Code     0  rt_memcpy_v6.o(.text)
    __rt_memcpy                              0x080001c9   Thumb Code   138  rt_memcpy_v6.o(.text)
    _memcpy_lastbytes                        0x0800022f   Thumb Code     0  rt_memcpy_v6.o(.text)
    __aeabi_memset                           0x08000253   Thumb Code    16  aeabi_memset.o(.text)
    __aeabi_memclr                           0x08000263   Thumb Code     0  rt_memclr.o(.text)
    __rt_memclr                              0x08000263   Thumb Code    68  rt_memclr.o(.text)
    _memset                                  0x08000267   Thumb Code     0  rt_memclr.o(.text)
    __aeabi_memclr4                          0x080002a7   Thumb Code     0  rt_memclr_w.o(.text)
    __aeabi_memclr8                          0x080002a7   Thumb Code     0  rt_memclr_w.o(.text)
    __rt_memclr_w                            0x080002a7   Thumb Code    78  rt_memclr_w.o(.text)
    _memset_w                                0x080002ab   Thumb Code     0  rt_memclr_w.o(.text)
    __use_two_region_memory                  0x080002f5   Thumb Code     2  heapauxi.o(.text)
    __rt_heap_escrow$2region                 0x080002f7   Thumb Code     2  heapauxi.o(.text)
    __rt_heap_expand$2region                 0x080002f9   Thumb Code     2  heapauxi.o(.text)
    __aeabi_memcpy4                          0x080002fb   Thumb Code     0  rt_memcpy_w.o(.text)
    __aeabi_memcpy8                          0x080002fb   Thumb Code     0  rt_memcpy_w.o(.text)
    __rt_memcpy_w                            0x080002fb   Thumb Code   100  rt_memcpy_w.o(.text)
    _memcpy_lastbytes_aligned                0x08000343   Thumb Code     0  rt_memcpy_w.o(.text)
    __user_setup_stackheap                   0x0800035f   Thumb Code    74  sys_stackheap_outer.o(.text)
    exit                                     0x080003a9   Thumb Code    12  exit.o(.text)
    __user_libspace                          0x080003b5   Thumb Code     8  libspace.o(.text)
    __user_perproc_libspace                  0x080003b5   Thumb Code     0  libspace.o(.text)
    __user_perthread_libspace                0x080003b5   Thumb Code     0  libspace.o(.text)
    _sys_exit                                0x080003bd   Thumb Code     8  sys_exit.o(.text)
    __I$use$semihosting                      0x080003c9   Thumb Code     0  use_no_semi.o(.text)
    __use_no_semihosting_swi                 0x080003c9   Thumb Code     2  use_no_semi.o(.text)
    BusFault_Handler                         0x080003cb   Thumb Code     4  stm32f1xx_it.o(i.BusFault_Handler)
    __semihosting_library_function           0x080003cb   Thumb Code     0  indicate_semi.o(.text)
    DMA1_Channel4_IRQHandler                 0x080003d1   Thumb Code    10  stm32f1xx_it.o(i.DMA1_Channel4_IRQHandler)
    DMA1_Channel5_IRQHandler                 0x080003e1   Thumb Code    10  stm32f1xx_it.o(i.DMA1_Channel5_IRQHandler)
    DebugMon_Handler                         0x080003f1   Thumb Code     2  stm32f1xx_it.o(i.DebugMon_Handler)
    EXTI15_10_IRQHandler                     0x080003f3   Thumb Code    12  stm32f1xx_it.o(i.EXTI15_10_IRQHandler)
    Error_Handler                            0x080003ff   Thumb Code     6  main.o(i.Error_Handler)
    HAL_DMA_Abort                            0x08000405   Thumb Code    86  stm32f1xx_hal_dma.o(i.HAL_DMA_Abort)
    HAL_DMA_Abort_IT                         0x0800045d   Thumb Code   172  stm32f1xx_hal_dma.o(i.HAL_DMA_Abort_IT)
    HAL_DMA_IRQHandler                       0x0800050d   Thumb Code   408  stm32f1xx_hal_dma.o(i.HAL_DMA_IRQHandler)
    HAL_DMA_Init                             0x080006a9   Thumb Code   100  stm32f1xx_hal_dma.o(i.HAL_DMA_Init)
    HAL_Delay                                0x08000711   Thumb Code    36  stm32f1xx_hal.o(i.HAL_Delay)
    HAL_GPIO_EXTI_Callback                   0x08000739   Thumb Code    14  main.o(i.HAL_GPIO_EXTI_Callback)
    HAL_GPIO_EXTI_IRQHandler                 0x0800074d   Thumb Code    24  stm32f1xx_hal_gpio.o(i.HAL_GPIO_EXTI_IRQHandler)
    HAL_GPIO_Init                            0x08000769   Thumb Code   766  stm32f1xx_hal_gpio.o(i.HAL_GPIO_Init)
    HAL_GPIO_WritePin                        0x08000a89   Thumb Code    12  stm32f1xx_hal_gpio.o(i.HAL_GPIO_WritePin)
    HAL_GetTick                              0x08000a95   Thumb Code     6  stm32f1xx_hal.o(i.HAL_GetTick)
    HAL_IncTick                              0x08000aa1   Thumb Code    16  stm32f1xx_hal.o(i.HAL_IncTick)
    HAL_Init                                 0x08000ab9   Thumb Code    34  stm32f1xx_hal.o(i.HAL_Init)
    HAL_InitTick                             0x08000ae1   Thumb Code    64  stm32f1xx_hal.o(i.HAL_InitTick)
    HAL_MspInit                              0x08000b2d   Thumb Code    76  stm32f1xx_hal_msp.o(i.HAL_MspInit)
    HAL_NVIC_EnableIRQ                       0x08000b81   Thumb Code    32  stm32f1xx_hal_cortex.o(i.HAL_NVIC_EnableIRQ)
    HAL_NVIC_SetPriority                     0x08000ba1   Thumb Code   124  stm32f1xx_hal_cortex.o(i.HAL_NVIC_SetPriority)
    HAL_NVIC_SetPriorityGrouping             0x08000c1d   Thumb Code    32  stm32f1xx_hal_cortex.o(i.HAL_NVIC_SetPriorityGrouping)
    HAL_RCC_ClockConfig                      0x08000c45   Thumb Code   376  stm32f1xx_hal_rcc.o(i.HAL_RCC_ClockConfig)
    HAL_RCC_GetSysClockFreq                  0x08000dd1   Thumb Code    92  stm32f1xx_hal_rcc.o(i.HAL_RCC_GetSysClockFreq)
    HAL_RCC_OscConfig                        0x08000e41   Thumb Code  1114  stm32f1xx_hal_rcc.o(i.HAL_RCC_OscConfig)
    HAL_SPI_Abort                            0x080012a5   Thumb Code   334  stm32f1xx_hal_spi.o(i.HAL_SPI_Abort)
    HAL_SPI_ErrorCallback                    0x08001401   Thumb Code     2  stm32f1xx_hal_spi.o(i.HAL_SPI_ErrorCallback)
    HAL_SPI_IRQHandler                       0x08001405   Thumb Code   304  stm32f1xx_hal_spi.o(i.HAL_SPI_IRQHandler)
    HAL_SPI_Init                             0x08001539   Thumb Code   190  stm32f1xx_hal_spi.o(i.HAL_SPI_Init)
    HAL_SPI_MspInit                          0x080015f9   Thumb Code   246  stm32f1xx_hal_msp.o(i.HAL_SPI_MspInit)
    HAL_SPI_TransmitReceive                  0x08001709   Thumb Code   584  stm32f1xx_hal_spi.o(i.HAL_SPI_TransmitReceive)
    HAL_SYSTICK_Config                       0x08001951   Thumb Code    52  stm32f1xx_hal_cortex.o(i.HAL_SYSTICK_Config)
    HAL_TIMEx_ConfigBreakDeadTime            0x08001985   Thumb Code   116  stm32f1xx_hal_tim_ex.o(i.HAL_TIMEx_ConfigBreakDeadTime)
    HAL_TIMEx_MasterConfigSynchronization    0x080019f9   Thumb Code   118  stm32f1xx_hal_tim_ex.o(i.HAL_TIMEx_MasterConfigSynchronization)
    HAL_TIM_Base_Init                        0x08001a7d   Thumb Code   102  stm32f1xx_hal_tim.o(i.HAL_TIM_Base_Init)
    HAL_TIM_Base_MspInit                     0x08001ae5   Thumb Code    40  stm32f1xx_hal_msp.o(i.HAL_TIM_Base_MspInit)
    HAL_TIM_ConfigClockSource                0x08001b15   Thumb Code   268  stm32f1xx_hal_tim.o(i.HAL_TIM_ConfigClockSource)
    HAL_TIM_MspPostInit                      0x08001c21   Thumb Code    76  stm32f1xx_hal_msp.o(i.HAL_TIM_MspPostInit)
    HAL_TIM_PWM_ConfigChannel                0x08001c79   Thumb Code   260  stm32f1xx_hal_tim.o(i.HAL_TIM_PWM_ConfigChannel)
    HAL_TIM_PWM_Init                         0x08001d7d   Thumb Code   102  stm32f1xx_hal_tim.o(i.HAL_TIM_PWM_Init)
    HAL_TIM_PWM_MspInit                      0x08001de3   Thumb Code     2  stm32f1xx_hal_tim.o(i.HAL_TIM_PWM_MspInit)
    HAL_TIM_PWM_Start                        0x08001de5   Thumb Code   198  stm32f1xx_hal_tim.o(i.HAL_TIM_PWM_Start)
    HardFault_Handler                        0x08001eb9   Thumb Code     4  stm32f1xx_it.o(i.HardFault_Handler)
    MemManage_Handler                        0x08002121   Thumb Code     4  stm32f1xx_it.o(i.MemManage_Handler)
    NMI_Handler                              0x08002125   Thumb Code     4  stm32f1xx_it.o(i.NMI_Handler)
    NRF24_SPI_DMA_Abort                      0x08002129   Thumb Code    24  nrf24_spi_dma.o(i.NRF24_SPI_DMA_Abort)
    NRF24_SPI_DMA_Init                       0x08002149   Thumb Code    30  nrf24_spi_dma.o(i.NRF24_SPI_DMA_Init)
    PendSV_Handler                           0x08002171   Thumb Code     2  stm32f1xx_it.o(i.PendSV_Handler)
    RC_Receiver_Init                         0x0800219d   Thumb Code   148  rc_receiver.o(i.RC_Receiver_Init)
    RC_Receiver_Task                         0x08002245   Thumb Code   170  rc_receiver.o(i.RC_Receiver_Task)
    SPI2_IRQHandler                          0x08002305   Thumb Code    10  stm32f1xx_it.o(i.SPI2_IRQHandler)
    SVC_Handler                              0x080024d5   Thumb Code     2  stm32f1xx_it.o(i.SVC_Handler)
    Servo_WritePct                           0x080024d7   Thumb Code    52  servo.o(i.Servo_WritePct)
    Servo_WriteUS                            0x0800250b   Thumb Code    96  servo.o(i.Servo_WriteUS)
    SysTick_Handler                          0x0800256b   Thumb Code     8  stm32f1xx_it.o(i.SysTick_Handler)
    SystemClock_Config                       0x08002573   Thumb Code   102  main.o(i.SystemClock_Config)
    SystemInit                               0x080025d9   Thumb Code     2  system_stm32f1xx.o(i.SystemInit)
    TIM_Base_SetConfig                       0x080025dd   Thumb Code   120  stm32f1xx_hal_tim.o(i.TIM_Base_SetConfig)
    TIM_CCxChannelCmd                        0x08002661   Thumb Code    34  stm32f1xx_hal_tim.o(i.TIM_CCxChannelCmd)
    TIM_ETR_SetConfig                        0x08002683   Thumb Code    22  stm32f1xx_hal_tim.o(i.TIM_ETR_SetConfig)
    TIM_OC2_SetConfig                        0x0800270d   Thumb Code   100  stm32f1xx_hal_tim.o(i.TIM_OC2_SetConfig)
    UsageFault_Handler                       0x08002873   Thumb Code     4  stm32f1xx_it.o(i.UsageFault_Handler)
    car_control                              0x080028b1   Thumb Code   134  car.o(i.car_control)
    car_drive_percent                        0x08002941   Thumb Code   124  car.o(i.car_drive_percent)
    car_init                                 0x080029c5   Thumb Code    60  car.o(i.car_init)
    control_motor                            0x08002a39   Thumb Code   120  motor.o(i.control_motor)
    handle_pwm__set_duty                     0x08002aed   Thumb Code    64  pwm.o(i.handle_pwm__set_duty)
    main                                     0x08002b2d   Thumb Code    56  main.o(i.main)
    motor_init                               0x08002ba1   Thumb Code    50  motor.o(i.motor_init)
    nrf24_ce_high                            0x08002bd5   Thumb Code    14  nrf24_dma_driver.o(i.nrf24_ce_high)
    nrf24_ce_low                             0x08002be9   Thumb Code    16  nrf24_dma_driver.o(i.nrf24_ce_low)
    nrf24_driver_init                        0x08002bfd   Thumb Code    64  nrf24_dma_driver.o(i.nrf24_driver_init)
    nrf24_flush_rx                           0x08002c45   Thumb Code    34  nrf24_dma_driver.o(i.nrf24_flush_rx)
    nrf24_flush_tx                           0x08002c71   Thumb Code    34  nrf24_dma_driver.o(i.nrf24_flush_tx)
    nrf24_get_status                         0x08002c9d   Thumb Code    46  nrf24_dma_driver.o(i.nrf24_get_status)
    nrf24_read_rx_payload_dma                0x08002cd5   Thumb Code    74  nrf24_dma_driver.o(i.nrf24_read_rx_payload_dma)
    nrf24_set_rx_mode                        0x08002d29   Thumb Code    40  nrf24_dma_driver.o(i.nrf24_set_rx_mode)
    nrf24_spi_dma_busy                       0x08002d51   Thumb Code    14  nrf24_spi_dma.o(i.nrf24_spi_dma_busy)
    nrf24_spi_transfer_polling               0x08002d65   Thumb Code    76  nrf24_spi_dma.o(i.nrf24_spi_transfer_polling)
    nrf24_write_reg_byte                     0x08002db5   Thumb Code    16  nrf24_dma_driver.o(i.nrf24_write_reg_byte)
    nrf24_write_register                     0x08002dc5   Thumb Code    58  nrf24_dma_driver.o(i.nrf24_write_register)
    AHBPrescTable                            0x08002efa   Data          16  system_stm32f1xx.o(.constdata)
    APBPrescTable                            0x08002f0a   Data           8  system_stm32f1xx.o(.constdata)
    Region$$Table$$Base                      0x08002f18   Number         0  anon$$obj.o(Region$$Table)
    Region$$Table$$Limit                     0x08002f38   Number         0  anon$$obj.o(Region$$Table)
    nrf_irq_flag                             0x20000000   Data           1  main.o(.data)
    uwTick                                   0x20000004   Data           4  stm32f1xx_hal.o(.data)
    uwTickPrio                               0x20000008   Data           4  stm32f1xx_hal.o(.data)
    uwTickFreq                               0x2000000c   Data           1  stm32f1xx_hal.o(.data)
    SystemCoreClock                          0x20000010   Data           4  system_stm32f1xx.o(.data)
    hspi2                                    0x20000028   Data          88  main.o(.bss)
    hdma_spi2_rx                             0x20000080   Data          68  main.o(.bss)
    hdma_spi2_tx                             0x200000c4   Data          68  main.o(.bss)
    htim1                                    0x20000108   Data          72  main.o(.bss)
    rx_frame                                 0x20000150   Data          17  rc_receiver.o(.bss)
    __libspace_start                         0x200001d8   Data          96  libspace.o(.bss)
    __temporary_stack_top$libspace           0x20000238   Data           0  libspace.o(.bss)



==============================================================================

Memory Map of the image

  Image Entry point : 0x080000ed

  Load Region LR_IROM1 (Base: 0x08000000, Size: 0x00002f60, Max: 0x00010000, ABSOLUTE)

    Execution Region ER_IROM1 (Base: 0x08000000, Size: 0x00002f38, Max: 0x00010000, ABSOLUTE)

    Base Addr    Size         Type   Attr      Idx    E Section Name        Object

    0x08000000   0x000000ec   Data   RO            3    RESET               startup_stm32f103xb.o
    0x080000ec   0x00000008   Code   RO         3133  * !!!main             c_w.l(__main.o)
    0x080000f4   0x00000034   Code   RO         3291    !!!scatter          c_w.l(__scatter.o)
    0x08000128   0x0000001a   Code   RO         3293    !!handler_copy      c_w.l(__scatter_copy.o)
    0x08000142   0x00000002   PAD
    0x08000144   0x0000001c   Code   RO         3295    !!handler_zi        c_w.l(__scatter_zi.o)
    0x08000160   0x00000002   Code   RO         3162    .ARM.Collect$$libinit$$00000000  c_w.l(libinit.o)
    0x08000162   0x00000000   Code   RO         3169    .ARM.Collect$$libinit$$00000002  c_w.l(libinit2.o)
    0x08000162   0x00000000   Code   RO         3171    .ARM.Collect$$libinit$$00000004  c_w.l(libinit2.o)
    0x08000162   0x00000000   Code   RO         3174    .ARM.Collect$$libinit$$0000000A  c_w.l(libinit2.o)
    0x08000162   0x00000000   Code   RO         3176    .ARM.Collect$$libinit$$0000000C  c_w.l(libinit2.o)
    0x08000162   0x00000000   Code   RO         3178    .ARM.Collect$$libinit$$0000000E  c_w.l(libinit2.o)
    0x08000162   0x00000000   Code   RO         3181    .ARM.Collect$$libinit$$00000011  c_w.l(libinit2.o)
    0x08000162   0x00000000   Code   RO         3183    .ARM.Collect$$libinit$$00000013  c_w.l(libinit2.o)
    0x08000162   0x00000000   Code   RO         3185    .ARM.Collect$$libinit$$00000015  c_w.l(libinit2.o)
    0x08000162   0x00000000   Code   RO         3187    .ARM.Collect$$libinit$$00000017  c_w.l(libinit2.o)
    0x08000162   0x00000000   Code   RO         3189    .ARM.Collect$$libinit$$00000019  c_w.l(libinit2.o)
    0x08000162   0x00000000   Code   RO         3191    .ARM.Collect$$libinit$$0000001B  c_w.l(libinit2.o)
    0x08000162   0x00000000   Code   RO         3193    .ARM.Collect$$libinit$$0000001D  c_w.l(libinit2.o)
    0x08000162   0x00000000   Code   RO         3195    .ARM.Collect$$libinit$$0000001F  c_w.l(libinit2.o)
    0x08000162   0x00000000   Code   RO         3197    .ARM.Collect$$libinit$$00000021  c_w.l(libinit2.o)
    0x08000162   0x00000000   Code   RO         3199    .ARM.Collect$$libinit$$00000023  c_w.l(libinit2.o)
    0x08000162   0x00000000   Code   RO         3201    .ARM.Collect$$libinit$$00000025  c_w.l(libinit2.o)
    0x08000162   0x00000000   Code   RO         3205    .ARM.Collect$$libinit$$0000002C  c_w.l(libinit2.o)
    0x08000162   0x00000000   Code   RO         3207    .ARM.Collect$$libinit$$0000002E  c_w.l(libinit2.o)
    0x08000162   0x00000000   Code   RO         3209    .ARM.Collect$$libinit$$00000030  c_w.l(libinit2.o)
    0x08000162   0x00000000   Code   RO         3211    .ARM.Collect$$libinit$$00000032  c_w.l(libinit2.o)
    0x08000162   0x00000002   Code   RO         3212    .ARM.Collect$$libinit$$00000033  c_w.l(libinit2.o)
    0x08000164   0x00000002   Code   RO         3232    .ARM.Collect$$libshutdown$$00000000  c_w.l(libshutdown.o)
    0x08000166   0x00000000   Code   RO         3246    .ARM.Collect$$libshutdown$$00000003  c_w.l(libshutdown2.o)
    0x08000166   0x00000000   Code   RO         3249    .ARM.Collect$$libshutdown$$00000006  c_w.l(libshutdown2.o)
    0x08000166   0x00000000   Code   RO         3252    .ARM.Collect$$libshutdown$$00000009  c_w.l(libshutdown2.o)
    0x08000166   0x00000000   Code   RO         3254    .ARM.Collect$$libshutdown$$0000000B  c_w.l(libshutdown2.o)
    0x08000166   0x00000000   Code   RO         3257    .ARM.Collect$$libshutdown$$0000000E  c_w.l(libshutdown2.o)
    0x08000166   0x00000002   Code   RO         3258    .ARM.Collect$$libshutdown$$0000000F  c_w.l(libshutdown2.o)
    0x08000168   0x00000000   Code   RO         3135    .ARM.Collect$$rtentry$$00000000  c_w.l(__rtentry.o)
    0x08000168   0x00000000   Code   RO         3139    .ARM.Collect$$rtentry$$00000002  c_w.l(__rtentry2.o)
    0x08000168   0x00000006   Code   RO         3151    .ARM.Collect$$rtentry$$00000004  c_w.l(__rtentry4.o)
    0x0800016e   0x00000000   Code   RO         3141    .ARM.Collect$$rtentry$$00000009  c_w.l(__rtentry2.o)
    0x0800016e   0x00000004   Code   RO         3142    .ARM.Collect$$rtentry$$0000000A  c_w.l(__rtentry2.o)
    0x08000172   0x00000000   Code   RO         3144    .ARM.Collect$$rtentry$$0000000C  c_w.l(__rtentry2.o)
    0x08000172   0x00000008   Code   RO         3145    .ARM.Collect$$rtentry$$0000000D  c_w.l(__rtentry2.o)
    0x0800017a   0x00000002   Code   RO         3166    .ARM.Collect$$rtexit$$00000000  c_w.l(rtexit.o)
    0x0800017c   0x00000000   Code   RO         3214    .ARM.Collect$$rtexit$$00000002  c_w.l(rtexit2.o)
    0x0800017c   0x00000004   Code   RO         3215    .ARM.Collect$$rtexit$$00000003  c_w.l(rtexit2.o)
    0x08000180   0x00000006   Code   RO         3216    .ARM.Collect$$rtexit$$00000004  c_w.l(rtexit2.o)
    0x08000186   0x00000002   PAD
    0x08000188   0x00000040   Code   RO            4    .text               startup_stm32f103xb.o
    0x080001c8   0x0000008a   Code   RO         3123    .text               c_w.l(rt_memcpy_v6.o)
    0x08000252   0x00000010   Code   RO         3125    .text               c_w.l(aeabi_memset.o)
    0x08000262   0x00000044   Code   RO         3127    .text               c_w.l(rt_memclr.o)
    0x080002a6   0x0000004e   Code   RO         3129    .text               c_w.l(rt_memclr_w.o)
    0x080002f4   0x00000006   Code   RO         3131    .text               c_w.l(heapauxi.o)
    0x080002fa   0x00000064   Code   RO         3136    .text               c_w.l(rt_memcpy_w.o)
    0x0800035e   0x0000004a   Code   RO         3153    .text               c_w.l(sys_stackheap_outer.o)
    0x080003a8   0x0000000c   Code   RO         3155    .text               c_w.l(exit.o)
    0x080003b4   0x00000008   Code   RO         3163    .text               c_w.l(libspace.o)
    0x080003bc   0x0000000c   Code   RO         3224    .text               c_w.l(sys_exit.o)
    0x080003c8   0x00000002   Code   RO         3235    .text               c_w.l(use_no_semi.o)
    0x080003ca   0x00000000   Code   RO         3237    .text               c_w.l(indicate_semi.o)
    0x080003ca   0x00000004   Code   RO          192    i.BusFault_Handler  stm32f1xx_it.o
    0x080003ce   0x00000002   PAD
    0x080003d0   0x00000010   Code   RO          193    i.DMA1_Channel4_IRQHandler  stm32f1xx_it.o
    0x080003e0   0x00000010   Code   RO          194    i.DMA1_Channel5_IRQHandler  stm32f1xx_it.o
    0x080003f0   0x00000002   Code   RO          195    i.DebugMon_Handler  stm32f1xx_it.o
    0x080003f2   0x0000000c   Code   RO          196    i.EXTI15_10_IRQHandler  stm32f1xx_it.o
    0x080003fe   0x00000006   Code   RO           13    i.Error_Handler     main.o
    0x08000404   0x00000056   Code   RO         1091    i.HAL_DMA_Abort     stm32f1xx_hal_dma.o
    0x0800045a   0x00000002   PAD
    0x0800045c   0x000000b0   Code   RO         1092    i.HAL_DMA_Abort_IT  stm32f1xx_hal_dma.o
    0x0800050c   0x0000019c   Code   RO         1096    i.HAL_DMA_IRQHandler  stm32f1xx_hal_dma.o
    0x080006a8   0x00000068   Code   RO         1097    i.HAL_DMA_Init      stm32f1xx_hal_dma.o
    0x08000710   0x00000028   Code   RO          712    i.HAL_Delay         stm32f1xx_hal.o
    0x08000738   0x00000014   Code   RO           14    i.HAL_GPIO_EXTI_Callback  main.o
    0x0800074c   0x0000001c   Code   RO         1026    i.HAL_GPIO_EXTI_IRQHandler  stm32f1xx_hal_gpio.o
    0x08000768   0x00000320   Code   RO         1027    i.HAL_GPIO_Init     stm32f1xx_hal_gpio.o
    0x08000a88   0x0000000c   Code   RO         1031    i.HAL_GPIO_WritePin  stm32f1xx_hal_gpio.o
    0x08000a94   0x0000000c   Code   RO          716    i.HAL_GetTick       stm32f1xx_hal.o
    0x08000aa0   0x00000018   Code   RO          722    i.HAL_IncTick       stm32f1xx_hal.o
    0x08000ab8   0x00000028   Code   RO          723    i.HAL_Init          stm32f1xx_hal.o
    0x08000ae0   0x0000004c   Code   RO          724    i.HAL_InitTick      stm32f1xx_hal.o
    0x08000b2c   0x00000054   Code   RO          292    i.HAL_MspInit       stm32f1xx_hal_msp.o
    0x08000b80   0x00000020   Code   RO         1187    i.HAL_NVIC_EnableIRQ  stm32f1xx_hal_cortex.o
    0x08000ba0   0x0000007c   Code   RO         1193    i.HAL_NVIC_SetPriority  stm32f1xx_hal_cortex.o
    0x08000c1c   0x00000028   Code   RO         1194    i.HAL_NVIC_SetPriorityGrouping  stm32f1xx_hal_cortex.o
    0x08000c44   0x0000018c   Code   RO          880    i.HAL_RCC_ClockConfig  stm32f1xx_hal_rcc.o
    0x08000dd0   0x00000070   Code   RO          889    i.HAL_RCC_GetSysClockFreq  stm32f1xx_hal_rcc.o
    0x08000e40   0x00000464   Code   RO          892    i.HAL_RCC_OscConfig  stm32f1xx_hal_rcc.o
    0x080012a4   0x0000015c   Code   RO          383    i.HAL_SPI_Abort     stm32f1xx_hal_spi.o
    0x08001400   0x00000002   Code   RO          390    i.HAL_SPI_ErrorCallback  stm32f1xx_hal_spi.o
    0x08001402   0x00000002   PAD
    0x08001404   0x00000134   Code   RO          393    i.HAL_SPI_IRQHandler  stm32f1xx_hal_spi.o
    0x08001538   0x000000be   Code   RO          394    i.HAL_SPI_Init      stm32f1xx_hal_spi.o
    0x080015f6   0x00000002   PAD
    0x080015f8   0x00000110   Code   RO          294    i.HAL_SPI_MspInit   stm32f1xx_hal_msp.o
    0x08001708   0x00000248   Code   RO          403    i.HAL_SPI_TransmitReceive  stm32f1xx_hal_spi.o
    0x08001950   0x00000034   Code   RO         1198    i.HAL_SYSTICK_Config  stm32f1xx_hal_cortex.o
    0x08001984   0x00000074   Code   RO         2433    i.HAL_TIMEx_ConfigBreakDeadTime  stm32f1xx_hal_tim_ex.o
    0x080019f8   0x00000084   Code   RO         2449    i.HAL_TIMEx_MasterConfigSynchronization  stm32f1xx_hal_tim_ex.o
    0x08001a7c   0x00000066   Code   RO         1715    i.HAL_TIM_Base_Init  stm32f1xx_hal_tim.o
    0x08001ae2   0x00000002   PAD
    0x08001ae4   0x00000030   Code   RO          296    i.HAL_TIM_Base_MspInit  stm32f1xx_hal_msp.o
    0x08001b14   0x0000010c   Code   RO         1724    i.HAL_TIM_ConfigClockSource  stm32f1xx_hal_tim.o
    0x08001c20   0x00000058   Code   RO          297    i.HAL_TIM_MspPostInit  stm32f1xx_hal_msp.o
    0x08001c78   0x00000104   Code   RO         1787    i.HAL_TIM_PWM_ConfigChannel  stm32f1xx_hal_tim.o
    0x08001d7c   0x00000066   Code   RO         1790    i.HAL_TIM_PWM_Init  stm32f1xx_hal_tim.o
    0x08001de2   0x00000002   Code   RO         1792    i.HAL_TIM_PWM_MspInit  stm32f1xx_hal_tim.o
    0x08001de4   0x000000d4   Code   RO         1795    i.HAL_TIM_PWM_Start  stm32f1xx_hal_tim.o
    0x08001eb8   0x00000004   Code   RO          197    i.HardFault_Handler  stm32f1xx_it.o
    0x08001ebc   0x00000044   Code   RO           15    i.MX_DMA_Init       main.o
    0x08001f00   0x000000e4   Code   RO           16    i.MX_GPIO_Init      main.o
    0x08001fe4   0x00000054   Code   RO           17    i.MX_SPI2_Init      main.o
    0x08002038   0x000000e8   Code   RO           18    i.MX_TIM1_Init      main.o
    0x08002120   0x00000004   Code   RO          198    i.MemManage_Handler  stm32f1xx_it.o
    0x08002124   0x00000004   Code   RO          199    i.NMI_Handler       stm32f1xx_it.o
    0x08002128   0x00000020   Code   RO         3065    i.NRF24_SPI_DMA_Abort  nrf24_spi_dma.o
    0x08002148   0x00000028   Code   RO         3066    i.NRF24_SPI_DMA_Init  nrf24_spi_dma.o
    0x08002170   0x00000002   Code   RO          200    i.PendSV_Handler    stm32f1xx_it.o
    0x08002172   0x00000002   PAD
    0x08002174   0x00000028   Code   RO          893    i.RCC_Delay         stm32f1xx_hal_rcc.o
    0x0800219c   0x000000a8   Code   RO         2734    i.RC_Receiver_Init  rc_receiver.o
    0x08002244   0x000000c0   Code   RO         2735    i.RC_Receiver_Task  rc_receiver.o
    0x08002304   0x00000010   Code   RO          201    i.SPI2_IRQHandler   stm32f1xx_it.o
    0x08002314   0x00000070   Code   RO          416    i.SPI_AbortRx_ISR   stm32f1xx_hal_spi.o
    0x08002384   0x00000020   Code   RO          417    i.SPI_AbortTx_ISR   stm32f1xx_hal_spi.o
    0x080023a4   0x00000014   Code   RO          421    i.SPI_DMAAbortOnError  stm32f1xx_hal_spi.o
    0x080023b8   0x00000044   Code   RO          432    i.SPI_EndRxTxTransaction  stm32f1xx_hal_spi.o
    0x080023fc   0x000000d8   Code   RO          437    i.SPI_WaitFlagStateUntilTimeout  stm32f1xx_hal_spi.o
    0x080024d4   0x00000002   Code   RO          202    i.SVC_Handler       stm32f1xx_it.o
    0x080024d6   0x00000034   Code   RO         2800    i.Servo_WritePct    servo.o
    0x0800250a   0x00000060   Code   RO         2801    i.Servo_WriteUS     servo.o
    0x0800256a   0x00000008   Code   RO          203    i.SysTick_Handler   stm32f1xx_it.o
    0x08002572   0x00000066   Code   RO           19    i.SystemClock_Config  main.o
    0x080025d8   0x00000002   Code   RO         2698    i.SystemInit        system_stm32f1xx.o
    0x080025da   0x00000002   PAD
    0x080025dc   0x00000084   Code   RO         1808    i.TIM_Base_SetConfig  stm32f1xx_hal_tim.o
    0x08002660   0x00000022   Code   RO         1809    i.TIM_CCxChannelCmd  stm32f1xx_hal_tim.o
    0x08002682   0x00000016   Code   RO         1819    i.TIM_ETR_SetConfig  stm32f1xx_hal_tim.o
    0x08002698   0x00000012   Code   RO         1820    i.TIM_ITRx_SetConfig  stm32f1xx_hal_tim.o
    0x080026aa   0x00000002   PAD
    0x080026ac   0x00000060   Code   RO         1821    i.TIM_OC1_SetConfig  stm32f1xx_hal_tim.o
    0x0800270c   0x00000068   Code   RO         1822    i.TIM_OC2_SetConfig  stm32f1xx_hal_tim.o
    0x08002774   0x00000068   Code   RO         1823    i.TIM_OC3_SetConfig  stm32f1xx_hal_tim.o
    0x080027dc   0x00000048   Code   RO         1824    i.TIM_OC4_SetConfig  stm32f1xx_hal_tim.o
    0x08002824   0x00000026   Code   RO         1826    i.TIM_TI1_ConfigInputStage  stm32f1xx_hal_tim.o
    0x0800284a   0x00000028   Code   RO         1828    i.TIM_TI2_ConfigInputStage  stm32f1xx_hal_tim.o
    0x08002872   0x00000004   Code   RO          204    i.UsageFault_Handler  stm32f1xx_it.o
    0x08002876   0x00000002   PAD
    0x08002878   0x00000010   Code   RO         1200    i.__NVIC_GetPriorityGrouping  stm32f1xx_hal_cortex.o
    0x08002888   0x00000028   Code   RO         1201    i.__NVIC_SetPriority  stm32f1xx_hal_cortex.o
    0x080028b0   0x00000090   Code   RO         2838    i.car_control       car.o
    0x08002940   0x00000084   Code   RO         2839    i.car_drive_percent  car.o
    0x080029c4   0x00000048   Code   RO         2840    i.car_init          car.o
    0x08002a0c   0x0000001a   Code   RO         2736    i.clamp100          rc_receiver.o
    0x08002a26   0x00000012   Code   RO         2841    i.clamp_u8          car.o
    0x08002a38   0x00000078   Code   RO         2890    i.control_motor     motor.o
    0x08002ab0   0x00000014   Code   RO         2944    i.csn_high          nrf24_dma_driver.o
    0x08002ac4   0x00000014   Code   RO         2945    i.csn_low           nrf24_dma_driver.o
    0x08002ad8   0x00000014   Code   RO         2737    i.deadzone          rc_receiver.o
    0x08002aec   0x00000040   Code   RO         2920    i.handle_pwm__set_duty  pwm.o
    0x08002b2c   0x00000040   Code   RO           20    i.main              main.o
    0x08002b6c   0x00000034   Code   RO         2738    i.map_axis_signed   rc_receiver.o
    0x08002ba0   0x00000032   Code   RO         2891    i.motor_init        motor.o
    0x08002bd2   0x00000002   PAD
    0x08002bd4   0x00000014   Code   RO         2946    i.nrf24_ce_high     nrf24_dma_driver.o
    0x08002be8   0x00000014   Code   RO         2947    i.nrf24_ce_low      nrf24_dma_driver.o
    0x08002bfc   0x00000048   Code   RO         2948    i.nrf24_driver_init  nrf24_dma_driver.o
    0x08002c44   0x0000002c   Code   RO         2949    i.nrf24_flush_rx    nrf24_dma_driver.o
    0x08002c70   0x0000002c   Code   RO         2950    i.nrf24_flush_tx    nrf24_dma_driver.o
    0x08002c9c   0x00000038   Code   RO         2951    i.nrf24_get_status  nrf24_dma_driver.o
    0x08002cd4   0x00000054   Code   RO         2954    i.nrf24_read_rx_payload_dma  nrf24_dma_driver.o
    0x08002d28   0x00000028   Code   RO         2956    i.nrf24_set_rx_mode  nrf24_dma_driver.o
    0x08002d50   0x00000014   Code   RO         3067    i.nrf24_spi_dma_busy  nrf24_spi_dma.o
    0x08002d64   0x00000050   Code   RO         3070    i.nrf24_spi_transfer_polling  nrf24_spi_dma.o
    0x08002db4   0x00000010   Code   RO         2957    i.nrf24_write_reg_byte  nrf24_dma_driver.o
    0x08002dc4   0x00000044   Code   RO         2958    i.nrf24_write_register  nrf24_dma_driver.o
    0x08002e08   0x000000e0   Code   RO         2739    i.rc_handle_frame   rc_receiver.o
    0x08002ee8   0x00000012   Data   RO          894    .constdata          stm32f1xx_hal_rcc.o
    0x08002efa   0x00000018   Data   RO         2699    .constdata          system_stm32f1xx.o
    0x08002f12   0x00000005   Data   RO         2741    .constdata          rc_receiver.o
    0x08002f17   0x00000001   PAD
    0x08002f18   0x00000020   Data   RO         3289    Region$$Table       anon$$obj.o


    Execution Region RW_IRAM1 (Base: 0x20000000, Size: 0x00000838, Max: 0x00005000, ABSOLUTE)

    Base Addr    Size         Type   Attr      Idx    E Section Name        Object

    0x20000000   0x00000001   Data   RW           22    .data               main.o
    0x20000001   0x00000003   PAD
    0x20000004   0x00000009   Data   RW          730    .data               stm32f1xx_hal.o
    0x2000000d   0x00000003   PAD
    0x20000010   0x00000004   Data   RW         2700    .data               system_stm32f1xx.o
    0x20000014   0x0000000c   Data   RW         2742    .data               rc_receiver.o
    0x20000020   0x00000005   Data   RW         3072    .data               nrf24_spi_dma.o
    0x20000025   0x00000003   PAD
    0x20000028   0x00000128   Zero   RW           21    .bss                main.o
    0x20000150   0x00000011   Zero   RW         2740    .bss                rc_receiver.o
    0x20000161   0x00000003   PAD
    0x20000164   0x00000030   Zero   RW         2842    .bss                car.o
    0x20000194   0x00000044   Zero   RW         2959    .bss                nrf24_dma_driver.o
    0x200001d8   0x00000060   Zero   RW         3164    .bss                c_w.l(libspace.o)
    0x20000238   0x00000200   Zero   RW            2    HEAP                startup_stm32f103xb.o
    0x20000438   0x00000400   Zero   RW            1    STACK               startup_stm32f103xb.o


==============================================================================

Image component sizes


      Code (inc. data)   RO Data    RW Data    ZI Data      Debug   Object Name

       366         36          0          0         48       3297   car.o
       804         52          0          1        296     428462   main.o
       170          0          0          0          0       1557   motor.o
       504         78          0          0         68       7038   nrf24_dma_driver.o
       172         28          0          5          0       2725   nrf24_spi_dma.o
        64          0          0          0          0        835   pwm.o
       682         56          5         12         17       5112   rc_receiver.o
       148          0          0          0          0       2053   servo.o
        64         26        236          0       1536        784   startup_stm32f103xb.o
       192         36          0          9          0       5657   stm32f1xx_hal.o
       304         22          0          0          0      29171   stm32f1xx_hal_cortex.o
       778         12          0          0          0       3143   stm32f1xx_hal_dma.o
       840         38          0          0          0       3143   stm32f1xx_hal_gpio.o
       492         54          0          0          0       2845   stm32f1xx_hal_msp.o
      1672         72         18          0          0       4172   stm32f1xx_hal_rcc.o
      1880         30          0          0          0       8094   stm32f1xx_hal_spi.o
      1606         46          0          0          0      11310   stm32f1xx_hal_tim.o
       248         14          0          0          0       2008   stm32f1xx_hal_tim_ex.o
        94         18          0          0          0       5465   stm32f1xx_it.o
         2          0         24          4          0       1035   system_stm32f1xx.o

    ----------------------------------------------------------------------
     11102        618        316         40       1968     527906   Object Totals
         0          0         32          0          0          0   (incl. Generated)
        20          0          1          9          3          0   (incl. Padding)

    ----------------------------------------------------------------------

      Code (inc. data)   RO Data    RW Data    ZI Data      Debug   Library Member Name

         8          0          0          0          0         68   __main.o
         0          0          0          0          0          0   __rtentry.o
        12          0          0          0          0          0   __rtentry2.o
         6          0          0          0          0          0   __rtentry4.o
        52          8          0          0          0          0   __scatter.o
        26          0          0          0          0          0   __scatter_copy.o
        28          0          0          0          0          0   __scatter_zi.o
        16          0          0          0          0         68   aeabi_memset.o
        12          0          0          0          0         72   exit.o
         6          0          0          0          0        152   heapauxi.o
         0          0          0          0          0          0   indicate_semi.o
         2          0          0          0          0          0   libinit.o
         2          0          0          0          0          0   libinit2.o
         2          0          0          0          0          0   libshutdown.o
         2          0          0          0          0          0   libshutdown2.o
         8          4          0          0         96         68   libspace.o
        68          0          0          0          0         68   rt_memclr.o
        78          0          0          0          0         80   rt_memclr_w.o
       138          0          0          0          0         68   rt_memcpy_v6.o
       100          0          0          0          0         80   rt_memcpy_w.o
         2          0          0          0          0          0   rtexit.o
        10          0          0          0          0          0   rtexit2.o
        12          4          0          0          0         68   sys_exit.o
        74          0          0          0          0         80   sys_stackheap_outer.o
         2          0          0          0          0         68   use_no_semi.o

    ----------------------------------------------------------------------
       670         16          0          0         96        940   Library Totals
         4          0          0          0          0          0   (incl. Padding)

    ----------------------------------------------------------------------

      Code (inc. data)   RO Data    RW Data    ZI Data      Debug   Library Name

       666         16          0          0         96        940   c_w.l

    ----------------------------------------------------------------------
       670         16          0          0         96        940   Library Totals

    ----------------------------------------------------------------------

==============================================================================


      Code (inc. data)   RO Data    RW Data    ZI Data      Debug   

     11772        634        316         40       2064     523122   Grand Totals
     11772        634        316         40       2064     523122   ELF Image Totals
     11772        634        316         40          0          0   ROM Totals

==============================================================================

    Total RO  Size (Code + RO Data)                12088 (  11.80kB)
    Total RW  Size (RW Data + ZI Data)              2104 (   2.05kB)
    Total ROM Size (Code + RO Data + RW Data)      12128 (  11.84kB)

==============================================================================

